Archive member included to satisfy reference by file (symbol)

c:/st/stm32cubeide_1.3.0/stm32cubeide/plugins/com.st.stm32cube.ide.mcu.externaltools.gnu-tools-for-stm32.7-2018-q2-update.win32_1.4.0.202007081208/tools/bin/../lib/gcc/arm-none-eabi/7.3.1/../../../../arm-none-eabi/lib/thumb/v7e-m/fpv4-sp/hard\libc_nano.a(lib_a-errno.o)
                              Core/Src/syscalls.o (__errno)
c:/st/stm32cubeide_1.3.0/stm32cubeide/plugins/com.st.stm32cube.ide.mcu.externaltools.gnu-tools-for-stm32.7-2018-q2-update.win32_1.4.0.202007081208/tools/bin/../lib/gcc/arm-none-eabi/7.3.1/../../../../arm-none-eabi/lib/thumb/v7e-m/fpv4-sp/hard\libc_nano.a(lib_a-exit.o)
                              c:/st/stm32cubeide_1.3.0/stm32cubeide/plugins/com.st.stm32cube.ide.mcu.externaltools.gnu-tools-for-stm32.7-2018-q2-update.win32_1.4.0.202007081208/tools/bin/../lib/gcc/arm-none-eabi/7.3.1/../../../../arm-none-eabi/lib/thumb/v7e-m/fpv4-sp/hard/crt0.o (exit)
c:/st/stm32cubeide_1.3.0/stm32cubeide/plugins/com.st.stm32cube.ide.mcu.externaltools.gnu-tools-for-stm32.7-2018-q2-update.win32_1.4.0.202007081208/tools/bin/../lib/gcc/arm-none-eabi/7.3.1/../../../../arm-none-eabi/lib/thumb/v7e-m/fpv4-sp/hard\libc_nano.a(lib_a-impure.o)
                              c:/st/stm32cubeide_1.3.0/stm32cubeide/plugins/com.st.stm32cube.ide.mcu.externaltools.gnu-tools-for-stm32.7-2018-q2-update.win32_1.4.0.202007081208/tools/bin/../lib/gcc/arm-none-eabi/7.3.1/../../../../arm-none-eabi/lib/thumb/v7e-m/fpv4-sp/hard\libc_nano.a(lib_a-exit.o) (_global_impure_ptr)
c:/st/stm32cubeide_1.3.0/stm32cubeide/plugins/com.st.stm32cube.ide.mcu.externaltools.gnu-tools-for-stm32.7-2018-q2-update.win32_1.4.0.202007081208/tools/bin/../lib/gcc/arm-none-eabi/7.3.1/../../../../arm-none-eabi/lib/thumb/v7e-m/fpv4-sp/hard\libc_nano.a(lib_a-init.o)
                              c:/st/stm32cubeide_1.3.0/stm32cubeide/plugins/com.st.stm32cube.ide.mcu.externaltools.gnu-tools-for-stm32.7-2018-q2-update.win32_1.4.0.202007081208/tools/bin/../lib/gcc/arm-none-eabi/7.3.1/../../../../arm-none-eabi/lib/thumb/v7e-m/fpv4-sp/hard/crt0.o (__libc_init_array)
c:/st/stm32cubeide_1.3.0/stm32cubeide/plugins/com.st.stm32cube.ide.mcu.externaltools.gnu-tools-for-stm32.7-2018-q2-update.win32_1.4.0.202007081208/tools/bin/../lib/gcc/arm-none-eabi/7.3.1/../../../../arm-none-eabi/lib/thumb/v7e-m/fpv4-sp/hard\libc_nano.a(lib_a-memset.o)
                              c:/st/stm32cubeide_1.3.0/stm32cubeide/plugins/com.st.stm32cube.ide.mcu.externaltools.gnu-tools-for-stm32.7-2018-q2-update.win32_1.4.0.202007081208/tools/bin/../lib/gcc/arm-none-eabi/7.3.1/../../../../arm-none-eabi/lib/thumb/v7e-m/fpv4-sp/hard/crt0.o (memset)
c:/st/stm32cubeide_1.3.0/stm32cubeide/plugins/com.st.stm32cube.ide.mcu.externaltools.gnu-tools-for-stm32.7-2018-q2-update.win32_1.4.0.202007081208/tools/bin/../lib/gcc/arm-none-eabi/7.3.1/../../../../arm-none-eabi/lib/thumb/v7e-m/fpv4-sp/hard\libm.a(lib_a-wf_asin.o)
                              Core/Libs/Quaternion.o (asinf)
c:/st/stm32cubeide_1.3.0/stm32cubeide/plugins/com.st.stm32cube.ide.mcu.externaltools.gnu-tools-for-stm32.7-2018-q2-update.win32_1.4.0.202007081208/tools/bin/../lib/gcc/arm-none-eabi/7.3.1/../../../../arm-none-eabi/lib/thumb/v7e-m/fpv4-sp/hard\libm.a(lib_a-wf_atan2.o)
                              Core/Libs/Quaternion.o (atan2f)
c:/st/stm32cubeide_1.3.0/stm32cubeide/plugins/com.st.stm32cube.ide.mcu.externaltools.gnu-tools-for-stm32.7-2018-q2-update.win32_1.4.0.202007081208/tools/bin/../lib/gcc/arm-none-eabi/7.3.1/../../../../arm-none-eabi/lib/thumb/v7e-m/fpv4-sp/hard\libm.a(lib_a-wf_pow.o)
                              Core/Libs/bno080.o (powf)
c:/st/stm32cubeide_1.3.0/stm32cubeide/plugins/com.st.stm32cube.ide.mcu.externaltools.gnu-tools-for-stm32.7-2018-q2-update.win32_1.4.0.202007081208/tools/bin/../lib/gcc/arm-none-eabi/7.3.1/../../../../arm-none-eabi/lib/thumb/v7e-m/fpv4-sp/hard\libm.a(lib_a-ef_asin.o)
                              c:/st/stm32cubeide_1.3.0/stm32cubeide/plugins/com.st.stm32cube.ide.mcu.externaltools.gnu-tools-for-stm32.7-2018-q2-update.win32_1.4.0.202007081208/tools/bin/../lib/gcc/arm-none-eabi/7.3.1/../../../../arm-none-eabi/lib/thumb/v7e-m/fpv4-sp/hard\libm.a(lib_a-wf_asin.o) (__ieee754_asinf)
c:/st/stm32cubeide_1.3.0/stm32cubeide/plugins/com.st.stm32cube.ide.mcu.externaltools.gnu-tools-for-stm32.7-2018-q2-update.win32_1.4.0.202007081208/tools/bin/../lib/gcc/arm-none-eabi/7.3.1/../../../../arm-none-eabi/lib/thumb/v7e-m/fpv4-sp/hard\libm.a(lib_a-ef_atan2.o)
                              c:/st/stm32cubeide_1.3.0/stm32cubeide/plugins/com.st.stm32cube.ide.mcu.externaltools.gnu-tools-for-stm32.7-2018-q2-update.win32_1.4.0.202007081208/tools/bin/../lib/gcc/arm-none-eabi/7.3.1/../../../../arm-none-eabi/lib/thumb/v7e-m/fpv4-sp/hard\libm.a(lib_a-wf_atan2.o) (__ieee754_atan2f)
[...]
Memory Configuration

Name             Origin             Length             Attributes
CCMRAM           0x0000000010000000 0x0000000000010000 xrw
RAM              0x0000000020000000 0x0000000000020000 xrw
FLASH            0x0000000008000000 0x0000000000100000 xr
*default*        0x0000000000000000 0xffffffffffffffff

Linker script and memory map

LOAD c:/st/stm32cubeide_1.3.0/stm32cubeide/plugins/com.st.stm32cube.ide.mcu.externaltools.gnu-tools-for-stm32.7-2018-q2-update.win32_1.4.0.202007081208/tools/bin/../lib/gcc/arm-none-eabi/7.3.1/thumb/v7e-m/fpv4-sp/hard/crti.o
LOAD c:/st/stm32cubeide_1.3.0/stm32cubeide/plugins/com.st.stm32cube.ide.mcu.externaltools.gnu-tools-for-stm32.7-2018-q2-update.win32_1.4.0.202007081208/tools/bin/../lib/gcc/arm-none-eabi/7.3.1/thumb/v7e-m/fpv4-sp/hard/crtbegin.o
LOAD c:/st/stm32cubeide_1.3.0/stm32cubeide/plugins/com.st.stm32cube.ide.mcu.externaltools.gnu-tools-for-stm32.7-2018-q2-update.win32_1.4.0.202007081208/tools/bin/../lib/gcc/arm-none-eabi/7.3.1/../../../../arm-none-eabi/lib/thumb/v7e-m/fpv4-sp/hard/crt0.o
LOAD Core/Libs/Quaternion.o
LOAD Core/Libs/TR_One_HAL.o
LOAD Core/Libs/bno080.o
LOAD Core/Libs/ubx_gnss.o
LOAD Core/Src/dma.o
LOAD Core/Src/gpio.o
LOAD Core/Src/i2c.o
LOAD Core/Src/main.o
LOAD Core/Src/spi.o
LOAD Core/Src/stm32f4xx_hal_msp.o
LOAD Core/Src/stm32f4xx_it.o
LOAD Core/Src/syscalls.o
LOAD Core/Src/sysmem.o
LOAD Core/Src/system_stm32f4xx.o
LOAD Core/Src/tim.o
LOAD Core/Src/usart.o
LOAD Core/Startup/startup_stm32f405rgtx.o
LOAD Drivers/STM32F4xx_HAL_Driver/Src/stm32f4xx_hal.o
LOAD Drivers/STM32F4xx_HAL_Driver/Src/stm32f4xx_hal_cortex.o
LOAD Drivers/STM32F4xx_HAL_Driver/Src/stm32f4xx_hal_dma.o
LOAD Drivers/STM32F4xx_HAL_Driver/Src/stm32f4xx_hal_dma_ex.o
LOAD Drivers/STM32F4xx_HAL_Driver/Src/stm32f4xx_hal_exti.o
LOAD Drivers/STM32F4xx_HAL_Driver/Src/stm32f4xx_hal_flash.o
LOAD Drivers/STM32F4xx_HAL_Driver/Src/stm32f4xx_hal_flash_ex.o
LOAD Drivers/STM32F4xx_HAL_Driver/Src/stm32f4xx_hal_flash_ramfunc.o
LOAD Drivers/STM32F4xx_HAL_Driver/Src/stm32f4xx_hal_gpio.o
LOAD Drivers/STM32F4xx_HAL_Driver/Src/stm32f4xx_hal_i2c.o
LOAD Drivers/STM32F4xx_HAL_Driver/Src/stm32f4xx_hal_i2c_ex.o
LOAD Drivers/STM32F4xx_HAL_Driver/Src/stm32f4xx_hal_pwr.o
LOAD Drivers/STM32F4xx_HAL_Driver/Src/stm32f4xx_hal_pwr_ex.o
LOAD Drivers/STM32F4xx_HAL_Driver/Src/stm32f4xx_hal_rcc.o
LOAD Drivers/STM32F4xx_HAL_Driver/Src/stm32f4xx_hal_rcc_ex.o
LOAD Drivers/STM32F4xx_HAL_Driver/Src/stm32f4xx_hal_spi.o
LOAD Drivers/STM32F4xx_HAL_Driver/Src/stm32f4xx_hal_tim.o
LOAD Drivers/STM32F4xx_HAL_Driver/Src/stm32f4xx_hal_tim_ex.o
LOAD Drivers/STM32F4xx_HAL_Driver/Src/stm32f4xx_hal_uart.o
LOAD Drivers/STM32F4xx_HAL_Driver/Src/stm32f4xx_ll_dma.o
LOAD Drivers/STM32F4xx_HAL_Driver/Src/stm32f4xx_ll_exti.o
LOAD Drivers/STM32F4xx_HAL_Driver/Src/stm32f4xx_ll_gpio.o
LOAD Drivers/STM32F4xx_HAL_Driver/Src/stm32f4xx_ll_rcc.o
LOAD Drivers/STM32F4xx_HAL_Driver/Src/stm32f4xx_ll_spi.o
LOAD Drivers/STM32F4xx_HAL_Driver/Src/stm32f4xx_ll_utils.o
START GROUP
LOAD c:/st/stm32cubeide_1.3.0/stm32cubeide/plugins/com.st.stm32cube.ide.mcu.externaltools.gnu-tools-for-stm32.7-2018-q2-update.win32_1.4.0.202007081208/tools/bin/../lib/gcc/arm-none-eabi/7.3.1/../../../../arm-none-eabi/lib/thumb/v7e-m/fpv4-sp/hard\libc_nano.a
LOAD c:/st/stm32cubeide_1.3.0/stm32cubeide/plugins/com.st.stm32cube.ide.mcu.externaltools.gnu-tools-for-stm32.7-2018-q2-update.win32_1.4.0.202007081208/tools/bin/../lib/gcc/arm-none-eabi/7.3.1/../../../../arm-none-eabi/lib/thumb/v7e-m/fpv4-sp/hard\libm.a
END GROUP
START GROUP
LOAD c:/st/stm32cubeide_1.3.0/stm32cubeide/plugins/com.st.stm32cube.ide.mcu.externaltools.gnu-tools-for-stm32.7-2018-q2-update.win32_1.4.0.202007081208/tools/bin/../lib/gcc/arm-none-eabi/7.3.1/thumb/v7e-m/fpv4-sp/hard\libgcc.a
LOAD c:/st/stm32cubeide_1.3.0/stm32cubeide/plugins/com.st.stm32cube.ide.mcu.externaltools.gnu-tools-for-stm32.7-2018-q2-update.win32_1.4.0.202007081208/tools/bin/../lib/gcc/arm-none-eabi/7.3.1/../../../../arm-none-eabi/lib/thumb/v7e-m/fpv4-sp/hard\libc_nano.a
END GROUP
START GROUP
LOAD c:/st/stm32cubeide_1.3.0/stm32cubeide/plugins/com.st.stm32cube.ide.mcu.externaltools.gnu-tools-for-stm32.7-2018-q2-update.win32_1.4.0.202007081208/tools/bin/../lib/gcc/arm-none-eabi/7.3.1/thumb/v7e-m/fpv4-sp/hard\libgcc.a
LOAD c:/st/stm32cubeide_1.3.0/stm32cubeide/plugins/com.st.stm32cube.ide.mcu.externaltools.gnu-tools-for-stm32.7-2018-q2-update.win32_1.4.0.202007081208/tools/bin/../lib/gcc/arm-none-eabi/7.3.1/../../../../arm-none-eabi/lib/thumb/v7e-m/fpv4-sp/hard\libc_nano.a
LOAD c:/st/stm32cubeide_1.3.0/stm32cubeide/plugins/com.st.stm32cube.ide.mcu.externaltools.gnu-tools-for-stm32.7-2018-q2-update.win32_1.4.0.202007081208/tools/bin/../lib/gcc/arm-none-eabi/7.3.1/../../../../arm-none-eabi/lib/thumb/v7e-m/fpv4-sp/hard\libnosys.a
END GROUP
START GROUP
LOAD c:/st/stm32cubeide_1.3.0/stm32cubeide/plugins/com.st.stm32cube.ide.mcu.externaltools.gnu-tools-for-stm32.7-2018-q2-update.win32_1.4.0.202007081208/tools/bin/../lib/gcc/arm-none-eabi/7.3.1/thumb/v7e-m/fpv4-sp/hard\libgcc.a
LOAD c:/st/stm32cubeide_1.3.0/stm32cubeide/plugins/com.st.stm32cube.ide.mcu.externaltools.gnu-tools-for-stm32.7-2018-q2-update.win32_1.4.0.202007081208/tools/bin/../lib/gcc/arm-none-eabi/7.3.1/../../../../arm-none-eabi/lib/thumb/v7e-m/fpv4-sp/hard\libc_nano.a
LOAD c:/st/stm32cubeide_1.3.0/stm32cubeide/plugins/com.st.stm32cube.ide.mcu.externaltools.gnu-tools-for-stm32.7-2018-q2-update.win32_1.4.0.202007081208/tools/bin/../lib/gcc/arm-none-eabi/7.3.1/../../../../arm-none-eabi/lib/thumb/v7e-m/fpv4-sp/hard\libnosys.a
END GROUP
LOAD c:/st/stm32cubeide_1.3.0/stm32cubeide/plugins/com.st.stm32cube.ide.mcu.externaltools.gnu-tools-for-stm32.7-2018-q2-update.win32_1.4.0.202007081208/tools/bin/../lib/gcc/arm-none-eabi/7.3.1/thumb/v7e-m/fpv4-sp/hard/crtend.o
LOAD c:/st/stm32cubeide_1.3.0/stm32cubeide/plugins/com.st.stm32cube.ide.mcu.externaltools.gnu-tools-for-stm32.7-2018-q2-update.win32_1.4.0.202007081208/tools/bin/../lib/gcc/arm-none-eabi/7.3.1/thumb/v7e-m/fpv4-sp/hard/crtn.o
                0x0000000020020000                _estack = (ORIGIN (RAM) + LENGTH (RAM))
                0x0000000000002000                _Min_Heap_Size = 0x2000
                0x0000000000004000                _Min_Stack_Size = 0x4000

.isr_vector     0x0000000008000000      0x188
                0x0000000008000000                . = ALIGN (0x4)
 *(.isr_vector)
 .isr_vector    0x0000000008000000      0x188 Core/Startup/startup_stm32f405rgtx.o
                0x0000000008000000                g_pfnVectors
                0x0000000008000188                . = ALIGN (0x4)

.text           0x0000000008000188     0x76e4
                0x0000000008000188                . = ALIGN (0x4)
 *(.text)
 .text          0x0000000008000188       0x40 c:/st/stm32cubeide_1.3.0/stm32cubeide/plugins/com.st.stm32cube.ide.mcu.externaltools.gnu-tools-for-stm32.7-2018-q2-update.win32_1.4.0.202007081208/tools/bin/../lib/gcc/arm-none-eabi/7.3.1/thumb/v7e-m/fpv4-sp/hard/crtbegin.o
 .text          0x00000000080001c8      0x378 c:/st/stm32cubeide_1.3.0/stm32cubeide/plugins/com.st.stm32cube.ide.mcu.externaltools.gnu-tools-for-stm32.7-2018-q2-update.win32_1.4.0.202007081208/tools/bin/../lib/gcc/arm-none-eabi/7.3.1/thumb/v7e-m/fpv4-sp/hard\libgcc.a(_arm_addsubdf3.o)
                0x00000000080001c8                __aeabi_drsub
                0x00000000080001d0                __aeabi_dsub
                0x00000000080001d0                __subdf3
                0x00000000080001d4                __aeabi_dadd
                0x00000000080001d4                __adddf3
                0x000000000800044c                __floatunsidf
                0x000000000800044c                __aeabi_ui2d
                0x000000000800046c                __floatsidf
                0x000000000800046c                __aeabi_i2d
                0x0000000008000490                __aeabi_f2d
                0x0000000008000490                __extendsfdf2
                0x00000000080004d4                __floatundidf
                0x00000000080004d4                __aeabi_ul2d
                0x00000000080004e4                __floatdidf
                0x00000000080004e4                __aeabi_l2d
 .text          0x0000000008000540      0x424 c:/st/stm32cubeide_1.3.0/stm32cubeide/plugins/com.st.stm32cube.ide.mcu.externaltools.gnu-tools-for-stm32.7-2018-q2-update.win32_1.4.0.202007081208/tools/bin/../lib/gcc/arm-none-eabi/7.3.1/thumb/v7e-m/fpv4-sp/hard\libgcc.a(_arm_muldivdf3.o)
                0x0000000008000540                __aeabi_dmul
                0x0000000008000540                __muldf3
                0x0000000008000794                __divdf3
                0x0000000008000794                __aeabi_ddiv
 .text          0x0000000008000964       0xa0 c:/st/stm32cubeide_1.3.0/stm32cubeide/plugins/com.st.stm32cube.ide.mcu.externaltools.gnu-tools-for-stm32.7-2018-q2-update.win32_1.4.0.202007081208/tools/bin/../lib/gcc/arm-none-eabi/7.3.1/thumb/v7e-m/fpv4-sp/hard\libgcc.a(_arm_truncdfsf2.o)
                0x0000000008000964                __truncdfsf2
                0x0000000008000964                __aeabi_d2f
 .text          0x0000000008000a04       0x30 c:/st/stm32cubeide_1.3.0/stm32cubeide/plugins/com.st.stm32cube.ide.mcu.externaltools.gnu-tools-for-stm32.7-2018-q2-update.win32_1.4.0.202007081208/tools/bin/../lib/gcc/arm-none-eabi/7.3.1/thumb/v7e-m/fpv4-sp/hard\libgcc.a(_aeabi_uldivmod.o)
                0x0000000008000a04                __aeabi_uldivmod
 .text          0x0000000008000a34      0x2cc c:/st/stm32cubeide_1.3.0/stm32cubeide/plugins/com.st.stm32cube.ide.mcu.externaltools.gnu-tools-for-stm32.7-2018-q2-update.win32_1.4.0.202007081208/tools/bin/../lib/gcc/arm-none-eabi/7.3.1/thumb/v7e-m/fpv4-sp/hard\libgcc.a(_udivmoddi4.o)
                0x0000000008000a34                __udivmoddi4
 .text          0x0000000008000d00        0x4 c:/st/stm32cubeide_1.3.0/stm32cubeide/plugins/com.st.stm32cube.ide.mcu.externaltools.gnu-tools-for-stm32.7-2018-q2-update.win32_1.4.0.202007081208/tools/bin/../lib/gcc/arm-none-eabi/7.3.1/thumb/v7e-m/fpv4-sp/hard\libgcc.a(_dvmd_tls.o)
                0x0000000008000d00                __aeabi_idiv0
                0x0000000008000d00                __aeabi_ldiv0
 *(.text*)
 .text.Quaternion_Update
                0x0000000008000d04      0x2a4 Core/Libs/Quaternion.o
                0x0000000008000d04                Quaternion_Update
 .text.invSqrt  0x0000000008000fa8       0x78 Core/Libs/Quaternion.o
                0x0000000008000fa8                invSqrt
 .text.LL_SPI_IsActiveFlag_RXNE
                0x0000000008001020       0x26 Core/Libs/bno080.o
 .text.LL_SPI_IsActiveFlag_TXE
                0x0000000008001046       0x26 Core/Libs/bno080.o
 .text.LL_SPI_IsActiveFlag_BSY
                0x000000000800106c       0x26 Core/Libs/bno080.o
 .text.LL_SPI_ReceiveData8
                0x0000000008001092       0x1a Core/Libs/bno080.o
 .text.LL_SPI_TransmitData8
                0x00000000080010ac       0x24 Core/Libs/bno080.o
 .text.bno080_qToFloat
                0x00000000080010d0       0x4e Core/Libs/bno080.o
                0x00000000080010d0                bno080_qToFloat
 *fill*         0x000000000800111e        0x2 
 .text.parseCommandReport
                0x0000000008001120       0x38 Core/Libs/bno080.o
                0x0000000008001120                parseCommandReport
 .text.parseInputReport
                0x0000000008001158      0x284 Core/Libs/bno080.o
                0x0000000008001158                parseInputReport
 .text.bno080_getQuatI
                0x00000000080013dc       0x2c Core/Libs/bno080.o
                0x00000000080013dc                bno080_getQuatI
 .text.bno080_getQuatJ
                0x0000000008001408       0x2c Core/Libs/bno080.o
                0x0000000008001408                bno080_getQuatJ
 .text.bno080_getQuatK
                0x0000000008001434       0x2c Core/Libs/bno080.o
                0x0000000008001434                bno080_getQuatK
 .text.bno080_getQuatReal
                0x0000000008001460       0x2c Core/Libs/bno080.o
                0x0000000008001460                bno080_getQuatReal
 .text.bno080_getQuatRadianAccuracy
                0x000000000800148c       0x2c Core/Libs/bno080.o
                0x000000000800148c                bno080_getQuatRadianAccuracy
 .text.receivePacket_IT
                0x00000000080014b8      0x100 Core/Libs/bno080.o
                0x00000000080014b8                receivePacket_IT
 .text.LL_SPI_SendByte
                0x00000000080015b8       0x54 Core/Libs/bno080.o
                0x00000000080015b8                LL_SPI_SendByte
 .text.HAL_GPIO_EXTI_Callback
                0x000000000800160c       0x74 Core/Libs/bno080.o
                0x000000000800160c                HAL_GPIO_EXTI_Callback
 .text.ubx_handleGNSS
                0x0000000008001680       0x52 Core/Libs/ubx_gnss.o
                0x0000000008001680                ubx_handleGNSS
 .text.EventsCommGNSS
                0x00000000080016d2       0x1e Core/Libs/ubx_gnss.o
                0x00000000080016d2                EventsCommGNSS
 .text.initGNSSrx
                0x00000000080016f0       0x24 Core/Libs/ubx_gnss.o
                0x00000000080016f0                initGNSSrx
 .text.readUBXpkt
                0x0000000008001714       0x98 Core/Libs/ubx_gnss.o
                0x0000000008001714                readUBXpkt
 *fill*         0x00000000080017ac        0x4 
 .text.parseUBX
                0x00000000080017b0      0x244 Core/Libs/ubx_gnss.o
                0x00000000080017b0                parseUBX
 .text.addUBXpktByte
                0x00000000080019f4      0x190 Core/Libs/ubx_gnss.o
                0x00000000080019f4                addUBXpktByte
 .text.checkUBX
                0x0000000008001b84       0x54 Core/Libs/ubx_gnss.o
                0x0000000008001b84                checkUBX
 .text.crcUBX   0x0000000008001bd8       0x62 Core/Libs/ubx_gnss.o
                0x0000000008001bd8                crcUBX
 .text.bytesToLong
                0x0000000008001c3a       0x48 Core/Libs/ubx_gnss.o
                0x0000000008001c3a                bytesToLong
 .text.bytesToShort
                0x0000000008001c82       0x2a Core/Libs/ubx_gnss.o
                0x0000000008001c82                bytesToShort
 .text.MX_DMA_Init
                0x0000000008001cac       0x7c Core/Src/dma.o
                0x0000000008001cac                MX_DMA_Init
 .text.MX_GPIO_Init
                0x0000000008001d28      0x1ec Core/Src/gpio.o
                0x0000000008001d28                MX_GPIO_Init
 .text.MX_I2C1_Init
                0x0000000008001f14       0x5c Core/Src/i2c.o
                0x0000000008001f14                MX_I2C1_Init
 .text.HAL_I2C_MspInit
                0x0000000008001f70       0x90 Core/Src/i2c.o
                0x0000000008001f70                HAL_I2C_MspInit
 .text.HAL_SPI_TxCpltCallback
                0x0000000008002000       0x14 Core/Src/main.o
                0x0000000008002000                HAL_SPI_TxCpltCallback
 .text.main     0x0000000008002014       0xe4 Core/Src/main.o
                0x0000000008002014                main
 .text.SystemClock_Config
                0x00000000080020f8       0xd4 Core/Src/main.o
                0x00000000080020f8                SystemClock_Config
 .text.MX_NVIC_Init
                0x00000000080021cc       0x18 Core/Src/main.o
 .text.HAL_UART_RxCpltCallback
                0x00000000080021e4       0x28 Core/Src/main.o
                0x00000000080021e4                HAL_UART_RxCpltCallback
 .text.HAL_TIM_IC_CaptureCallback
                0x000000000800220c      0x110 Core/Src/main.o
                0x000000000800220c                HAL_TIM_IC_CaptureCallback
 .text.Error_Handler
                0x000000000800231c        0xe Core/Src/main.o
                0x000000000800231c                Error_Handler
 .text.LL_SPI_SetStandard
                0x000000000800232a       0x26 Core/Src/spi.o
 .text.LL_AHB1_GRP1_EnableClock
                0x0000000008002350       0x30 Core/Src/spi.o
 .text.LL_APB1_GRP1_EnableClock
                0x0000000008002380       0x30 Core/Src/spi.o
 .text.MX_SPI1_Init
                0x00000000080023b0       0x64 Core/Src/spi.o
                0x00000000080023b0                MX_SPI1_Init
 .text.MX_SPI2_Init
                0x0000000008002414       0xd4 Core/Src/spi.o
                0x0000000008002414                MX_SPI2_Init
 .text.MX_SPI3_Init
                0x00000000080024e8       0xd4 Core/Src/spi.o
                0x00000000080024e8                MX_SPI3_Init
 .text.HAL_SPI_MspInit
                0x00000000080025bc      0x188 Core/Src/spi.o
                0x00000000080025bc                HAL_SPI_MspInit
 .text.HAL_MspInit
                0x0000000008002744       0x50 Core/Src/stm32f4xx_hal_msp.o
                0x0000000008002744                HAL_MspInit
 .text.NMI_Handler
                0x0000000008002794        0xe Core/Src/stm32f4xx_it.o
                0x0000000008002794                NMI_Handler
 .text.HardFault_Handler
                0x00000000080027a2        0x6 Core/Src/stm32f4xx_it.o
                0x00000000080027a2                HardFault_Handler
 .text.MemManage_Handler
                0x00000000080027a8        0x6 Core/Src/stm32f4xx_it.o
                0x00000000080027a8                MemManage_Handler
 .text.BusFault_Handler
                0x00000000080027ae        0x6 Core/Src/stm32f4xx_it.o
                0x00000000080027ae                BusFault_Handler
 .text.UsageFault_Handler
                0x00000000080027b4        0x6 Core/Src/stm32f4xx_it.o
                0x00000000080027b4                UsageFault_Handler
 .text.SVC_Handler
                0x00000000080027ba        0xe Core/Src/stm32f4xx_it.o
                0x00000000080027ba                SVC_Handler
 .text.DebugMon_Handler
                0x00000000080027c8        0xe Core/Src/stm32f4xx_it.o
                0x00000000080027c8                DebugMon_Handler
 .text.PendSV_Handler
                0x00000000080027d6        0xe Core/Src/stm32f4xx_it.o
                0x00000000080027d6                PendSV_Handler
 .text.SysTick_Handler
                0x00000000080027e4        0xc Core/Src/stm32f4xx_it.o
                0x00000000080027e4                SysTick_Handler
 .text.DMA1_Stream5_IRQHandler
                0x00000000080027f0       0x14 Core/Src/stm32f4xx_it.o
                0x00000000080027f0                DMA1_Stream5_IRQHandler
 .text.TIM2_IRQHandler
                0x0000000008002804       0x14 Core/Src/stm32f4xx_it.o
                0x0000000008002804                TIM2_IRQHandler
 .text.TIM3_IRQHandler
                0x0000000008002818       0x14 Core/Src/stm32f4xx_it.o
                0x0000000008002818                TIM3_IRQHandler
 .text.SPI1_IRQHandler
                0x000000000800282c       0x14 Core/Src/stm32f4xx_it.o
                0x000000000800282c                SPI1_IRQHandler
 .text.EXTI15_10_IRQHandler
                0x0000000008002840       0x10 Core/Src/stm32f4xx_it.o
                0x0000000008002840                EXTI15_10_IRQHandler
 .text.DMA2_Stream0_IRQHandler
                0x0000000008002850       0x14 Core/Src/stm32f4xx_it.o
                0x0000000008002850                DMA2_Stream0_IRQHandler
 .text.DMA2_Stream3_IRQHandler
                0x0000000008002864       0x14 Core/Src/stm32f4xx_it.o
                0x0000000008002864                DMA2_Stream3_IRQHandler
 .text.SystemInit
                0x0000000008002878       0x2c Core/Src/system_stm32f4xx.o
                0x0000000008002878                SystemInit
 .text.MX_TIM2_Init
                0x00000000080028a4       0xe0 Core/Src/tim.o
                0x00000000080028a4                MX_TIM2_Init
 .text.MX_TIM3_Init
                0x0000000008002984       0xa8 Core/Src/tim.o
                0x0000000008002984                MX_TIM3_Init
 .text.HAL_TIM_Base_MspInit
                0x0000000008002a2c       0x9c Core/Src/tim.o
                0x0000000008002a2c                HAL_TIM_Base_MspInit
 .text.HAL_TIM_IC_MspInit
                0x0000000008002ac8       0xa0 Core/Src/tim.o
                0x0000000008002ac8                HAL_TIM_IC_MspInit
 .text.MX_USART2_UART_Init
                0x0000000008002b68       0x54 Core/Src/usart.o
                0x0000000008002b68                MX_USART2_UART_Init
 .text.HAL_UART_MspInit
                0x0000000008002bbc       0xf4 Core/Src/usart.o
                0x0000000008002bbc                HAL_UART_MspInit
 .text.Reset_Handler
                0x0000000008002cb0       0x50 Core/Startup/startup_stm32f405rgtx.o
                0x0000000008002cb0                Reset_Handler
 .text.Default_Handler
                0x0000000008002d00        0x2 Core/Startup/startup_stm32f405rgtx.o
                0x0000000008002d00                RTC_Alarm_IRQHandler
                0x0000000008002d00                HASH_RNG_IRQHandler
                0x0000000008002d00                EXTI2_IRQHandler
                0x0000000008002d00                TIM8_CC_IRQHandler
                0x0000000008002d00                TIM1_CC_IRQHandler
                0x0000000008002d00                DMA2_Stream5_IRQHandler
                0x0000000008002d00                PVD_IRQHandler
                0x0000000008002d00                SDIO_IRQHandler
                0x0000000008002d00                TAMP_STAMP_IRQHandler
                0x0000000008002d00                CAN2_RX1_IRQHandler
                0x0000000008002d00                EXTI3_IRQHandler
                0x0000000008002d00                TIM8_TRG_COM_TIM14_IRQHandler
                0x0000000008002d00                TIM1_UP_TIM10_IRQHandler
                0x0000000008002d00                TIM8_UP_TIM13_IRQHandler
                0x0000000008002d00                I2C3_ER_IRQHandler
                0x0000000008002d00                EXTI0_IRQHandler
                0x0000000008002d00                I2C2_EV_IRQHandler
                0x0000000008002d00                DMA1_Stream2_IRQHandler
                0x0000000008002d00                CAN1_RX0_IRQHandler
                0x0000000008002d00                FPU_IRQHandler
                0x0000000008002d00                OTG_HS_WKUP_IRQHandler
                0x0000000008002d00                CAN2_SCE_IRQHandler
                0x0000000008002d00                DMA2_Stream2_IRQHandler
                0x0000000008002d00                TIM6_DAC_IRQHandler
                0x0000000008002d00                TIM1_BRK_TIM9_IRQHandler
                0x0000000008002d00                CAN2_RX0_IRQHandler
                0x0000000008002d00                USART6_IRQHandler
                0x0000000008002d00                USART3_IRQHandler
                0x0000000008002d00                CAN1_RX1_IRQHandler
                0x0000000008002d00                UART5_IRQHandler
                0x0000000008002d00                TIM4_IRQHandler
                0x0000000008002d00                I2C1_EV_IRQHandler
                0x0000000008002d00                DMA1_Stream6_IRQHandler
                0x0000000008002d00                DMA1_Stream1_IRQHandler
                0x0000000008002d00                UART4_IRQHandler
                0x0000000008002d00                RCC_IRQHandler
                0x0000000008002d00                TIM8_BRK_TIM12_IRQHandler
                0x0000000008002d00                Default_Handler
                0x0000000008002d00                ADC_IRQHandler
                0x0000000008002d00                DMA1_Stream7_IRQHandler
                0x0000000008002d00                TIM7_IRQHandler
                0x0000000008002d00                CAN2_TX_IRQHandler
                0x0000000008002d00                TIM5_IRQHandler
                0x0000000008002d00                DMA2_Stream7_IRQHandler
                0x0000000008002d00                I2C3_EV_IRQHandler
                0x0000000008002d00                EXTI9_5_IRQHandler
                0x0000000008002d00                RTC_WKUP_IRQHandler
                0x0000000008002d00                SPI2_IRQHandler
                0x0000000008002d00                OTG_HS_EP1_IN_IRQHandler
                0x0000000008002d00                DMA1_Stream0_IRQHandler
                0x0000000008002d00                CAN1_TX_IRQHandler
                0x0000000008002d00                EXTI4_IRQHandler
                0x0000000008002d00                FSMC_IRQHandler
                0x0000000008002d00                OTG_HS_EP1_OUT_IRQHandler
                0x0000000008002d00                WWDG_IRQHandler
                0x0000000008002d00                OTG_FS_WKUP_IRQHandler
                0x0000000008002d00                TIM1_TRG_COM_TIM11_IRQHandler
                0x0000000008002d00                OTG_HS_IRQHandler
                0x0000000008002d00                EXTI1_IRQHandler
                0x0000000008002d00                USART2_IRQHandler
                0x0000000008002d00                I2C2_ER_IRQHandler
                0x0000000008002d00                DMA2_Stream1_IRQHandler
                0x0000000008002d00                CAN1_SCE_IRQHandler
                0x0000000008002d00                FLASH_IRQHandler
                0x0000000008002d00                DMA2_Stream4_IRQHandler
                0x0000000008002d00                USART1_IRQHandler
                0x0000000008002d00                OTG_FS_IRQHandler
                0x0000000008002d00                SPI3_IRQHandler
                0x0000000008002d00                DMA1_Stream4_IRQHandler
                0x0000000008002d00                I2C1_ER_IRQHandler
                0x0000000008002d00                DMA2_Stream6_IRQHandler
                0x0000000008002d00                DMA1_Stream3_IRQHandler
 *fill*         0x0000000008002d02        0x2 
 .text.HAL_Init
                0x0000000008002d04       0x44 Drivers/STM32F4xx_HAL_Driver/Src/stm32f4xx_hal.o
                0x0000000008002d04                HAL_Init
 .text.HAL_InitTick
                0x0000000008002d48       0x60 Drivers/STM32F4xx_HAL_Driver/Src/stm32f4xx_hal.o
                0x0000000008002d48                HAL_InitTick
 .text.HAL_IncTick
                0x0000000008002da8       0x28 Drivers/STM32F4xx_HAL_Driver/Src/stm32f4xx_hal.o
                0x0000000008002da8                HAL_IncTick
 .text.HAL_GetTick
                0x0000000008002dd0       0x18 Drivers/STM32F4xx_HAL_Driver/Src/stm32f4xx_hal.o
                0x0000000008002dd0                HAL_GetTick
 .text.HAL_Delay
                0x0000000008002de8       0x44 Drivers/STM32F4xx_HAL_Driver/Src/stm32f4xx_hal.o
                0x0000000008002de8                HAL_Delay
 .text.__NVIC_SetPriorityGrouping
                0x0000000008002e2c       0x48 Drivers/STM32F4xx_HAL_Driver/Src/stm32f4xx_hal_cortex.o
 .text.__NVIC_GetPriorityGrouping
                0x0000000008002e74       0x1c Drivers/STM32F4xx_HAL_Driver/Src/stm32f4xx_hal_cortex.o
 .text.__NVIC_EnableIRQ
                0x0000000008002e90       0x3c Drivers/STM32F4xx_HAL_Driver/Src/stm32f4xx_hal_cortex.o
 .text.__NVIC_SetPriority
                0x0000000008002ecc       0x54 Drivers/STM32F4xx_HAL_Driver/Src/stm32f4xx_hal_cortex.o
 .text.NVIC_EncodePriority
                0x0000000008002f20       0x66 Drivers/STM32F4xx_HAL_Driver/Src/stm32f4xx_hal_cortex.o
 *fill*         0x0000000008002f86        0x2 
 .text.SysTick_Config
                0x0000000008002f88       0x44 Drivers/STM32F4xx_HAL_Driver/Src/stm32f4xx_hal_cortex.o
 .text.HAL_NVIC_SetPriorityGrouping
                0x0000000008002fcc       0x16 Drivers/STM32F4xx_HAL_Driver/Src/stm32f4xx_hal_cortex.o
                0x0000000008002fcc                HAL_NVIC_SetPriorityGrouping
 .text.HAL_NVIC_SetPriority
                0x0000000008002fe2       0x38 Drivers/STM32F4xx_HAL_Driver/Src/stm32f4xx_hal_cortex.o
                0x0000000008002fe2                HAL_NVIC_SetPriority
 .text.HAL_NVIC_EnableIRQ
                0x000000000800301a       0x1c Drivers/STM32F4xx_HAL_Driver/Src/stm32f4xx_hal_cortex.o
                0x000000000800301a                HAL_NVIC_EnableIRQ
 .text.HAL_SYSTICK_Config
                0x0000000008003036       0x18 Drivers/STM32F4xx_HAL_Driver/Src/stm32f4xx_hal_cortex.o
                0x0000000008003036                HAL_SYSTICK_Config
 *fill*         0x000000000800304e        0x2 
 .text.HAL_DMA_Init
                0x0000000008003050      0x15c Drivers/STM32F4xx_HAL_Driver/Src/stm32f4xx_hal_dma.o
                0x0000000008003050                HAL_DMA_Init
 .text.HAL_DMA_Start_IT
                0x00000000080031ac       0xb0 Drivers/STM32F4xx_HAL_Driver/Src/stm32f4xx_hal_dma.o
                0x00000000080031ac                HAL_DMA_Start_IT
 .text.HAL_DMA_Abort_IT
                0x000000000800325c       0x44 Drivers/STM32F4xx_HAL_Driver/Src/stm32f4xx_hal_dma.o
                0x000000000800325c                HAL_DMA_Abort_IT
 .text.HAL_DMA_IRQHandler
                0x00000000080032a0      0x314 Drivers/STM32F4xx_HAL_Driver/Src/stm32f4xx_hal_dma.o
                0x00000000080032a0                HAL_DMA_IRQHandler
 .text.DMA_SetConfig
                0x00000000080035b4       0x5c Drivers/STM32F4xx_HAL_Driver/Src/stm32f4xx_hal_dma.o
 .text.DMA_CalcBaseAndBitshift
                0x0000000008003610       0x6c Drivers/STM32F4xx_HAL_Driver/Src/stm32f4xx_hal_dma.o
 .text.DMA_CheckFifoParam
                0x000000000800367c       0xf4 Drivers/STM32F4xx_HAL_Driver/Src/stm32f4xx_hal_dma.o
 .text.HAL_GPIO_Init
                0x0000000008003770      0x334 Drivers/STM32F4xx_HAL_Driver/Src/stm32f4xx_hal_gpio.o
                0x0000000008003770                HAL_GPIO_Init
 .text.HAL_GPIO_ReadPin
                0x0000000008003aa4       0x30 Drivers/STM32F4xx_HAL_Driver/Src/stm32f4xx_hal_gpio.o
                0x0000000008003aa4                HAL_GPIO_ReadPin
 .text.HAL_GPIO_WritePin
                0x0000000008003ad4       0x32 Drivers/STM32F4xx_HAL_Driver/Src/stm32f4xx_hal_gpio.o
                0x0000000008003ad4                HAL_GPIO_WritePin
 *fill*         0x0000000008003b06        0x2 
 .text.HAL_GPIO_EXTI_IRQHandler
                0x0000000008003b08       0x30 Drivers/STM32F4xx_HAL_Driver/Src/stm32f4xx_hal_gpio.o
                0x0000000008003b08                HAL_GPIO_EXTI_IRQHandler
 .text.HAL_I2C_Init
                0x0000000008003b38      0x270 Drivers/STM32F4xx_HAL_Driver/Src/stm32f4xx_hal_i2c.o
                0x0000000008003b38                HAL_I2C_Init
 .text.HAL_RCC_OscConfig
                0x0000000008003da8      0x4e0 Drivers/STM32F4xx_HAL_Driver/Src/stm32f4xx_hal_rcc.o
                0x0000000008003da8                HAL_RCC_OscConfig
 .text.HAL_RCC_ClockConfig
                0x0000000008004288      0x1cc Drivers/STM32F4xx_HAL_Driver/Src/stm32f4xx_hal_rcc.o
                0x0000000008004288                HAL_RCC_ClockConfig
 .text.HAL_RCC_GetSysClockFreq
                0x0000000008004454      0x164 Drivers/STM32F4xx_HAL_Driver/Src/stm32f4xx_hal_rcc.o
                0x0000000008004454                HAL_RCC_GetSysClockFreq
 .text.HAL_RCC_GetHCLKFreq
                0x00000000080045b8       0x18 Drivers/STM32F4xx_HAL_Driver/Src/stm32f4xx_hal_rcc.o
                0x00000000080045b8                HAL_RCC_GetHCLKFreq
 .text.HAL_RCC_GetPCLK1Freq
                0x00000000080045d0       0x28 Drivers/STM32F4xx_HAL_Driver/Src/stm32f4xx_hal_rcc.o
                0x00000000080045d0                HAL_RCC_GetPCLK1Freq
 .text.HAL_RCC_GetPCLK2Freq
                0x00000000080045f8       0x28 Drivers/STM32F4xx_HAL_Driver/Src/stm32f4xx_hal_rcc.o
                0x00000000080045f8                HAL_RCC_GetPCLK2Freq
 .text.HAL_SPI_Init
                0x0000000008004620       0xc8 Drivers/STM32F4xx_HAL_Driver/Src/stm32f4xx_hal_spi.o
                0x0000000008004620                HAL_SPI_Init
 .text.HAL_SPI_Transmit_DMA
                0x00000000080046e8      0x15c Drivers/STM32F4xx_HAL_Driver/Src/stm32f4xx_hal_spi.o
                0x00000000080046e8                HAL_SPI_Transmit_DMA
 .text.HAL_SPI_IRQHandler
                0x0000000008004844      0x200 Drivers/STM32F4xx_HAL_Driver/Src/stm32f4xx_hal_spi.o
                0x0000000008004844                HAL_SPI_IRQHandler
 .text.HAL_SPI_TxHalfCpltCallback
                0x0000000008004a44       0x14 Drivers/STM32F4xx_HAL_Driver/Src/stm32f4xx_hal_spi.o
                0x0000000008004a44                HAL_SPI_TxHalfCpltCallback
 .text.HAL_SPI_ErrorCallback
                0x0000000008004a58       0x14 Drivers/STM32F4xx_HAL_Driver/Src/stm32f4xx_hal_spi.o
                0x0000000008004a58                HAL_SPI_ErrorCallback
 .text.SPI_DMATransmitCplt
                0x0000000008004a6c       0xa8 Drivers/STM32F4xx_HAL_Driver/Src/stm32f4xx_hal_spi.o
 .text.SPI_DMAHalfTransmitCplt
                0x0000000008004b14       0x1c Drivers/STM32F4xx_HAL_Driver/Src/stm32f4xx_hal_spi.o
 .text.SPI_DMAError
                0x0000000008004b30       0x40 Drivers/STM32F4xx_HAL_Driver/Src/stm32f4xx_hal_spi.o
 .text.SPI_DMAAbortOnError
                0x0000000008004b70       0x28 Drivers/STM32F4xx_HAL_Driver/Src/stm32f4xx_hal_spi.o
 .text.SPI_WaitFlagStateUntilTimeout
                0x0000000008004b98       0xd4 Drivers/STM32F4xx_HAL_Driver/Src/stm32f4xx_hal_spi.o
 .text.SPI_EndRxTxTransaction
                0x0000000008004c6c       0x84 Drivers/STM32F4xx_HAL_Driver/Src/stm32f4xx_hal_spi.o
 .text.HAL_TIM_Base_Init
                0x0000000008004cf0       0x56 Drivers/STM32F4xx_HAL_Driver/Src/stm32f4xx_hal_tim.o
                0x0000000008004cf0                HAL_TIM_Base_Init
 .text.HAL_TIM_IC_Init
                0x0000000008004d46       0x56 Drivers/STM32F4xx_HAL_Driver/Src/stm32f4xx_hal_tim.o
                0x0000000008004d46                HAL_TIM_IC_Init
 .text.HAL_TIM_IC_Start_IT
                0x0000000008004d9c       0xd0 Drivers/STM32F4xx_HAL_Driver/Src/stm32f4xx_hal_tim.o
                0x0000000008004d9c                HAL_TIM_IC_Start_IT
 .text.HAL_TIM_IRQHandler
                0x0000000008004e6c      0x210 Drivers/STM32F4xx_HAL_Driver/Src/stm32f4xx_hal_tim.o
                0x0000000008004e6c                HAL_TIM_IRQHandler
 .text.HAL_TIM_IC_ConfigChannel
                0x000000000800507c      0x138 Drivers/STM32F4xx_HAL_Driver/Src/stm32f4xx_hal_tim.o
                0x000000000800507c                HAL_TIM_IC_ConfigChannel
 .text.HAL_TIM_ConfigClockSource
                0x00000000080051b4      0x16e Drivers/STM32F4xx_HAL_Driver/Src/stm32f4xx_hal_tim.o
                0x00000000080051b4                HAL_TIM_ConfigClockSource
 *fill*         0x0000000008005322        0x2 
 .text.HAL_TIM_ReadCapturedValue
                0x0000000008005324       0x88 Drivers/STM32F4xx_HAL_Driver/Src/stm32f4xx_hal_tim.o
                0x0000000008005324                HAL_TIM_ReadCapturedValue
 .text.HAL_TIM_PeriodElapsedCallback
                0x00000000080053ac       0x14 Drivers/STM32F4xx_HAL_Driver/Src/stm32f4xx_hal_tim.o
                0x00000000080053ac                HAL_TIM_PeriodElapsedCallback
 .text.HAL_TIM_OC_DelayElapsedCallback
                0x00000000080053c0       0x14 Drivers/STM32F4xx_HAL_Driver/Src/stm32f4xx_hal_tim.o
                0x00000000080053c0                HAL_TIM_OC_DelayElapsedCallback
 .text.HAL_TIM_PWM_PulseFinishedCallback
                0x00000000080053d4       0x14 Drivers/STM32F4xx_HAL_Driver/Src/stm32f4xx_hal_tim.o
                0x00000000080053d4                HAL_TIM_PWM_PulseFinishedCallback
 .text.HAL_TIM_TriggerCallback
                0x00000000080053e8       0x14 Drivers/STM32F4xx_HAL_Driver/Src/stm32f4xx_hal_tim.o
                0x00000000080053e8                HAL_TIM_TriggerCallback
 .text.TIM_Base_SetConfig
                0x00000000080053fc      0x140 Drivers/STM32F4xx_HAL_Driver/Src/stm32f4xx_hal_tim.o
                0x00000000080053fc                TIM_Base_SetConfig
 .text.TIM_TI1_SetConfig
                0x000000000800553c       0xe8 Drivers/STM32F4xx_HAL_Driver/Src/stm32f4xx_hal_tim.o
                0x000000000800553c                TIM_TI1_SetConfig
 .text.TIM_TI1_ConfigInputStage
                0x0000000008005624       0x5e Drivers/STM32F4xx_HAL_Driver/Src/stm32f4xx_hal_tim.o
 .text.TIM_TI2_SetConfig
                0x0000000008005682       0x7a Drivers/STM32F4xx_HAL_Driver/Src/stm32f4xx_hal_tim.o
 .text.TIM_TI2_ConfigInputStage
                0x00000000080056fc       0x60 Drivers/STM32F4xx_HAL_Driver/Src/stm32f4xx_hal_tim.o
 .text.TIM_TI3_SetConfig
                0x000000000800575c       0x78 Drivers/STM32F4xx_HAL_Driver/Src/stm32f4xx_hal_tim.o
 .text.TIM_TI4_SetConfig
                0x00000000080057d4       0x7a Drivers/STM32F4xx_HAL_Driver/Src/stm32f4xx_hal_tim.o
 .text.TIM_ITRx_SetConfig
                0x000000000800584e       0x36 Drivers/STM32F4xx_HAL_Driver/Src/stm32f4xx_hal_tim.o
 .text.TIM_ETR_SetConfig
                0x0000000008005884       0x40 Drivers/STM32F4xx_HAL_Driver/Src/stm32f4xx_hal_tim.o
                0x0000000008005884                TIM_ETR_SetConfig
 .text.TIM_CCxChannelCmd
                0x00000000080058c4       0x4a Drivers/STM32F4xx_HAL_Driver/Src/stm32f4xx_hal_tim.o
                0x00000000080058c4                TIM_CCxChannelCmd
 *fill*         0x000000000800590e        0x2 
 .text.HAL_TIMEx_MasterConfigSynchronization
                0x0000000008005910       0xf8 Drivers/STM32F4xx_HAL_Driver/Src/stm32f4xx_hal_tim_ex.o
                0x0000000008005910                HAL_TIMEx_MasterConfigSynchronization
 .text.HAL_TIMEx_CommutCallback
                0x0000000008005a08       0x14 Drivers/STM32F4xx_HAL_Driver/Src/stm32f4xx_hal_tim_ex.o
                0x0000000008005a08                HAL_TIMEx_CommutCallback
 .text.HAL_TIMEx_BreakCallback
                0x0000000008005a1c       0x14 Drivers/STM32F4xx_HAL_Driver/Src/stm32f4xx_hal_tim_ex.o
                0x0000000008005a1c                HAL_TIMEx_BreakCallback
 .text.HAL_UART_Init
                0x0000000008005a30       0x9a Drivers/STM32F4xx_HAL_Driver/Src/stm32f4xx_hal_uart.o
                0x0000000008005a30                HAL_UART_Init
 *fill*         0x0000000008005aca        0x2 
 .text.HAL_UART_Receive_DMA
                0x0000000008005acc      0x100 Drivers/STM32F4xx_HAL_Driver/Src/stm32f4xx_hal_uart.o
                0x0000000008005acc                HAL_UART_Receive_DMA
 .text.HAL_UART_RxHalfCpltCallback
                0x0000000008005bcc       0x14 Drivers/STM32F4xx_HAL_Driver/Src/stm32f4xx_hal_uart.o
                0x0000000008005bcc                HAL_UART_RxHalfCpltCallback
 .text.HAL_UART_ErrorCallback
                0x0000000008005be0       0x14 Drivers/STM32F4xx_HAL_Driver/Src/stm32f4xx_hal_uart.o
                0x0000000008005be0                HAL_UART_ErrorCallback
 .text.UART_DMAReceiveCplt
                0x0000000008005bf4       0x68 Drivers/STM32F4xx_HAL_Driver/Src/stm32f4xx_hal_uart.o
 .text.UART_DMARxHalfCplt
                0x0000000008005c5c       0x1c Drivers/STM32F4xx_HAL_Driver/Src/stm32f4xx_hal_uart.o
 .text.UART_DMAError
                0x0000000008005c78       0x94 Drivers/STM32F4xx_HAL_Driver/Src/stm32f4xx_hal_uart.o
 .text.UART_EndTxTransfer
                0x0000000008005d0c       0x2c Drivers/STM32F4xx_HAL_Driver/Src/stm32f4xx_hal_uart.o
 .text.UART_EndRxTransfer
                0x0000000008005d38       0x3c Drivers/STM32F4xx_HAL_Driver/Src/stm32f4xx_hal_uart.o
 .text.UART_SetConfig
                0x0000000008005d74      0x6f8 Drivers/STM32F4xx_HAL_Driver/Src/stm32f4xx_hal_uart.o
 .text.LL_GPIO_SetPinMode
                0x000000000800646c       0x5e Drivers/STM32F4xx_HAL_Driver/Src/stm32f4xx_ll_gpio.o
 .text.LL_GPIO_SetPinOutputType
                0x00000000080064ca       0x30 Drivers/STM32F4xx_HAL_Driver/Src/stm32f4xx_ll_gpio.o
 .text.LL_GPIO_SetPinSpeed
                0x00000000080064fa       0x5e Drivers/STM32F4xx_HAL_Driver/Src/stm32f4xx_ll_gpio.o
 .text.LL_GPIO_SetPinPull
                0x0000000008006558       0x5e Drivers/STM32F4xx_HAL_Driver/Src/stm32f4xx_ll_gpio.o
 .text.LL_GPIO_SetAFPin_0_7
                0x00000000080065b6       0x5e Drivers/STM32F4xx_HAL_Driver/Src/stm32f4xx_ll_gpio.o
 .text.LL_GPIO_SetAFPin_8_15
                0x0000000008006614       0x62 Drivers/STM32F4xx_HAL_Driver/Src/stm32f4xx_ll_gpio.o
 .text.LL_GPIO_Init
                0x0000000008006676       0xe6 Drivers/STM32F4xx_HAL_Driver/Src/stm32f4xx_ll_gpio.o
                0x0000000008006676                LL_GPIO_Init
 .text.LL_SPI_IsEnabled
                0x000000000800675c       0x26 Drivers/STM32F4xx_HAL_Driver/Src/stm32f4xx_ll_spi.o
 .text.LL_SPI_SetCRCPolynomial
                0x0000000008006782       0x20 Drivers/STM32F4xx_HAL_Driver/Src/stm32f4xx_ll_spi.o
 .text.LL_SPI_Init
                0x00000000080067a2       0xa4 Drivers/STM32F4xx_HAL_Driver/Src/stm32f4xx_ll_spi.o
                0x00000000080067a2                LL_SPI_Init
 *fill*         0x0000000008006846        0x2 
 .text.__errno  0x0000000008006848        0xc c:/st/stm32cubeide_1.3.0/stm32cubeide/plugins/com.st.stm32cube.ide.mcu.externaltools.gnu-tools-for-stm32.7-2018-q2-update.win32_1.4.0.202007081208/tools/bin/../lib/gcc/arm-none-eabi/7.3.1/../../../../arm-none-eabi/lib/thumb/v7e-m/fpv4-sp/hard\libc_nano.a(lib_a-errno.o)
                0x0000000008006848                __errno
 .text.__libc_init_array
                0x0000000008006854       0x48 c:/st/stm32cubeide_1.3.0/stm32cubeide/plugins/com.st.stm32cube.ide.mcu.externaltools.gnu-tools-for-stm32.7-2018-q2-update.win32_1.4.0.202007081208/tools/bin/../lib/gcc/arm-none-eabi/7.3.1/../../../../arm-none-eabi/lib/thumb/v7e-m/fpv4-sp/hard\libc_nano.a(lib_a-init.o)
                0x0000000008006854                __libc_init_array
 .text.memset   0x000000000800689c       0x10 c:/st/stm32cubeide_1.3.0/stm32cubeide/plugins/com.st.stm32cube.ide.mcu.externaltools.gnu-tools-for-stm32.7-2018-q2-update.win32_1.4.0.202007081208/tools/bin/../lib/gcc/arm-none-eabi/7.3.1/../../../../arm-none-eabi/lib/thumb/v7e-m/fpv4-sp/hard\libc_nano.a(lib_a-memset.o)
                0x000000000800689c                memset
 .text.asinf    0x00000000080068ac       0xb0 c:/st/stm32cubeide_1.3.0/stm32cubeide/plugins/com.st.stm32cube.ide.mcu.externaltools.gnu-tools-for-stm32.7-2018-q2-update.win32_1.4.0.202007081208/tools/bin/../lib/gcc/arm-none-eabi/7.3.1/../../../../arm-none-eabi/lib/thumb/v7e-m/fpv4-sp/hard\libm.a(lib_a-wf_asin.o)
                0x00000000080068ac                asinf
 .text.atan2f   0x000000000800695c        0x4 c:/st/stm32cubeide_1.3.0/stm32cubeide/plugins/com.st.stm32cube.ide.mcu.externaltools.gnu-tools-for-stm32.7-2018-q2-update.win32_1.4.0.202007081208/tools/bin/../lib/gcc/arm-none-eabi/7.3.1/../../../../arm-none-eabi/lib/thumb/v7e-m/fpv4-sp/hard\libm.a(lib_a-wf_atan2.o)
                0x000000000800695c                atan2f
 .text.powf     0x0000000008006960      0x2c8 c:/st/stm32cubeide_1.3.0/stm32cubeide/plugins/com.st.stm32cube.ide.mcu.externaltools.gnu-tools-for-stm32.7-2018-q2-update.win32_1.4.0.202007081208/tools/bin/../lib/gcc/arm-none-eabi/7.3.1/../../../../arm-none-eabi/lib/thumb/v7e-m/fpv4-sp/hard\libm.a(lib_a-wf_pow.o)
                0x0000000008006960                powf
 .text.__ieee754_asinf
                0x0000000008006c28      0x1d0 c:/st/stm32cubeide_1.3.0/stm32cubeide/plugins/com.st.stm32cube.ide.mcu.externaltools.gnu-tools-for-stm32.7-2018-q2-update.win32_1.4.0.202007081208/tools/bin/../lib/gcc/arm-none-eabi/7.3.1/../../../../arm-none-eabi/lib/thumb/v7e-m/fpv4-sp/hard\libm.a(lib_a-ef_asin.o)
                0x0000000008006c28                __ieee754_asinf
 .text.__ieee754_atan2f
                0x0000000008006df8      0x15c c:/st/stm32cubeide_1.3.0/stm32cubeide/plugins/com.st.stm32cube.ide.mcu.externaltools.gnu-tools-for-stm32.7-2018-q2-update.win32_1.4.0.202007081208/tools/bin/../lib/gcc/arm-none-eabi/7.3.1/../../../../arm-none-eabi/lib/thumb/v7e-m/fpv4-sp/hard\libm.a(lib_a-ef_atan2.o)
                0x0000000008006df8                __ieee754_atan2f
 .text.__ieee754_powf
                0x0000000008006f54      0x580 c:/st/stm32cubeide_1.3.0/stm32cubeide/plugins/com.st.stm32cube.ide.mcu.externaltools.gnu-tools-for-stm32.7-2018-q2-update.win32_1.4.0.202007081208/tools/bin/../lib/gcc/arm-none-eabi/7.3.1/../../../../arm-none-eabi/lib/thumb/v7e-m/fpv4-sp/hard\libm.a(lib_a-ef_pow.o)
                0x0000000008006f54                __ieee754_powf
 .text.__ieee754_sqrtf
                0x00000000080074d4        0x6 c:/st/stm32cubeide_1.3.0/stm32cubeide/plugins/com.st.stm32cube.ide.mcu.externaltools.gnu-tools-for-stm32.7-2018-q2-update.win32_1.4.0.202007081208/tools/bin/../lib/gcc/arm-none-eabi/7.3.1/../../../../arm-none-eabi/lib/thumb/v7e-m/fpv4-sp/hard\libm.a(lib_a-ef_sqrt.o)
                0x00000000080074d4                __ieee754_sqrtf
 .text.matherr  0x00000000080074da        0x4 c:/st/stm32cubeide_1.3.0/stm32cubeide/plugins/com.st.stm32cube.ide.mcu.externaltools.gnu-tools-for-stm32.7-2018-q2-update.win32_1.4.0.202007081208/tools/bin/../lib/gcc/arm-none-eabi/7.3.1/../../../../arm-none-eabi/lib/thumb/v7e-m/fpv4-sp/hard\libm.a(lib_a-s_matherr.o)
                0x00000000080074da                matherr
 *fill*         0x00000000080074de        0x2 
 .text.nan      0x00000000080074e0       0x10 c:/st/stm32cubeide_1.3.0/stm32cubeide/plugins/com.st.stm32cube.ide.mcu.externaltools.gnu-tools-for-stm32.7-2018-q2-update.win32_1.4.0.202007081208/tools/bin/../lib/gcc/arm-none-eabi/7.3.1/../../../../arm-none-eabi/lib/thumb/v7e-m/fpv4-sp/hard\libm.a(lib_a-s_nan.o)
                0x00000000080074e0                nan
 .text.atanf    0x00000000080074f0      0x1a8 c:/st/stm32cubeide_1.3.0/stm32cubeide/plugins/com.st.stm32cube.ide.mcu.externaltools.gnu-tools-for-stm32.7-2018-q2-update.win32_1.4.0.202007081208/tools/bin/../lib/gcc/arm-none-eabi/7.3.1/../../../../arm-none-eabi/lib/thumb/v7e-m/fpv4-sp/hard\libm.a(lib_a-sf_atan.o)
                0x00000000080074f0                atanf
 .text.fabsf    0x0000000008007698        0xe c:/st/stm32cubeide_1.3.0/stm32cubeide/plugins/com.st.stm32cube.ide.mcu.externaltools.gnu-tools-for-stm32.7-2018-q2-update.win32_1.4.0.202007081208/tools/bin/../lib/gcc/arm-none-eabi/7.3.1/../../../../arm-none-eabi/lib/thumb/v7e-m/fpv4-sp/hard\libm.a(lib_a-sf_fabs.o)
                0x0000000008007698                fabsf
 .text.finitef  0x00000000080076a6       0x14 c:/st/stm32cubeide_1.3.0/stm32cubeide/plugins/com.st.stm32cube.ide.mcu.externaltools.gnu-tools-for-stm32.7-2018-q2-update.win32_1.4.0.202007081208/tools/bin/../lib/gcc/arm-none-eabi/7.3.1/../../../../arm-none-eabi/lib/thumb/v7e-m/fpv4-sp/hard\libm.a(lib_a-sf_finite.o)
                0x00000000080076a6                finitef
 *fill*         0x00000000080076ba        0x2 
 .text.nanf     0x00000000080076bc        0xc c:/st/stm32cubeide_1.3.0/stm32cubeide/plugins/com.st.stm32cube.ide.mcu.externaltools.gnu-tools-for-stm32.7-2018-q2-update.win32_1.4.0.202007081208/tools/bin/../lib/gcc/arm-none-eabi/7.3.1/../../../../arm-none-eabi/lib/thumb/v7e-m/fpv4-sp/hard\libm.a(lib_a-sf_nan.o)
                0x00000000080076bc                nanf
 .text.rintf    0x00000000080076c8       0xb4 c:/st/stm32cubeide_1.3.0/stm32cubeide/plugins/com.st.stm32cube.ide.mcu.externaltools.gnu-tools-for-stm32.7-2018-q2-update.win32_1.4.0.202007081208/tools/bin/../lib/gcc/arm-none-eabi/7.3.1/../../../../arm-none-eabi/lib/thumb/v7e-m/fpv4-sp/hard\libm.a(lib_a-sf_rint.o)
                0x00000000080076c8                rintf
 .text.scalbnf  0x000000000800777c       0xc0 c:/st/stm32cubeide_1.3.0/stm32cubeide/plugins/com.st.stm32cube.ide.mcu.externaltools.gnu-tools-for-stm32.7-2018-q2-update.win32_1.4.0.202007081208/tools/bin/../lib/gcc/arm-none-eabi/7.3.1/../../../../arm-none-eabi/lib/thumb/v7e-m/fpv4-sp/hard\libm.a(lib_a-sf_scalbn.o)
                0x000000000800777c                scalbnf
 .text.copysignf
                0x000000000800783c       0x18 c:/st/stm32cubeide_1.3.0/stm32cubeide/plugins/com.st.stm32cube.ide.mcu.externaltools.gnu-tools-for-stm32.7-2018-q2-update.win32_1.4.0.202007081208/tools/bin/../lib/gcc/arm-none-eabi/7.3.1/../../../../arm-none-eabi/lib/thumb/v7e-m/fpv4-sp/hard\libm.a(lib_a-sf_copysign.o)
                0x000000000800783c                copysignf
 *(.glue_7)
 .glue_7        0x0000000008007854        0x0 linker stubs
 *(.glue_7t)
 .glue_7t       0x0000000008007854        0x0 linker stubs
 *(.eh_frame)
 .eh_frame      0x0000000008007854        0x0 c:/st/stm32cubeide_1.3.0/stm32cubeide/plugins/com.st.stm32cube.ide.mcu.externaltools.gnu-tools-for-stm32.7-2018-q2-update.win32_1.4.0.202007081208/tools/bin/../lib/gcc/arm-none-eabi/7.3.1/thumb/v7e-m/fpv4-sp/hard/crtbegin.o
 *(.init)
 .init          0x0000000008007854        0x4 c:/st/stm32cubeide_1.3.0/stm32cubeide/plugins/com.st.stm32cube.ide.mcu.externaltools.gnu-tools-for-stm32.7-2018-q2-update.win32_1.4.0.202007081208/tools/bin/../lib/gcc/arm-none-eabi/7.3.1/thumb/v7e-m/fpv4-sp/hard/crti.o
                0x0000000008007854                _init
 .init          0x0000000008007858        0x8 c:/st/stm32cubeide_1.3.0/stm32cubeide/plugins/com.st.stm32cube.ide.mcu.externaltools.gnu-tools-for-stm32.7-2018-q2-update.win32_1.4.0.202007081208/tools/bin/../lib/gcc/arm-none-eabi/7.3.1/thumb/v7e-m/fpv4-sp/hard/crtn.o
 *(.fini)
 .fini          0x0000000008007860        0x4 c:/st/stm32cubeide_1.3.0/stm32cubeide/plugins/com.st.stm32cube.ide.mcu.externaltools.gnu-tools-for-stm32.7-2018-q2-update.win32_1.4.0.202007081208/tools/bin/../lib/gcc/arm-none-eabi/7.3.1/thumb/v7e-m/fpv4-sp/hard/crti.o
                0x0000000008007860                _fini
 .fini          0x0000000008007864        0x8 c:/st/stm32cubeide_1.3.0/stm32cubeide/plugins/com.st.stm32cube.ide.mcu.externaltools.gnu-tools-for-stm32.7-2018-q2-update.win32_1.4.0.202007081208/tools/bin/../lib/gcc/arm-none-eabi/7.3.1/thumb/v7e-m/fpv4-sp/hard/crtn.o
                0x000000000800786c                . = ALIGN (0x4)
                0x000000000800786c                _etext = .

.vfp11_veneer   0x000000000800786c        0x0
 .vfp11_veneer  0x000000000800786c        0x0 linker stubs

.v4_bx          0x000000000800786c        0x0
 .v4_bx         0x000000000800786c        0x0 linker stubs

.iplt           0x000000000800786c        0x0
 .iplt          0x000000000800786c        0x0 c:/st/stm32cubeide_1.3.0/stm32cubeide/plugins/com.st.stm32cube.ide.mcu.externaltools.gnu-tools-for-stm32.7-2018-q2-update.win32_1.4.0.202007081208/tools/bin/../lib/gcc/arm-none-eabi/7.3.1/thumb/v7e-m/fpv4-sp/hard/crtbegin.o

.rodata         0x000000000800786c       0x6c
                0x000000000800786c                . = ALIGN (0x4)
 *(.rodata)
 *(.rodata*)
 .rodata.AHBPrescTable
                0x000000000800786c       0x10 Core/Src/system_stm32f4xx.o
                0x000000000800786c                AHBPrescTable
 .rodata.APBPrescTable
                0x000000000800787c        0x8 Core/Src/system_stm32f4xx.o
                0x000000000800787c                APBPrescTable
 .rodata.flagBitshiftOffset.8404
                0x0000000008007884        0x8 Drivers/STM32F4xx_HAL_Driver/Src/stm32f4xx_hal_dma.o
 .rodata.asinf.str1.1
                0x000000000800788c        0x6 c:/st/stm32cubeide_1.3.0/stm32cubeide/plugins/com.st.stm32cube.ide.mcu.externaltools.gnu-tools-for-stm32.7-2018-q2-update.win32_1.4.0.202007081208/tools/bin/../lib/gcc/arm-none-eabi/7.3.1/../../../../arm-none-eabi/lib/thumb/v7e-m/fpv4-sp/hard\libm.a(lib_a-wf_asin.o)
                                          0x7 (size before relaxing)
 .rodata.powf.str1.1
                0x0000000008007892        0x5 c:/st/stm32cubeide_1.3.0/stm32cubeide/plugins/com.st.stm32cube.ide.mcu.externaltools.gnu-tools-for-stm32.7-2018-q2-update.win32_1.4.0.202007081208/tools/bin/../lib/gcc/arm-none-eabi/7.3.1/../../../../arm-none-eabi/lib/thumb/v7e-m/fpv4-sp/hard\libm.a(lib_a-wf_pow.o)
 .rodata.__ieee754_powf.str1.1
                0x0000000008007897        0x1 c:/st/stm32cubeide_1.3.0/stm32cubeide/plugins/com.st.stm32cube.ide.mcu.externaltools.gnu-tools-for-stm32.7-2018-q2-update.win32_1.4.0.202007081208/tools/bin/../lib/gcc/arm-none-eabi/7.3.1/../../../../arm-none-eabi/lib/thumb/v7e-m/fpv4-sp/hard\libm.a(lib_a-ef_pow.o)
 *fill*         0x0000000008007897        0x1 
 .rodata.bp     0x0000000008007898        0x8 c:/st/stm32cubeide_1.3.0/stm32cubeide/plugins/com.st.stm32cube.ide.mcu.externaltools.gnu-tools-for-stm32.7-2018-q2-update.win32_1.4.0.202007081208/tools/bin/../lib/gcc/arm-none-eabi/7.3.1/../../../../arm-none-eabi/lib/thumb/v7e-m/fpv4-sp/hard\libm.a(lib_a-ef_pow.o)
 .rodata.dp_h   0x00000000080078a0        0x8 c:/st/stm32cubeide_1.3.0/stm32cubeide/plugins/com.st.stm32cube.ide.mcu.externaltools.gnu-tools-for-stm32.7-2018-q2-update.win32_1.4.0.202007081208/tools/bin/../lib/gcc/arm-none-eabi/7.3.1/../../../../arm-none-eabi/lib/thumb/v7e-m/fpv4-sp/hard\libm.a(lib_a-ef_pow.o)
 .rodata.dp_l   0x00000000080078a8        0x8 c:/st/stm32cubeide_1.3.0/stm32cubeide/plugins/com.st.stm32cube.ide.mcu.externaltools.gnu-tools-for-stm32.7-2018-q2-update.win32_1.4.0.202007081208/tools/bin/../lib/gcc/arm-none-eabi/7.3.1/../../../../arm-none-eabi/lib/thumb/v7e-m/fpv4-sp/hard\libm.a(lib_a-ef_pow.o)
 .rodata.atanhi
                0x00000000080078b0       0x10 c:/st/stm32cubeide_1.3.0/stm32cubeide/plugins/com.st.stm32cube.ide.mcu.externaltools.gnu-tools-for-stm32.7-2018-q2-update.win32_1.4.0.202007081208/tools/bin/../lib/gcc/arm-none-eabi/7.3.1/../../../../arm-none-eabi/lib/thumb/v7e-m/fpv4-sp/hard\libm.a(lib_a-sf_atan.o)
 .rodata.atanlo
                0x00000000080078c0       0x10 c:/st/stm32cubeide_1.3.0/stm32cubeide/plugins/com.st.stm32cube.ide.mcu.externaltools.gnu-tools-for-stm32.7-2018-q2-update.win32_1.4.0.202007081208/tools/bin/../lib/gcc/arm-none-eabi/7.3.1/../../../../arm-none-eabi/lib/thumb/v7e-m/fpv4-sp/hard\libm.a(lib_a-sf_atan.o)
 .rodata.TWO23  0x00000000080078d0        0x8 c:/st/stm32cubeide_1.3.0/stm32cubeide/plugins/com.st.stm32cube.ide.mcu.externaltools.gnu-tools-for-stm32.7-2018-q2-update.win32_1.4.0.202007081208/tools/bin/../lib/gcc/arm-none-eabi/7.3.1/../../../../arm-none-eabi/lib/thumb/v7e-m/fpv4-sp/hard\libm.a(lib_a-sf_rint.o)
                0x00000000080078d8                . = ALIGN (0x4)

.ARM.extab      0x00000000080078d8        0x0
                0x00000000080078d8                . = ALIGN (0x4)
 *(.ARM.extab* .gnu.linkonce.armextab.*)
                0x00000000080078d8                . = ALIGN (0x4)

.ARM            0x00000000080078d8        0x8
                0x00000000080078d8                . = ALIGN (0x4)
                0x00000000080078d8                __exidx_start = .
 *(.ARM.exidx*)
 .ARM.exidx     0x00000000080078d8        0x8 c:/st/stm32cubeide_1.3.0/stm32cubeide/plugins/com.st.stm32cube.ide.mcu.externaltools.gnu-tools-for-stm32.7-2018-q2-update.win32_1.4.0.202007081208/tools/bin/../lib/gcc/arm-none-eabi/7.3.1/thumb/v7e-m/fpv4-sp/hard\libgcc.a(_udivmoddi4.o)
                0x00000000080078e0                __exidx_end = .
                0x00000000080078e0                . = ALIGN (0x4)

.rel.dyn        0x00000000080078e0        0x0
 .rel.iplt      0x00000000080078e0        0x0 c:/st/stm32cubeide_1.3.0/stm32cubeide/plugins/com.st.stm32cube.ide.mcu.externaltools.gnu-tools-for-stm32.7-2018-q2-update.win32_1.4.0.202007081208/tools/bin/../lib/gcc/arm-none-eabi/7.3.1/thumb/v7e-m/fpv4-sp/hard/crtbegin.o

.preinit_array  0x00000000080078e0        0x0
                0x00000000080078e0                . = ALIGN (0x4)
                0x00000000080078e0                PROVIDE (__preinit_array_start = .)
 *(.preinit_array*)
                0x00000000080078e0                PROVIDE (__preinit_array_end = .)
                0x00000000080078e0                . = ALIGN (0x4)

.init_array     0x00000000080078e0        0x4
                0x00000000080078e0                . = ALIGN (0x4)
                0x00000000080078e0                PROVIDE (__init_array_start = .)
 *(SORT_BY_NAME(.init_array.*))
 *(.init_array*)
 .init_array    0x00000000080078e0        0x4 c:/st/stm32cubeide_1.3.0/stm32cubeide/plugins/com.st.stm32cube.ide.mcu.externaltools.gnu-tools-for-stm32.7-2018-q2-update.win32_1.4.0.202007081208/tools/bin/../lib/gcc/arm-none-eabi/7.3.1/thumb/v7e-m/fpv4-sp/hard/crtbegin.o
                0x00000000080078e4                PROVIDE (__init_array_end = .)
                0x00000000080078e4                . = ALIGN (0x4)

.fini_array     0x00000000080078e4        0x4
                0x00000000080078e4                . = ALIGN (0x4)
                [!provide]                        PROVIDE (__fini_array_start = .)
 *(SORT_BY_NAME(.fini_array.*))
 *(.fini_array*)
 .fini_array    0x00000000080078e4        0x4 c:/st/stm32cubeide_1.3.0/stm32cubeide/plugins/com.st.stm32cube.ide.mcu.externaltools.gnu-tools-for-stm32.7-2018-q2-update.win32_1.4.0.202007081208/tools/bin/../lib/gcc/arm-none-eabi/7.3.1/thumb/v7e-m/fpv4-sp/hard/crtbegin.o
                [!provide]                        PROVIDE (__fini_array_end = .)
                0x00000000080078e8                . = ALIGN (0x4)
                0x00000000080078e8                _sidata = LOADADDR (.data)

.data           0x0000000020000000       0x88 load address 0x00000000080078e8
                0x0000000020000000                . = ALIGN (0x4)
                0x0000000020000000                _sdata = .
 *(.data)
 *(.data*)
 .data.rotationVector_Q1
                0x0000000020000000        0x2 Core/Libs/bno080.o
                0x0000000020000000                rotationVector_Q1
 *fill*         0x0000000020000002        0x2 
 .data.q        0x0000000020000004       0x10 Core/Libs/bno080.o
                0x0000000020000004                q
 .data.SystemCoreClock
                0x0000000020000014        0x4 Core/Src/system_stm32f4xx.o
                0x0000000020000014                SystemCoreClock
 .data.uwTickPrio
                0x0000000020000018        0x4 Drivers/STM32F4xx_HAL_Driver/Src/stm32f4xx_hal.o
                0x0000000020000018                uwTickPrio
 .data.uwTickFreq
                0x000000002000001c        0x1 Drivers/STM32F4xx_HAL_Driver/Src/stm32f4xx_hal.o
                0x000000002000001c                uwTickFreq
 *fill*         0x000000002000001d        0x3 
 .data._impure_ptr
                0x0000000020000020        0x4 c:/st/stm32cubeide_1.3.0/stm32cubeide/plugins/com.st.stm32cube.ide.mcu.externaltools.gnu-tools-for-stm32.7-2018-q2-update.win32_1.4.0.202007081208/tools/bin/../lib/gcc/arm-none-eabi/7.3.1/../../../../arm-none-eabi/lib/thumb/v7e-m/fpv4-sp/hard\libc_nano.a(lib_a-impure.o)
                0x0000000020000020                _impure_ptr
 .data.impure_data
                0x0000000020000024       0x60 c:/st/stm32cubeide_1.3.0/stm32cubeide/plugins/com.st.stm32cube.ide.mcu.externaltools.gnu-tools-for-stm32.7-2018-q2-update.win32_1.4.0.202007081208/tools/bin/../lib/gcc/arm-none-eabi/7.3.1/../../../../arm-none-eabi/lib/thumb/v7e-m/fpv4-sp/hard\libc_nano.a(lib_a-impure.o)
 .data.__fdlib_version
                0x0000000020000084        0x1 c:/st/stm32cubeide_1.3.0/stm32cubeide/plugins/com.st.stm32cube.ide.mcu.externaltools.gnu-tools-for-stm32.7-2018-q2-update.win32_1.4.0.202007081208/tools/bin/../lib/gcc/arm-none-eabi/7.3.1/../../../../arm-none-eabi/lib/thumb/v7e-m/fpv4-sp/hard\libm.a(lib_a-s_lib_ver.o)
                0x0000000020000084                __fdlib_version
                0x0000000020000088                . = ALIGN (0x4)
 *fill*         0x0000000020000085        0x3 
                0x0000000020000088                _edata = .

.igot.plt       0x0000000020000088        0x0 load address 0x0000000008007970
 .igot.plt      0x0000000020000088        0x0 c:/st/stm32cubeide_1.3.0/stm32cubeide/plugins/com.st.stm32cube.ide.mcu.externaltools.gnu-tools-for-stm32.7-2018-q2-update.win32_1.4.0.202007081208/tools/bin/../lib/gcc/arm-none-eabi/7.3.1/thumb/v7e-m/fpv4-sp/hard/crtbegin.o
                0x0000000020000088                . = ALIGN (0x4)

.bss            0x0000000020000088      0x638 load address 0x0000000008007970
                0x0000000020000088                _sbss = .
                0x0000000020000088                __bss_start__ = _sbss
 *(.bss)
 .bss           0x0000000020000088       0x1c c:/st/stm32cubeide_1.3.0/stm32cubeide/plugins/com.st.stm32cube.ide.mcu.externaltools.gnu-tools-for-stm32.7-2018-q2-update.win32_1.4.0.202007081208/tools/bin/../lib/gcc/arm-none-eabi/7.3.1/thumb/v7e-m/fpv4-sp/hard/crtbegin.o
 *(.bss*)
 .bss.rawQuatI  0x00000000200000a4        0x2 Core/Libs/bno080.o
                0x00000000200000a4                rawQuatI
 .bss.rawQuatJ  0x00000000200000a6        0x2 Core/Libs/bno080.o
                0x00000000200000a6                rawQuatJ
 .bss.rawQuatK  0x00000000200000a8        0x2 Core/Libs/bno080.o
                0x00000000200000a8                rawQuatK
 .bss.rawQuatReal
                0x00000000200000aa        0x2 Core/Libs/bno080.o
                0x00000000200000aa                rawQuatReal
 .bss.rawQuatRadianAccuracy
                0x00000000200000ac        0x2 Core/Libs/bno080.o
                0x00000000200000ac                rawQuatRadianAccuracy
 .bss.quatAccuracy
                0x00000000200000ae        0x2 Core/Libs/bno080.o
                0x00000000200000ae                quatAccuracy
 .bss.pin_state
                0x00000000200000b0        0x1 Core/Src/main.o
                0x00000000200000b0                pin_state
 *fill*         0x00000000200000b1        0x3 
 .bss.uwDutyCycle1
                0x00000000200000b4        0x4 Core/Src/main.o
                0x00000000200000b4                uwDutyCycle1
 .bss.uwDutyCycle2
                0x00000000200000b8        0x2 Core/Src/main.o
                0x00000000200000b8                uwDutyCycle2
 *fill*         0x00000000200000ba        0x2 
 .bss.uwDutyCyclePre1
                0x00000000200000bc        0x4 Core/Src/main.o
                0x00000000200000bc                uwDutyCyclePre1
 .bss.uwDutyCyclePre2
                0x00000000200000c0        0x2 Core/Src/main.o
                0x00000000200000c0                uwDutyCyclePre2
 *fill*         0x00000000200000c2        0x2 
 .bss.uwDutyCycleCur1
                0x00000000200000c4        0x4 Core/Src/main.o
                0x00000000200000c4                uwDutyCycleCur1
 .bss.uwDutyCycleCur2
                0x00000000200000c8        0x2 Core/Src/main.o
                0x00000000200000c8                uwDutyCycleCur2
 *(COMMON)
 *fill*         0x00000000200000ca        0x2 
 COMMON         0x00000000200000cc        0xc Core/Libs/Quaternion.o
                0x00000000200000cc                BNO080_Roll
                0x00000000200000d0                BNO080_Yaw
                0x00000000200000d4                BNO080_Pitch
 COMMON         0x00000000200000d8       0xde Core/Libs/bno080.o
                0x00000000200000d8                shtpHeader
                0x00000000200000dc                magAccuracy
                0x00000000200000e0                quatRadianAccuracy
                0x00000000200000e4                timeStamp
                0x00000000200000e8                rawLinAccelX
                0x00000000200000ec                metaData
                0x0000000020000110                rawGyroZ
                0x0000000020000112                rawGyroY
                0x0000000020000114                rawMagX
                0x0000000020000116                accelLinAccuracy
                0x0000000020000118                rawMagZ
                0x000000002000011a                rawAccelZ
                0x000000002000011c                _activityConfidences
                0x0000000020000120                rawLinAccelZ
                0x0000000020000122                gyroAccuracy
                0x0000000020000124                rawGyroX
                0x0000000020000126                stabilityClassifier
                0x0000000020000128                shtpData
                0x00000000200001a8                rawAccelX
                0x00000000200001aa                activityClassifier
                0x00000000200001ab                calibrationStatus
                0x00000000200001ac                rawLinAccelY
                0x00000000200001ae                rawMagY
                0x00000000200001b0                accelAccuracy
                0x00000000200001b2                rawAccelY
                0x00000000200001b4                stepCount
 *fill*         0x00000000200001b6        0x2 
 COMMON         0x00000000200001b8      0x20c Core/Libs/ubx_gnss.o
                0x00000000200001b8                rxString
                0x00000000200002b8                GNSSrx
                0x00000000200003c0                rxBufferGNSSp
 COMMON         0x00000000200003c4       0x54 Core/Src/i2c.o
                0x00000000200003c4                hi2c1
 COMMON         0x0000000020000418       0x6c Core/Src/main.o
                0x0000000020000418                spi_data
                0x0000000020000474                sens
 COMMON         0x0000000020000484      0x118 Core/Src/spi.o
                0x0000000020000484                hspi1
                0x00000000200004dc                hdma_spi1_rx
                0x000000002000053c                hdma_spi1_tx
 COMMON         0x000000002000059c       0x80 Core/Src/tim.o
                0x000000002000059c                htim3
                0x00000000200005dc                htim2
 COMMON         0x000000002000061c       0xa0 Core/Src/usart.o
                0x000000002000061c                hdma_usart2_rx
                0x000000002000067c                huart2
 COMMON         0x00000000200006bc        0x4 Drivers/STM32F4xx_HAL_Driver/Src/stm32f4xx_hal.o
                0x00000000200006bc                uwTick
                0x00000000200006c0                . = ALIGN (0x4)
                0x00000000200006c0                _ebss = .
                0x00000000200006c0                __bss_end__ = _ebss

._user_heap_stack
                0x00000000200006c0     0x6000 load address 0x0000000008007970
                0x00000000200006c0                . = ALIGN (0x8)
                [!provide]                        PROVIDE (end = .)
                0x00000000200006c0                PROVIDE (_end = .)
                0x00000000200026c0                . = (. + _Min_Heap_Size)
 *fill*         0x00000000200006c0     0x2000 
                0x00000000200066c0                . = (. + _Min_Stack_Size)
 *fill*         0x00000000200026c0     0x4000 
                0x00000000200066c0                . = ALIGN (0x8)

/DISCARD/
 libc.a(*)
 libm.a(*)
 libgcc.a(*)

.ARM.attributes
                0x0000000000000000       0x30
 *(.ARM.attributes)
 .ARM.attributes
                0x0000000000000000       0x22 c:/st/stm32cubeide_1.3.0/stm32cubeide/plugins/com.st.stm32cube.ide.mcu.externaltools.gnu-tools-for-stm32.7-2018-q2-update.win32_1.4.0.202007081208/tools/bin/../lib/gcc/arm-none-eabi/7.3.1/thumb/v7e-m/fpv4-sp/hard/crti.o
 .ARM.attributes
                0x0000000000000022       0x34 c:/st/stm32cubeide_1.3.0/stm32cubeide/plugins/com.st.stm32cube.ide.mcu.externaltools.gnu-tools-for-stm32.7-2018-q2-update.win32_1.4.0.202007081208/tools/bin/../lib/gcc/arm-none-eabi/7.3.1/thumb/v7e-m/fpv4-sp/hard/crtbegin.o
 .ARM.attributes
                0x0000000000000056       0x39 Core/Libs/Quaternion.o
 .ARM.attributes
                0x000000000000008f       0x39 Core/Libs/bno080.o
 .ARM.attributes
                0x00000000000000c8       0x39 Core/Libs/ubx_gnss.o
 .ARM.attributes
                0x0000000000000101       0x39 Core/Src/dma.o
 .ARM.attributes
                0x000000000000013a       0x39 Core/Src/gpio.o
 .ARM.attributes
                0x0000000000000173       0x39 Core/Src/i2c.o
 .ARM.attributes
                0x00000000000001ac       0x39 Core/Src/main.o
 .ARM.attributes
                0x00000000000001e5       0x39 Core/Src/spi.o
 .ARM.attributes
                0x000000000000021e       0x39 Core/Src/stm32f4xx_hal_msp.o
 .ARM.attributes
                0x0000000000000257       0x39 Core/Src/stm32f4xx_it.o
 .ARM.attributes
                0x0000000000000290       0x39 Core/Src/system_stm32f4xx.o
 .ARM.attributes
                0x00000000000002c9       0x39 Core/Src/tim.o
 .ARM.attributes
                0x0000000000000302       0x39 Core/Src/usart.o
 .ARM.attributes
                0x000000000000033b       0x21 Core/Startup/startup_stm32f405rgtx.o
 .ARM.attributes
                0x000000000000035c       0x39 Drivers/STM32F4xx_HAL_Driver/Src/stm32f4xx_hal.o
 .ARM.attributes
                0x0000000000000395       0x39 Drivers/STM32F4xx_HAL_Driver/Src/stm32f4xx_hal_cortex.o
 .ARM.attributes
                0x00000000000003ce       0x39 Drivers/STM32F4xx_HAL_Driver/Src/stm32f4xx_hal_dma.o
 .ARM.attributes
                0x0000000000000407       0x39 Drivers/STM32F4xx_HAL_Driver/Src/stm32f4xx_hal_gpio.o
 .ARM.attributes
                0x0000000000000440       0x39 Drivers/STM32F4xx_HAL_Driver/Src/stm32f4xx_hal_i2c.o
 .ARM.attributes
                0x0000000000000479       0x39 Drivers/STM32F4xx_HAL_Driver/Src/stm32f4xx_hal_rcc.o
 .ARM.attributes
                0x00000000000004b2       0x39 Drivers/STM32F4xx_HAL_Driver/Src/stm32f4xx_hal_spi.o
 .ARM.attributes
                0x00000000000004eb       0x39 Drivers/STM32F4xx_HAL_Driver/Src/stm32f4xx_hal_tim.o
 .ARM.attributes
                0x0000000000000524       0x39 Drivers/STM32F4xx_HAL_Driver/Src/stm32f4xx_hal_tim_ex.o
 .ARM.attributes
                0x000000000000055d       0x39 Drivers/STM32F4xx_HAL_Driver/Src/stm32f4xx_hal_uart.o
 .ARM.attributes
                0x0000000000000596       0x39 Drivers/STM32F4xx_HAL_Driver/Src/stm32f4xx_ll_gpio.o
 .ARM.attributes
                0x00000000000005cf       0x39 Drivers/STM32F4xx_HAL_Driver/Src/stm32f4xx_ll_spi.o
 .ARM.attributes
                0x0000000000000608       0x34 c:/st/stm32cubeide_1.3.0/stm32cubeide/plugins/com.st.stm32cube.ide.mcu.externaltools.gnu-tools-for-stm32.7-2018-q2-update.win32_1.4.0.202007081208/tools/bin/../lib/gcc/arm-none-eabi/7.3.1/../../../../arm-none-eabi/lib/thumb/v7e-m/fpv4-sp/hard\libc_nano.a(lib_a-errno.o)
 .ARM.attributes
                0x000000000000063c       0x34 c:/st/stm32cubeide_1.3.0/stm32cubeide/plugins/com.st.stm32cube.ide.mcu.externaltools.gnu-tools-for-stm32.7-2018-q2-update.win32_1.4.0.202007081208/tools/bin/../lib/gcc/arm-none-eabi/7.3.1/../../../../arm-none-eabi/lib/thumb/v7e-m/fpv4-sp/hard\libc_nano.a(lib_a-impure.o)
 .ARM.attributes
                0x0000000000000670       0x34 c:/st/stm32cubeide_1.3.0/stm32cubeide/plugins/com.st.stm32cube.ide.mcu.externaltools.gnu-tools-for-stm32.7-2018-q2-update.win32_1.4.0.202007081208/tools/bin/../lib/gcc/arm-none-eabi/7.3.1/../../../../arm-none-eabi/lib/thumb/v7e-m/fpv4-sp/hard\libc_nano.a(lib_a-init.o)
 .ARM.attributes
                0x00000000000006a4       0x34 c:/st/stm32cubeide_1.3.0/stm32cubeide/plugins/com.st.stm32cube.ide.mcu.externaltools.gnu-tools-for-stm32.7-2018-q2-update.win32_1.4.0.202007081208/tools/bin/../lib/gcc/arm-none-eabi/7.3.1/../../../../arm-none-eabi/lib/thumb/v7e-m/fpv4-sp/hard\libc_nano.a(lib_a-memset.o)
 .ARM.attributes
                0x00000000000006d8       0x34 c:/st/stm32cubeide_1.3.0/stm32cubeide/plugins/com.st.stm32cube.ide.mcu.externaltools.gnu-tools-for-stm32.7-2018-q2-update.win32_1.4.0.202007081208/tools/bin/../lib/gcc/arm-none-eabi/7.3.1/../../../../arm-none-eabi/lib/thumb/v7e-m/fpv4-sp/hard\libm.a(lib_a-wf_asin.o)
 .ARM.attributes
                0x000000000000070c       0x34 c:/st/stm32cubeide_1.3.0/stm32cubeide/plugins/com.st.stm32cube.ide.mcu.externaltools.gnu-tools-for-stm32.7-2018-q2-update.win32_1.4.0.202007081208/tools/bin/../lib/gcc/arm-none-eabi/7.3.1/../../../../arm-none-eabi/lib/thumb/v7e-m/fpv4-sp/hard\libm.a(lib_a-wf_atan2.o)
 .ARM.attributes
                0x0000000000000740       0x34 c:/st/stm32cubeide_1.3.0/stm32cubeide/plugins/com.st.stm32cube.ide.mcu.externaltools.gnu-tools-for-stm32.7-2018-q2-update.win32_1.4.0.202007081208/tools/bin/../lib/gcc/arm-none-eabi/7.3.1/../../../../arm-none-eabi/lib/thumb/v7e-m/fpv4-sp/hard\libm.a(lib_a-wf_pow.o)
 .ARM.attributes
                0x0000000000000774       0x34 c:/st/stm32cubeide_1.3.0/stm32cubeide/plugins/com.st.stm32cube.ide.mcu.externaltools.gnu-tools-for-stm32.7-2018-q2-update.win32_1.4.0.202007081208/tools/bin/../lib/gcc/arm-none-eabi/7.3.1/../../../../arm-none-eabi/lib/thumb/v7e-m/fpv4-sp/hard\libm.a(lib_a-ef_asin.o)
 .ARM.attributes
                0x00000000000007a8       0x34 c:/st/stm32cubeide_1.3.0/stm32cubeide/plugins/com.st.stm32cube.ide.mcu.externaltools.gnu-tools-for-stm32.7-2018-q2-update.win32_1.4.0.202007081208/tools/bin/../lib/gcc/arm-none-eabi/7.3.1/../../../../arm-none-eabi/lib/thumb/v7e-m/fpv4-sp/hard\libm.a(lib_a-ef_atan2.o)
 .ARM.attributes
                0x00000000000007dc       0x34 c:/st/stm32cubeide_1.3.0/stm32cubeide/plugins/com.st.stm32cube.ide.mcu.externaltools.gnu-tools-for-stm32.7-2018-q2-update.win32_1.4.0.202007081208/tools/bin/../lib/gcc/arm-none-eabi/7.3.1/../../../../arm-none-eabi/lib/thumb/v7e-m/fpv4-sp/hard\libm.a(lib_a-ef_pow.o)
 .ARM.attributes
                0x0000000000000810       0x34 c:/st/stm32cubeide_1.3.0/stm32cubeide/plugins/com.st.stm32cube.ide.mcu.externaltools.gnu-tools-for-stm32.7-2018-q2-update.win32_1.4.0.202007081208/tools/bin/../lib/gcc/arm-none-eabi/7.3.1/../../../../arm-none-eabi/lib/thumb/v7e-m/fpv4-sp/hard\libm.a(lib_a-ef_sqrt.o)
 .ARM.attributes
                0x0000000000000844       0x34 c:/st/stm32cubeide_1.3.0/stm32cubeide/plugins/com.st.stm32cube.ide.mcu.externaltools.gnu-tools-for-stm32.7-2018-q2-update.win32_1.4.0.202007081208/tools/bin/../lib/gcc/arm-none-eabi/7.3.1/../../../../arm-none-eabi/lib/thumb/v7e-m/fpv4-sp/hard\libm.a(lib_a-s_lib_ver.o)
 .ARM.attributes
                0x0000000000000878       0x34 c:/st/stm32cubeide_1.3.0/stm32cubeide/plugins/com.st.stm32cube.ide.mcu.externaltools.gnu-tools-for-stm32.7-2018-q2-update.win32_1.4.0.202007081208/tools/bin/../lib/gcc/arm-none-eabi/7.3.1/../../../../arm-none-eabi/lib/thumb/v7e-m/fpv4-sp/hard\libm.a(lib_a-s_matherr.o)
 .ARM.attributes
                0x00000000000008ac       0x34 c:/st/stm32cubeide_1.3.0/stm32cubeide/plugins/com.st.stm32cube.ide.mcu.externaltools.gnu-tools-for-stm32.7-2018-q2-update.win32_1.4.0.202007081208/tools/bin/../lib/gcc/arm-none-eabi/7.3.1/../../../../arm-none-eabi/lib/thumb/v7e-m/fpv4-sp/hard\libm.a(lib_a-s_nan.o)
 .ARM.attributes
                0x00000000000008e0       0x34 c:/st/stm32cubeide_1.3.0/stm32cubeide/plugins/com.st.stm32cube.ide.mcu.externaltools.gnu-tools-for-stm32.7-2018-q2-update.win32_1.4.0.202007081208/tools/bin/../lib/gcc/arm-none-eabi/7.3.1/../../../../arm-none-eabi/lib/thumb/v7e-m/fpv4-sp/hard\libm.a(lib_a-sf_atan.o)
 .ARM.attributes
                0x0000000000000914       0x34 c:/st/stm32cubeide_1.3.0/stm32cubeide/plugins/com.st.stm32cube.ide.mcu.externaltools.gnu-tools-for-stm32.7-2018-q2-update.win32_1.4.0.202007081208/tools/bin/../lib/gcc/arm-none-eabi/7.3.1/../../../../arm-none-eabi/lib/thumb/v7e-m/fpv4-sp/hard\libm.a(lib_a-sf_fabs.o)
 .ARM.attributes
                0x0000000000000948       0x34 c:/st/stm32cubeide_1.3.0/stm32cubeide/plugins/com.st.stm32cube.ide.mcu.externaltools.gnu-tools-for-stm32.7-2018-q2-update.win32_1.4.0.202007081208/tools/bin/../lib/gcc/arm-none-eabi/7.3.1/../../../../arm-none-eabi/lib/thumb/v7e-m/fpv4-sp/hard\libm.a(lib_a-sf_finite.o)
 .ARM.attributes
                0x000000000000097c       0x34 c:/st/stm32cubeide_1.3.0/stm32cubeide/plugins/com.st.stm32cube.ide.mcu.externaltools.gnu-tools-for-stm32.7-2018-q2-update.win32_1.4.0.202007081208/tools/bin/../lib/gcc/arm-none-eabi/7.3.1/../../../../arm-none-eabi/lib/thumb/v7e-m/fpv4-sp/hard\libm.a(lib_a-sf_nan.o)
 .ARM.attributes
                0x00000000000009b0       0x34 c:/st/stm32cubeide_1.3.0/stm32cubeide/plugins/com.st.stm32cube.ide.mcu.externaltools.gnu-tools-for-stm32.7-2018-q2-update.win32_1.4.0.202007081208/tools/bin/../lib/gcc/arm-none-eabi/7.3.1/../../../../arm-none-eabi/lib/thumb/v7e-m/fpv4-sp/hard\libm.a(lib_a-sf_rint.o)
 .ARM.attributes
                0x00000000000009e4       0x34 c:/st/stm32cubeide_1.3.0/stm32cubeide/plugins/com.st.stm32cube.ide.mcu.externaltools.gnu-tools-for-stm32.7-2018-q2-update.win32_1.4.0.202007081208/tools/bin/../lib/gcc/arm-none-eabi/7.3.1/../../../../arm-none-eabi/lib/thumb/v7e-m/fpv4-sp/hard\libm.a(lib_a-sf_scalbn.o)
 .ARM.attributes
                0x0000000000000a18       0x34 c:/st/stm32cubeide_1.3.0/stm32cubeide/plugins/com.st.stm32cube.ide.mcu.externaltools.gnu-tools-for-stm32.7-2018-q2-update.win32_1.4.0.202007081208/tools/bin/../lib/gcc/arm-none-eabi/7.3.1/../../../../arm-none-eabi/lib/thumb/v7e-m/fpv4-sp/hard\libm.a(lib_a-sf_copysign.o)
 .ARM.attributes
                0x0000000000000a4c       0x22 c:/st/stm32cubeide_1.3.0/stm32cubeide/plugins/com.st.stm32cube.ide.mcu.externaltools.gnu-tools-for-stm32.7-2018-q2-update.win32_1.4.0.202007081208/tools/bin/../lib/gcc/arm-none-eabi/7.3.1/thumb/v7e-m/fpv4-sp/hard\libgcc.a(_arm_addsubdf3.o)
 .ARM.attributes
                0x0000000000000a6e       0x22 c:/st/stm32cubeide_1.3.0/stm32cubeide/plugins/com.st.stm32cube.ide.mcu.externaltools.gnu-tools-for-stm32.7-2018-q2-update.win32_1.4.0.202007081208/tools/bin/../lib/gcc/arm-none-eabi/7.3.1/thumb/v7e-m/fpv4-sp/hard\libgcc.a(_arm_muldivdf3.o)
 .ARM.attributes
                0x0000000000000a90       0x22 c:/st/stm32cubeide_1.3.0/stm32cubeide/plugins/com.st.stm32cube.ide.mcu.externaltools.gnu-tools-for-stm32.7-2018-q2-update.win32_1.4.0.202007081208/tools/bin/../lib/gcc/arm-none-eabi/7.3.1/thumb/v7e-m/fpv4-sp/hard\libgcc.a(_arm_truncdfsf2.o)
 .ARM.attributes
                0x0000000000000ab2       0x22 c:/st/stm32cubeide_1.3.0/stm32cubeide/plugins/com.st.stm32cube.ide.mcu.externaltools.gnu-tools-for-stm32.7-2018-q2-update.win32_1.4.0.202007081208/tools/bin/../lib/gcc/arm-none-eabi/7.3.1/thumb/v7e-m/fpv4-sp/hard\libgcc.a(_aeabi_uldivmod.o)
 .ARM.attributes
                0x0000000000000ad4       0x34 c:/st/stm32cubeide_1.3.0/stm32cubeide/plugins/com.st.stm32cube.ide.mcu.externaltools.gnu-tools-for-stm32.7-2018-q2-update.win32_1.4.0.202007081208/tools/bin/../lib/gcc/arm-none-eabi/7.3.1/thumb/v7e-m/fpv4-sp/hard\libgcc.a(_udivmoddi4.o)
 .ARM.attributes
                0x0000000000000b08       0x22 c:/st/stm32cubeide_1.3.0/stm32cubeide/plugins/com.st.stm32cube.ide.mcu.externaltools.gnu-tools-for-stm32.7-2018-q2-update.win32_1.4.0.202007081208/tools/bin/../lib/gcc/arm-none-eabi/7.3.1/thumb/v7e-m/fpv4-sp/hard\libgcc.a(_dvmd_tls.o)
 .ARM.attributes
                0x0000000000000b2a       0x22 c:/st/stm32cubeide_1.3.0/stm32cubeide/plugins/com.st.stm32cube.ide.mcu.externaltools.gnu-tools-for-stm32.7-2018-q2-update.win32_1.4.0.202007081208/tools/bin/../lib/gcc/arm-none-eabi/7.3.1/thumb/v7e-m/fpv4-sp/hard/crtn.o
OUTPUT(STM32F405_DJI_rpi_shield.elf elf32-littlearm)

.debug_info     0x0000000000000000    0x15dfa
 .debug_info    0x0000000000000000      0x9cc Core/Libs/Quaternion.o
 .debug_info    0x00000000000009cc     0x1c98 Core/Libs/bno080.o
 .debug_info    0x0000000000002664      0x6a7 Core/Libs/ubx_gnss.o
 .debug_info    0x0000000000002d0b      0x585 Core/Src/dma.o
 .debug_info    0x0000000000003290      0x4d9 Core/Src/gpio.o
 .debug_info    0x0000000000003769      0x9ee Core/Src/i2c.o
 .debug_info    0x0000000000004157     0x1fdb Core/Src/main.o
 .debug_info    0x0000000000006132      0xde5 Core/Src/spi.o
 .debug_info    0x0000000000006f17      0x373 Core/Src/stm32f4xx_hal_msp.o
 .debug_info    0x000000000000728a      0xa15 Core/Src/stm32f4xx_it.o
 .debug_info    0x0000000000007c9f      0x554 Core/Src/system_stm32f4xx.o
 .debug_info    0x00000000000081f3      0xd9c Core/Src/tim.o
 .debug_info    0x0000000000008f8f      0x96c Core/Src/usart.o
 .debug_info    0x00000000000098fb       0x22 Core/Startup/startup_stm32f405rgtx.o
 .debug_info    0x000000000000991d      0x933 Drivers/STM32F4xx_HAL_Driver/Src/stm32f4xx_hal.o
 .debug_info    0x000000000000a250      0xe16 Drivers/STM32F4xx_HAL_Driver/Src/stm32f4xx_hal_cortex.o
 .debug_info    0x000000000000b066      0x968 Drivers/STM32F4xx_HAL_Driver/Src/stm32f4xx_hal_dma.o
 .debug_info    0x000000000000b9ce      0x7b5 Drivers/STM32F4xx_HAL_Driver/Src/stm32f4xx_hal_gpio.o
 .debug_info    0x000000000000c183     0x23b5 Drivers/STM32F4xx_HAL_Driver/Src/stm32f4xx_hal_i2c.o
 .debug_info    0x000000000000e538      0x904 Drivers/STM32F4xx_HAL_Driver/Src/stm32f4xx_hal_rcc.o
 .debug_info    0x000000000000ee3c     0x163a Drivers/STM32F4xx_HAL_Driver/Src/stm32f4xx_hal_spi.o
 .debug_info    0x0000000000010476     0x24a9 Drivers/STM32F4xx_HAL_Driver/Src/stm32f4xx_hal_tim.o
 .debug_info    0x000000000001291f     0x1157 Drivers/STM32F4xx_HAL_Driver/Src/stm32f4xx_hal_tim_ex.o
 .debug_info    0x0000000000013a76     0x124c Drivers/STM32F4xx_HAL_Driver/Src/stm32f4xx_hal_uart.o
 .debug_info    0x0000000000014cc2      0x91b Drivers/STM32F4xx_HAL_Driver/Src/stm32f4xx_ll_gpio.o
 .debug_info    0x00000000000155dd      0x81d Drivers/STM32F4xx_HAL_Driver/Src/stm32f4xx_ll_spi.o

.debug_abbrev   0x0000000000000000     0x314d
 .debug_abbrev  0x0000000000000000      0x1f1 Core/Libs/Quaternion.o
 .debug_abbrev  0x00000000000001f1      0x362 Core/Libs/bno080.o
 .debug_abbrev  0x0000000000000553      0x1de Core/Libs/ubx_gnss.o
 .debug_abbrev  0x0000000000000731      0x112 Core/Src/dma.o
 .debug_abbrev  0x0000000000000843      0x134 Core/Src/gpio.o
 .debug_abbrev  0x0000000000000977      0x199 Core/Src/i2c.o
 .debug_abbrev  0x0000000000000b10      0x2f4 Core/Src/main.o
 .debug_abbrev  0x0000000000000e04      0x1ff Core/Src/spi.o
 .debug_abbrev  0x0000000000001003      0x109 Core/Src/stm32f4xx_hal_msp.o
 .debug_abbrev  0x000000000000110c      0x190 Core/Src/stm32f4xx_it.o
 .debug_abbrev  0x000000000000129c      0x12b Core/Src/system_stm32f4xx.o
 .debug_abbrev  0x00000000000013c7      0x1b3 Core/Src/tim.o
 .debug_abbrev  0x000000000000157a      0x1aa Core/Src/usart.o
 .debug_abbrev  0x0000000000001724       0x12 Core/Startup/startup_stm32f405rgtx.o
 .debug_abbrev  0x0000000000001736      0x1c7 Drivers/STM32F4xx_HAL_Driver/Src/stm32f4xx_hal.o
 .debug_abbrev  0x00000000000018fd      0x2fa Drivers/STM32F4xx_HAL_Driver/Src/stm32f4xx_hal_cortex.o
 .debug_abbrev  0x0000000000001bf7      0x229 Drivers/STM32F4xx_HAL_Driver/Src/stm32f4xx_hal_dma.o
 .debug_abbrev  0x0000000000001e20      0x1c9 Drivers/STM32F4xx_HAL_Driver/Src/stm32f4xx_hal_gpio.o
 .debug_abbrev  0x0000000000001fe9      0x254 Drivers/STM32F4xx_HAL_Driver/Src/stm32f4xx_hal_i2c.o
 .debug_abbrev  0x000000000000223d      0x245 Drivers/STM32F4xx_HAL_Driver/Src/stm32f4xx_hal_rcc.o
 .debug_abbrev  0x0000000000002482      0x240 Drivers/STM32F4xx_HAL_Driver/Src/stm32f4xx_hal_spi.o
 .debug_abbrev  0x00000000000026c2      0x230 Drivers/STM32F4xx_HAL_Driver/Src/stm32f4xx_hal_tim.o
 .debug_abbrev  0x00000000000028f2      0x21e Drivers/STM32F4xx_HAL_Driver/Src/stm32f4xx_hal_tim_ex.o
 .debug_abbrev  0x0000000000002b10      0x242 Drivers/STM32F4xx_HAL_Driver/Src/stm32f4xx_hal_uart.o
 .debug_abbrev  0x0000000000002d52      0x212 Drivers/STM32F4xx_HAL_Driver/Src/stm32f4xx_ll_gpio.o
 .debug_abbrev  0x0000000000002f64      0x1e9 Drivers/STM32F4xx_HAL_Driver/Src/stm32f4xx_ll_spi.o

.debug_aranges  0x0000000000000000     0x1438
 .debug_aranges
                0x0000000000000000       0x28 Core/Libs/Quaternion.o
 .debug_aranges
                0x0000000000000028      0x168 Core/Libs/bno080.o
 .debug_aranges
                0x0000000000000190       0x68 Core/Libs/ubx_gnss.o
 .debug_aranges
                0x00000000000001f8       0x20 Core/Src/dma.o
 .debug_aranges
                0x0000000000000218       0x20 Core/Src/gpio.o
 .debug_aranges
                0x0000000000000238       0x30 Core/Src/i2c.o
 .debug_aranges
                0x0000000000000268       0x50 Core/Src/main.o
 .debug_aranges
                0x00000000000002b8       0x58 Core/Src/spi.o
 .debug_aranges
                0x0000000000000310       0x20 Core/Src/stm32f4xx_hal_msp.o
 .debug_aranges
                0x0000000000000330       0x98 Core/Src/stm32f4xx_it.o
 .debug_aranges
                0x00000000000003c8       0x28 Core/Src/system_stm32f4xx.o
 .debug_aranges
                0x00000000000003f0       0x48 Core/Src/tim.o
 .debug_aranges
                0x0000000000000438       0x30 Core/Src/usart.o
 .debug_aranges
                0x0000000000000468       0x28 Core/Startup/startup_stm32f405rgtx.o
 .debug_aranges
                0x0000000000000490       0xf0 Drivers/STM32F4xx_HAL_Driver/Src/stm32f4xx_hal.o
 .debug_aranges
                0x0000000000000580      0x118 Drivers/STM32F4xx_HAL_Driver/Src/stm32f4xx_hal_cortex.o
 .debug_aranges
                0x0000000000000698       0x90 Drivers/STM32F4xx_HAL_Driver/Src/stm32f4xx_hal_dma.o
 .debug_aranges
                0x0000000000000728       0x58 Drivers/STM32F4xx_HAL_Driver/Src/stm32f4xx_hal_gpio.o
 .debug_aranges
                0x0000000000000780      0x298 Drivers/STM32F4xx_HAL_Driver/Src/stm32f4xx_hal_i2c.o
 .debug_aranges
                0x0000000000000a18       0x88 Drivers/STM32F4xx_HAL_Driver/Src/stm32f4xx_hal_rcc.o
 .debug_aranges
                0x0000000000000aa0      0x1d0 Drivers/STM32F4xx_HAL_Driver/Src/stm32f4xx_hal_spi.o
 .debug_aranges
                0x0000000000000c70      0x3a8 Drivers/STM32F4xx_HAL_Driver/Src/stm32f4xx_hal_tim.o
 .debug_aranges
                0x0000000000001018      0x150 Drivers/STM32F4xx_HAL_Driver/Src/stm32f4xx_hal_tim_ex.o
 .debug_aranges
                0x0000000000001168      0x1d0 Drivers/STM32F4xx_HAL_Driver/Src/stm32f4xx_hal_uart.o
 .debug_aranges
                0x0000000000001338       0x70 Drivers/STM32F4xx_HAL_Driver/Src/stm32f4xx_ll_gpio.o
 .debug_aranges
                0x00000000000013a8       0x90 Drivers/STM32F4xx_HAL_Driver/Src/stm32f4xx_ll_spi.o

.debug_ranges   0x0000000000000000     0x12c0
 .debug_ranges  0x0000000000000000       0x18 Core/Libs/Quaternion.o
 .debug_ranges  0x0000000000000018      0x158 Core/Libs/bno080.o
 .debug_ranges  0x0000000000000170       0x58 Core/Libs/ubx_gnss.o
 .debug_ranges  0x00000000000001c8       0x10 Core/Src/dma.o
 .debug_ranges  0x00000000000001d8       0x10 Core/Src/gpio.o
 .debug_ranges  0x00000000000001e8       0x20 Core/Src/i2c.o
 .debug_ranges  0x0000000000000208       0x40 Core/Src/main.o
 .debug_ranges  0x0000000000000248       0x48 Core/Src/spi.o
 .debug_ranges  0x0000000000000290       0x10 Core/Src/stm32f4xx_hal_msp.o
 .debug_ranges  0x00000000000002a0       0x88 Core/Src/stm32f4xx_it.o
 .debug_ranges  0x0000000000000328       0x18 Core/Src/system_stm32f4xx.o
 .debug_ranges  0x0000000000000340       0x38 Core/Src/tim.o
 .debug_ranges  0x0000000000000378       0x20 Core/Src/usart.o
 .debug_ranges  0x0000000000000398       0x20 Core/Startup/startup_stm32f405rgtx.o
 .debug_ranges  0x00000000000003b8       0xe0 Drivers/STM32F4xx_HAL_Driver/Src/stm32f4xx_hal.o
 .debug_ranges  0x0000000000000498      0x108 Drivers/STM32F4xx_HAL_Driver/Src/stm32f4xx_hal_cortex.o
 .debug_ranges  0x00000000000005a0       0x80 Drivers/STM32F4xx_HAL_Driver/Src/stm32f4xx_hal_dma.o
 .debug_ranges  0x0000000000000620       0x48 Drivers/STM32F4xx_HAL_Driver/Src/stm32f4xx_hal_gpio.o
 .debug_ranges  0x0000000000000668      0x2a8 Drivers/STM32F4xx_HAL_Driver/Src/stm32f4xx_hal_i2c.o
 .debug_ranges  0x0000000000000910       0x78 Drivers/STM32F4xx_HAL_Driver/Src/stm32f4xx_hal_rcc.o
 .debug_ranges  0x0000000000000988      0x1c0 Drivers/STM32F4xx_HAL_Driver/Src/stm32f4xx_hal_spi.o
 .debug_ranges  0x0000000000000b48      0x398 Drivers/STM32F4xx_HAL_Driver/Src/stm32f4xx_hal_tim.o
 .debug_ranges  0x0000000000000ee0      0x140 Drivers/STM32F4xx_HAL_Driver/Src/stm32f4xx_hal_tim_ex.o
 .debug_ranges  0x0000000000001020      0x1c0 Drivers/STM32F4xx_HAL_Driver/Src/stm32f4xx_hal_uart.o
 .debug_ranges  0x00000000000011e0       0x60 Drivers/STM32F4xx_HAL_Driver/Src/stm32f4xx_ll_gpio.o
 .debug_ranges  0x0000000000001240       0x80 Drivers/STM32F4xx_HAL_Driver/Src/stm32f4xx_ll_spi.o

.debug_macro    0x0000000000000000     0x5744
 .debug_macro   0x0000000000000000       0xe5 Core/Libs/Quaternion.o
 .debug_macro   0x00000000000000e5      0xa60 Core/Libs/Quaternion.o
 .debug_macro   0x0000000000000b45       0x22 Core/Libs/Quaternion.o
 .debug_macro   0x0000000000000b67       0x40 Core/Libs/Quaternion.o
 .debug_macro   0x0000000000000ba7       0x18 Core/Libs/Quaternion.o
 .debug_macro   0x0000000000000bbf       0x94 Core/Libs/Quaternion.o
 .debug_macro   0x0000000000000c53       0x3c Core/Libs/Quaternion.o
 .debug_macro   0x0000000000000c8f       0x34 Core/Libs/Quaternion.o
 .debug_macro   0x0000000000000cc3      0x174 Core/Libs/Quaternion.o
 .debug_macro   0x0000000000000e37       0x57 Core/Libs/Quaternion.o
 .debug_macro   0x0000000000000e8e       0x52 Core/Libs/Quaternion.o
 .debug_macro   0x0000000000000ee0       0x1f Core/Libs/Quaternion.o
 .debug_macro   0x0000000000000eff       0x43 Core/Libs/Quaternion.o
 .debug_macro   0x0000000000000f42       0x20 Core/Libs/Quaternion.o
 .debug_macro   0x0000000000000f62      0x1a3 Core/Libs/Quaternion.o
 .debug_macro   0x0000000000001105      0x330 Core/Libs/Quaternion.o
 .debug_macro   0x0000000000001435      0x1e1 Core/Libs/Quaternion.o
 .debug_macro   0x0000000000001616      0x320 Core/Libs/bno080.o
 .debug_macro   0x0000000000001936       0x46 Core/Libs/bno080.o
 .debug_macro   0x000000000000197c      0x32a Core/Libs/bno080.o
 .debug_macro   0x0000000000001ca6      0x168 Core/Libs/bno080.o
 .debug_macro   0x0000000000001e0e      0x26a Core/Libs/ubx_gnss.o
 .debug_macro   0x0000000000002078       0x5e Core/Libs/ubx_gnss.o
 .debug_macro   0x00000000000020d6      0x265 Core/Src/dma.o
 .debug_macro   0x000000000000233b      0x265 Core/Src/gpio.o
 .debug_macro   0x00000000000025a0      0x265 Core/Src/i2c.o
 .debug_macro   0x0000000000002805      0x394 Core/Src/main.o
 .debug_macro   0x0000000000002b99       0x16 Core/Src/main.o
 .debug_macro   0x0000000000002baf       0x35 Core/Src/main.o
 .debug_macro   0x0000000000002be4       0x20 Core/Src/main.o
 .debug_macro   0x0000000000002c04       0x64 Core/Src/main.o
 .debug_macro   0x0000000000002c68       0x22 Core/Src/main.o
 .debug_macro   0x0000000000002c8a      0x265 Core/Src/spi.o
 .debug_macro   0x0000000000002eef      0x25b Core/Src/stm32f4xx_hal_msp.o
 .debug_macro   0x000000000000314a      0x265 Core/Src/stm32f4xx_it.o
 .debug_macro   0x00000000000033af      0x1f8 Core/Src/system_stm32f4xx.o
 .debug_macro   0x00000000000035a7      0x265 Core/Src/tim.o
 .debug_macro   0x000000000000380c      0x265 Core/Src/usart.o
 .debug_macro   0x0000000000003a71      0x252 Drivers/STM32F4xx_HAL_Driver/Src/stm32f4xx_hal.o
 .debug_macro   0x0000000000003cc3      0x1f2 Drivers/STM32F4xx_HAL_Driver/Src/stm32f4xx_hal_cortex.o
 .debug_macro   0x0000000000003eb5      0x1f8 Drivers/STM32F4xx_HAL_Driver/Src/stm32f4xx_hal_dma.o
 .debug_macro   0x00000000000040ad      0x228 Drivers/STM32F4xx_HAL_Driver/Src/stm32f4xx_hal_gpio.o
 .debug_macro   0x00000000000042d5      0x232 Drivers/STM32F4xx_HAL_Driver/Src/stm32f4xx_hal_i2c.o
 .debug_macro   0x0000000000004507      0x216 Drivers/STM32F4xx_HAL_Driver/Src/stm32f4xx_hal_rcc.o
 .debug_macro   0x000000000000471d      0x201 Drivers/STM32F4xx_HAL_Driver/Src/stm32f4xx_hal_spi.o
 .debug_macro   0x000000000000491e      0x1f3 Drivers/STM32F4xx_HAL_Driver/Src/stm32f4xx_hal_tim.o
 .debug_macro   0x0000000000004b11      0x1f2 Drivers/STM32F4xx_HAL_Driver/Src/stm32f4xx_hal_tim_ex.o
 .debug_macro   0x0000000000004d03      0x1f3 Drivers/STM32F4xx_HAL_Driver/Src/stm32f4xx_hal_uart.o
 .debug_macro   0x0000000000004ef6      0x234 Drivers/STM32F4xx_HAL_Driver/Src/stm32f4xx_ll_gpio.o
 .debug_macro   0x000000000000512a      0x143 Drivers/STM32F4xx_HAL_Driver/Src/stm32f4xx_ll_gpio.o
 .debug_macro   0x000000000000526d      0x2a1 Drivers/STM32F4xx_HAL_Driver/Src/stm32f4xx_ll_spi.o
 .debug_macro   0x000000000000550e      0x236 Drivers/STM32F4xx_HAL_Driver/Src/stm32f4xx_ll_spi.o

.debug_line     0x0000000000000000    0x11595
 .debug_line    0x0000000000000000      0x4d0 Core/Libs/Quaternion.o
 .debug_line    0x00000000000004d0      0xe04 Core/Libs/bno080.o
 .debug_line    0x00000000000012d4      0x985 Core/Libs/ubx_gnss.o
 .debug_line    0x0000000000001c59      0x7ef Core/Src/dma.o
 .debug_line    0x0000000000002448      0x820 Core/Src/gpio.o
 .debug_line    0x0000000000002c68      0x821 Core/Src/i2c.o
 .debug_line    0x0000000000003489      0xa82 Core/Src/main.o
 .debug_line    0x0000000000003f0b      0x8ef Core/Src/spi.o
 .debug_line    0x00000000000047fa      0x7ef Core/Src/stm32f4xx_hal_msp.o
 .debug_line    0x0000000000004fe9      0x911 Core/Src/stm32f4xx_it.o
 .debug_line    0x00000000000058fa      0x724 Core/Src/system_stm32f4xx.o
 .debug_line    0x000000000000601e      0x88a Core/Src/tim.o
 .debug_line    0x00000000000068a8      0x831 Core/Src/usart.o
 .debug_line    0x00000000000070d9       0x85 Core/Startup/startup_stm32f405rgtx.o
 .debug_line    0x000000000000715e      0x90e Drivers/STM32F4xx_HAL_Driver/Src/stm32f4xx_hal.o
 .debug_line    0x0000000000007a6c      0xa32 Drivers/STM32F4xx_HAL_Driver/Src/stm32f4xx_hal_cortex.o
 .debug_line    0x000000000000849e      0x9dc Drivers/STM32F4xx_HAL_Driver/Src/stm32f4xx_hal_dma.o
 .debug_line    0x0000000000008e7a      0x8ed Drivers/STM32F4xx_HAL_Driver/Src/stm32f4xx_hal_gpio.o
 .debug_line    0x0000000000009767     0x1b48 Drivers/STM32F4xx_HAL_Driver/Src/stm32f4xx_hal_i2c.o
 .debug_line    0x000000000000b2af      0x966 Drivers/STM32F4xx_HAL_Driver/Src/stm32f4xx_hal_rcc.o
 .debug_line    0x000000000000bc15     0x10ca Drivers/STM32F4xx_HAL_Driver/Src/stm32f4xx_hal_spi.o
 .debug_line    0x000000000000ccdf     0x1987 Drivers/STM32F4xx_HAL_Driver/Src/stm32f4xx_hal_tim.o
 .debug_line    0x000000000000e666      0xd24 Drivers/STM32F4xx_HAL_Driver/Src/stm32f4xx_hal_tim_ex.o
 .debug_line    0x000000000000f38a     0x101c Drivers/STM32F4xx_HAL_Driver/Src/stm32f4xx_hal_uart.o
 .debug_line    0x00000000000103a6      0x8f6 Drivers/STM32F4xx_HAL_Driver/Src/stm32f4xx_ll_gpio.o
 .debug_line    0x0000000000010c9c      0x8f9 Drivers/STM32F4xx_HAL_Driver/Src/stm32f4xx_ll_spi.o

.debug_str      0x0000000000000000    0xce9c6
 .debug_str     0x0000000000000000     0x6a8e Core/Libs/Quaternion.o
                                       0x6c5b (size before relaxing)
 .debug_str     0x0000000000006a8e    0xc21b0 Core/Libs/bno080.o
                                      0xc92ba (size before relaxing)
 .debug_str     0x00000000000c8c3e      0x282 Core/Libs/ubx_gnss.o
                                      0xc4512 (size before relaxing)
 .debug_str     0x00000000000c8ec0      0x125 Core/Src/dma.o