Archive member included to satisfy reference by file (symbol)

c:/st/stm32cubeide_1.3.0/stm32cubeide/plugins/com.st.stm32cube.ide.mcu.externaltools.gnu-tools-for-stm32.7-2018-q2-update.win32_1.4.0.202007081208/tools/bin/../lib/gcc/arm-none-eabi/7.3.1/../../../../arm-none-eabi/lib/thumb/v7e-m/fpv4-sp/hard\libc_nano.a(lib_a-errno.o)
                              Core/Src/syscalls.o (__errno)
c:/st/stm32cubeide_1.3.0/stm32cubeide/plugins/com.st.stm32cube.ide.mcu.externaltools.gnu-tools-for-stm32.7-2018-q2-update.win32_1.4.0.202007081208/tools/bin/../lib/gcc/arm-none-eabi/7.3.1/../../../../arm-none-eabi/lib/thumb/v7e-m/fpv4-sp/hard\libc_nano.a(lib_a-exit.o)
                              c:/st/stm32cubeide_1.3.0/stm32cubeide/plugins/com.st.stm32cube.ide.mcu.externaltools.gnu-tools-for-stm32.7-2018-q2-update.win32_1.4.0.202007081208/tools/bin/../lib/gcc/arm-none-eabi/7.3.1/../../../../arm-none-eabi/lib/thumb/v7e-m/fpv4-sp/hard/crt0.o (exit)
c:/st/stm32cubeide_1.3.0/stm32cubeide/plugins/com.st.stm32cube.ide.mcu.externaltools.gnu-tools-for-stm32.7-2018-q2-update.win32_1.4.0.202007081208/tools/bin/../lib/gcc/arm-none-eabi/7.3.1/../../../../arm-none-eabi/lib/thumb/v7e-m/fpv4-sp/hard\libc_nano.a(lib_a-impure.o)
                              c:/st/stm32cubeide_1.3.0/stm32cubeide/plugins/com.st.stm32cube.ide.mcu.externaltools.gnu-tools-for-stm32.7-2018-q2-update.win32_1.4.0.202007081208/tools/bin/../lib/gcc/arm-none-eabi/7.3.1/../../../../arm-none-eabi/lib/thumb/v7e-m/fpv4-sp/hard\libc_nano.a(lib_a-exit.o) (_global_impure_ptr)
c:/st/stm32cubeide_1.3.0/stm32cubeide/plugins/com.st.stm32cube.ide.mcu.externaltools.gnu-tools-for-stm32.7-2018-q2-update.win32_1.4.0.202007081208/tools/bin/../lib/gcc/arm-none-eabi/7.3.1/../../../../arm-none-eabi/lib/thumb/v7e-m/fpv4-sp/hard\libc_nano.a(lib_a-init.o)
                              c:/st/stm32cubeide_1.3.0/stm32cubeide/plugins/com.st.stm32cube.ide.mcu.externaltools.gnu-tools-for-stm32.7-2018-q2-update.win32_1.4.0.202007081208/tools/bin/../lib/gcc/arm-none-eabi/7.3.1/../../../../arm-none-eabi/lib/thumb/v7e-m/fpv4-sp/hard/crt0.o (__libc_init_array)
c:/st/stm32cubeide_1.3.0/stm32cubeide/plugins/com.st.stm32cube.ide.mcu.externaltools.gnu-tools-for-stm32.7-2018-q2-update.win32_1.4.0.202007081208/tools/bin/../lib/gcc/arm-none-eabi/7.3.1/../../../../arm-none-eabi/lib/thumb/v7e-m/fpv4-sp/hard\libc_nano.a(lib_a-memset.o)
                              c:/st/stm32cubeide_1.3.0/stm32cubeide/plugins/com.st.stm32cube.ide.mcu.externaltools.gnu-tools-for-stm32.7-2018-q2-update.win32_1.4.0.202007081208/tools/bin/../lib/gcc/arm-none-eabi/7.3.1/../../../../arm-none-eabi/lib/thumb/v7e-m/fpv4-sp/hard/crt0.o (memset)
c:/st/stm32cubeide_1.3.0/stm32cubeide/plugins/com.st.stm32cube.ide.mcu.externaltools.gnu-tools-for-stm32.7-2018-q2-update.win32_1.4.0.202007081208/tools/bin/../lib/gcc/arm-none-eabi/7.3.1/../../../../arm-none-eabi/lib/thumb/v7e-m/fpv4-sp/hard\libm.a(lib_a-wf_asin.o)
                              Core/Libs/Quaternion.o (asinf)
c:/st/stm32cubeide_1.3.0/stm32cubeide/plugins/com.st.stm32cube.ide.mcu.externaltools.gnu-tools-for-stm32.7-2018-q2-update.win32_1.4.0.202007081208/tools/bin/../lib/gcc/arm-none-eabi/7.3.1/../../../../arm-none-eabi/lib/thumb/v7e-m/fpv4-sp/hard\libm.a(lib_a-wf_atan2.o)
                              Core/Libs/Quaternion.o (atan2f)
c:/st/stm32cubeide_1.3.0/stm32cubeide/plugins/com.st.stm32cube.ide.mcu.externaltools.gnu-tools-for-stm32.7-2018-q2-update.win32_1.4.0.202007081208/tools/bin/../lib/gcc/arm-none-eabi/7.3.1/../../../../arm-none-eabi/lib/thumb/v7e-m/fpv4-sp/hard\libm.a(lib_a-wf_pow.o)
                              Core/Libs/bno080.o (powf)
c:/st/stm32cubeide_1.3.0/stm32cubeide/plugins/com.st.stm32cube.ide.mcu.externaltools.gnu-tools-for-stm32.7-2018-q2-update.win32_1.4.0.202007081208/tools/bin/../lib/gcc/arm-none-eabi/7.3.1/../../../../arm-none-eabi/lib/thumb/v7e-m/fpv4-sp/hard\libm.a(lib_a-ef_asin.o)
                              c:/st/stm32cubeide_1.3.0/stm32cubeide/plugins/com.st.stm32cube.ide.mcu.externaltools.gnu-tools-for-stm32.7-2018-q2-update.win32_1.4.0.202007081208/tools/bin/../lib/gcc/arm-none-eabi/7.3.1/../../../../arm-none-eabi/lib/thumb/v7e-m/fpv4-sp/hard\libm.a(lib_a-wf_asin.o) (__ieee754_asinf)
c:/st/stm32cubeide_1.3.0/stm32cubeide/plugins/com.st.stm32cube.ide.mcu.externaltools.gnu-tools-for-stm32.7-2018-q2-update.win32_1.4.0.202007081208/tools/bin/../lib/gcc/arm-none-eabi/7.3.1/../../../../arm-none-eabi/lib/thumb/v7e-m/fpv4-sp/hard\libm.a(lib_a-ef_atan2.o)
                              c:/st/stm32cubeide_1.3.0/stm32cubeide/plugins/com.st.stm32cube.ide.mcu.externaltools.gnu-tools-for-stm32.7-2018-q2-update.win32_1.4.0.202007081208/tools/bin/../lib/gcc/arm-none-eabi/7.3.1/../../../../arm-none-eabi/lib/thumb/v7e-m/fpv4-sp/hard\libm.a(lib_a-wf_atan2.o) (__ieee754_atan2f)
[...]
Memory Configuration

Name             Origin             Length             Attributes
CCMRAM           0x0000000010000000 0x0000000000010000 xrw
RAM              0x0000000020000000 0x0000000000020000 xrw
FLASH            0x0000000008000000 0x0000000000100000 xr
*default*        0x0000000000000000 0xffffffffffffffff

Linker script and memory map

LOAD c:/st/stm32cubeide_1.3.0/stm32cubeide/plugins/com.st.stm32cube.ide.mcu.externaltools.gnu-tools-for-stm32.7-2018-q2-update.win32_1.4.0.202007081208/tools/bin/../lib/gcc/arm-none-eabi/7.3.1/thumb/v7e-m/fpv4-sp/hard/crti.o
LOAD c:/st/stm32cubeide_1.3.0/stm32cubeide/plugins/com.st.stm32cube.ide.mcu.externaltools.gnu-tools-for-stm32.7-2018-q2-update.win32_1.4.0.202007081208/tools/bin/../lib/gcc/arm-none-eabi/7.3.1/thumb/v7e-m/fpv4-sp/hard/crtbegin.o
LOAD c:/st/stm32cubeide_1.3.0/stm32cubeide/plugins/com.st.stm32cube.ide.mcu.externaltools.gnu-tools-for-stm32.7-2018-q2-update.win32_1.4.0.202007081208/tools/bin/../lib/gcc/arm-none-eabi/7.3.1/../../../../arm-none-eabi/lib/thumb/v7e-m/fpv4-sp/hard/crt0.o
LOAD Core/Libs/Quaternion.o
LOAD Core/Libs/TR_One_HAL.o
LOAD Core/Libs/bno080.o
LOAD Core/Libs/ubx_gnss.o
LOAD Core/Src/dma.o
LOAD Core/Src/gpio.o
LOAD Core/Src/i2c.o
LOAD Core/Src/main.o
LOAD Core/Src/spi.o
LOAD Core/Src/stm32f4xx_hal_msp.o
LOAD Core/Src/stm32f4xx_it.o
LOAD Core/Src/syscalls.o
LOAD Core/Src/sysmem.o
LOAD Core/Src/system_stm32f4xx.o
LOAD Core/Src/usart.o
LOAD Core/Startup/startup_stm32f405rgtx.o
LOAD Drivers/STM32F4xx_HAL_Driver/Src/stm32f4xx_hal.o
LOAD Drivers/STM32F4xx_HAL_Driver/Src/stm32f4xx_hal_cortex.o
LOAD Drivers/STM32F4xx_HAL_Driver/Src/stm32f4xx_hal_dma.o
LOAD Drivers/STM32F4xx_HAL_Driver/Src/stm32f4xx_hal_dma_ex.o
LOAD Drivers/STM32F4xx_HAL_Driver/Src/stm32f4xx_hal_exti.o
LOAD Drivers/STM32F4xx_HAL_Driver/Src/stm32f4xx_hal_flash.o
LOAD Drivers/STM32F4xx_HAL_Driver/Src/stm32f4xx_hal_flash_ex.o
LOAD Drivers/STM32F4xx_HAL_Driver/Src/stm32f4xx_hal_flash_ramfunc.o
LOAD Drivers/STM32F4xx_HAL_Driver/Src/stm32f4xx_hal_gpio.o
LOAD Drivers/STM32F4xx_HAL_Driver/Src/stm32f4xx_hal_i2c.o
LOAD Drivers/STM32F4xx_HAL_Driver/Src/stm32f4xx_hal_i2c_ex.o
LOAD Drivers/STM32F4xx_HAL_Driver/Src/stm32f4xx_hal_pwr.o
LOAD Drivers/STM32F4xx_HAL_Driver/Src/stm32f4xx_hal_pwr_ex.o
LOAD Drivers/STM32F4xx_HAL_Driver/Src/stm32f4xx_hal_rcc.o
LOAD Drivers/STM32F4xx_HAL_Driver/Src/stm32f4xx_hal_rcc_ex.o
LOAD Drivers/STM32F4xx_HAL_Driver/Src/stm32f4xx_hal_spi.o
LOAD Drivers/STM32F4xx_HAL_Driver/Src/stm32f4xx_hal_tim.o
LOAD Drivers/STM32F4xx_HAL_Driver/Src/stm32f4xx_hal_tim_ex.o
LOAD Drivers/STM32F4xx_HAL_Driver/Src/stm32f4xx_hal_uart.o
LOAD Drivers/STM32F4xx_HAL_Driver/Src/stm32f4xx_ll_dma.o
LOAD Drivers/STM32F4xx_HAL_Driver/Src/stm32f4xx_ll_exti.o
LOAD Drivers/STM32F4xx_HAL_Driver/Src/stm32f4xx_ll_gpio.o
LOAD Drivers/STM32F4xx_HAL_Driver/Src/stm32f4xx_ll_rcc.o
LOAD Drivers/STM32F4xx_HAL_Driver/Src/stm32f4xx_ll_spi.o
LOAD Drivers/STM32F4xx_HAL_Driver/Src/stm32f4xx_ll_utils.o
START GROUP
LOAD c:/st/stm32cubeide_1.3.0/stm32cubeide/plugins/com.st.stm32cube.ide.mcu.externaltools.gnu-tools-for-stm32.7-2018-q2-update.win32_1.4.0.202007081208/tools/bin/../lib/gcc/arm-none-eabi/7.3.1/../../../../arm-none-eabi/lib/thumb/v7e-m/fpv4-sp/hard\libc_nano.a
LOAD c:/st/stm32cubeide_1.3.0/stm32cubeide/plugins/com.st.stm32cube.ide.mcu.externaltools.gnu-tools-for-stm32.7-2018-q2-update.win32_1.4.0.202007081208/tools/bin/../lib/gcc/arm-none-eabi/7.3.1/../../../../arm-none-eabi/lib/thumb/v7e-m/fpv4-sp/hard\libm.a
END GROUP
START GROUP
LOAD c:/st/stm32cubeide_1.3.0/stm32cubeide/plugins/com.st.stm32cube.ide.mcu.externaltools.gnu-tools-for-stm32.7-2018-q2-update.win32_1.4.0.202007081208/tools/bin/../lib/gcc/arm-none-eabi/7.3.1/thumb/v7e-m/fpv4-sp/hard\libgcc.a
LOAD c:/st/stm32cubeide_1.3.0/stm32cubeide/plugins/com.st.stm32cube.ide.mcu.externaltools.gnu-tools-for-stm32.7-2018-q2-update.win32_1.4.0.202007081208/tools/bin/../lib/gcc/arm-none-eabi/7.3.1/../../../../arm-none-eabi/lib/thumb/v7e-m/fpv4-sp/hard\libc_nano.a
END GROUP
START GROUP
LOAD c:/st/stm32cubeide_1.3.0/stm32cubeide/plugins/com.st.stm32cube.ide.mcu.externaltools.gnu-tools-for-stm32.7-2018-q2-update.win32_1.4.0.202007081208/tools/bin/../lib/gcc/arm-none-eabi/7.3.1/thumb/v7e-m/fpv4-sp/hard\libgcc.a
LOAD c:/st/stm32cubeide_1.3.0/stm32cubeide/plugins/com.st.stm32cube.ide.mcu.externaltools.gnu-tools-for-stm32.7-2018-q2-update.win32_1.4.0.202007081208/tools/bin/../lib/gcc/arm-none-eabi/7.3.1/../../../../arm-none-eabi/lib/thumb/v7e-m/fpv4-sp/hard\libc_nano.a
LOAD c:/st/stm32cubeide_1.3.0/stm32cubeide/plugins/com.st.stm32cube.ide.mcu.externaltools.gnu-tools-for-stm32.7-2018-q2-update.win32_1.4.0.202007081208/tools/bin/../lib/gcc/arm-none-eabi/7.3.1/../../../../arm-none-eabi/lib/thumb/v7e-m/fpv4-sp/hard\libnosys.a
END GROUP
START GROUP
LOAD c:/st/stm32cubeide_1.3.0/stm32cubeide/plugins/com.st.stm32cube.ide.mcu.externaltools.gnu-tools-for-stm32.7-2018-q2-update.win32_1.4.0.202007081208/tools/bin/../lib/gcc/arm-none-eabi/7.3.1/thumb/v7e-m/fpv4-sp/hard\libgcc.a
LOAD c:/st/stm32cubeide_1.3.0/stm32cubeide/plugins/com.st.stm32cube.ide.mcu.externaltools.gnu-tools-for-stm32.7-2018-q2-update.win32_1.4.0.202007081208/tools/bin/../lib/gcc/arm-none-eabi/7.3.1/../../../../arm-none-eabi/lib/thumb/v7e-m/fpv4-sp/hard\libc_nano.a
LOAD c:/st/stm32cubeide_1.3.0/stm32cubeide/plugins/com.st.stm32cube.ide.mcu.externaltools.gnu-tools-for-stm32.7-2018-q2-update.win32_1.4.0.202007081208/tools/bin/../lib/gcc/arm-none-eabi/7.3.1/../../../../arm-none-eabi/lib/thumb/v7e-m/fpv4-sp/hard\libnosys.a
END GROUP
LOAD c:/st/stm32cubeide_1.3.0/stm32cubeide/plugins/com.st.stm32cube.ide.mcu.externaltools.gnu-tools-for-stm32.7-2018-q2-update.win32_1.4.0.202007081208/tools/bin/../lib/gcc/arm-none-eabi/7.3.1/thumb/v7e-m/fpv4-sp/hard/crtend.o
LOAD c:/st/stm32cubeide_1.3.0/stm32cubeide/plugins/com.st.stm32cube.ide.mcu.externaltools.gnu-tools-for-stm32.7-2018-q2-update.win32_1.4.0.202007081208/tools/bin/../lib/gcc/arm-none-eabi/7.3.1/thumb/v7e-m/fpv4-sp/hard/crtn.o
                0x0000000020020000                _estack = (ORIGIN (RAM) + LENGTH (RAM))
                0x0000000000002000                _Min_Heap_Size = 0x2000
                0x0000000000004000                _Min_Stack_Size = 0x4000

.isr_vector     0x0000000008000000      0x188
                0x0000000008000000                . = ALIGN (0x4)
 *(.isr_vector)
 .isr_vector    0x0000000008000000      0x188 Core/Startup/startup_stm32f405rgtx.o
                0x0000000008000000                g_pfnVectors
                0x0000000008000188                . = ALIGN (0x4)

.text           0x0000000008000188     0x6974
                0x0000000008000188                . = ALIGN (0x4)
 *(.text)
 .text          0x0000000008000188       0x40 c:/st/stm32cubeide_1.3.0/stm32cubeide/plugins/com.st.stm32cube.ide.mcu.externaltools.gnu-tools-for-stm32.7-2018-q2-update.win32_1.4.0.202007081208/tools/bin/../lib/gcc/arm-none-eabi/7.3.1/thumb/v7e-m/fpv4-sp/hard/crtbegin.o
 .text          0x00000000080001c8      0x378 c:/st/stm32cubeide_1.3.0/stm32cubeide/plugins/com.st.stm32cube.ide.mcu.externaltools.gnu-tools-for-stm32.7-2018-q2-update.win32_1.4.0.202007081208/tools/bin/../lib/gcc/arm-none-eabi/7.3.1/thumb/v7e-m/fpv4-sp/hard\libgcc.a(_arm_addsubdf3.o)
                0x00000000080001c8                __aeabi_drsub
                0x00000000080001d0                __aeabi_dsub
                0x00000000080001d0                __subdf3
                0x00000000080001d4                __aeabi_dadd
                0x00000000080001d4                __adddf3
                0x000000000800044c                __floatunsidf
                0x000000000800044c                __aeabi_ui2d
                0x000000000800046c                __floatsidf
                0x000000000800046c                __aeabi_i2d
                0x0000000008000490                __aeabi_f2d
                0x0000000008000490                __extendsfdf2
                0x00000000080004d4                __floatundidf
                0x00000000080004d4                __aeabi_ul2d
                0x00000000080004e4                __floatdidf
                0x00000000080004e4                __aeabi_l2d
 .text          0x0000000008000540      0x424 c:/st/stm32cubeide_1.3.0/stm32cubeide/plugins/com.st.stm32cube.ide.mcu.externaltools.gnu-tools-for-stm32.7-2018-q2-update.win32_1.4.0.202007081208/tools/bin/../lib/gcc/arm-none-eabi/7.3.1/thumb/v7e-m/fpv4-sp/hard\libgcc.a(_arm_muldivdf3.o)
                0x0000000008000540                __aeabi_dmul
                0x0000000008000540                __muldf3
                0x0000000008000794                __divdf3
                0x0000000008000794                __aeabi_ddiv
 .text          0x0000000008000964       0xa0 c:/st/stm32cubeide_1.3.0/stm32cubeide/plugins/com.st.stm32cube.ide.mcu.externaltools.gnu-tools-for-stm32.7-2018-q2-update.win32_1.4.0.202007081208/tools/bin/../lib/gcc/arm-none-eabi/7.3.1/thumb/v7e-m/fpv4-sp/hard\libgcc.a(_arm_truncdfsf2.o)
                0x0000000008000964                __truncdfsf2
                0x0000000008000964                __aeabi_d2f
 .text          0x0000000008000a04       0x30 c:/st/stm32cubeide_1.3.0/stm32cubeide/plugins/com.st.stm32cube.ide.mcu.externaltools.gnu-tools-for-stm32.7-2018-q2-update.win32_1.4.0.202007081208/tools/bin/../lib/gcc/arm-none-eabi/7.3.1/thumb/v7e-m/fpv4-sp/hard\libgcc.a(_aeabi_uldivmod.o)
                0x0000000008000a04                __aeabi_uldivmod
 .text          0x0000000008000a34      0x2cc c:/st/stm32cubeide_1.3.0/stm32cubeide/plugins/com.st.stm32cube.ide.mcu.externaltools.gnu-tools-for-stm32.7-2018-q2-update.win32_1.4.0.202007081208/tools/bin/../lib/gcc/arm-none-eabi/7.3.1/thumb/v7e-m/fpv4-sp/hard\libgcc.a(_udivmoddi4.o)
                0x0000000008000a34                __udivmoddi4
 .text          0x0000000008000d00        0x4 c:/st/stm32cubeide_1.3.0/stm32cubeide/plugins/com.st.stm32cube.ide.mcu.externaltools.gnu-tools-for-stm32.7-2018-q2-update.win32_1.4.0.202007081208/tools/bin/../lib/gcc/arm-none-eabi/7.3.1/thumb/v7e-m/fpv4-sp/hard\libgcc.a(_dvmd_tls.o)
                0x0000000008000d00                __aeabi_idiv0
                0x0000000008000d00                __aeabi_ldiv0
 *(.text*)
 .text.Quaternion_Update
                0x0000000008000d04      0x2a4 Core/Libs/Quaternion.o
                0x0000000008000d04                Quaternion_Update
 .text.invSqrt  0x0000000008000fa8       0x78 Core/Libs/Quaternion.o
                0x0000000008000fa8                invSqrt
 .text.LL_SPI_Enable
                0x0000000008001020       0x20 Core/Libs/bno080.o
 .text.LL_SPI_IsActiveFlag_RXNE
                0x0000000008001040       0x26 Core/Libs/bno080.o
 .text.LL_SPI_IsActiveFlag_TXE
                0x0000000008001066       0x26 Core/Libs/bno080.o
 .text.LL_SPI_IsActiveFlag_BSY
                0x000000000800108c       0x26 Core/Libs/bno080.o
 .text.LL_SPI_ReceiveData8
                0x00000000080010b2       0x1a Core/Libs/bno080.o
 .text.LL_SPI_TransmitData8
                0x00000000080010cc       0x24 Core/Libs/bno080.o
 .text.bno080_Initialization
                0x00000000080010f0       0xac Core/Libs/bno080.o
                0x00000000080010f0                bno080_Initialization
 .text.bno080_start_IT
                0x000000000800119c        0xe Core/Libs/bno080.o
                0x000000000800119c                bno080_start_IT
 .text.bno080_stop_IT
                0x00000000080011aa        0xe Core/Libs/bno080.o
                0x00000000080011aa                bno080_stop_IT
 .text.bno080_qToFloat
                0x00000000080011b8       0x4e Core/Libs/bno080.o
                0x00000000080011b8                bno080_qToFloat
 .text.bno080_enableRotationVector
                0x0000000008001206       0x1e Core/Libs/bno080.o
                0x0000000008001206                bno080_enableRotationVector
 .text.setFeatureCommand
                0x0000000008001224       0xa4 Core/Libs/bno080.o
                0x0000000008001224                setFeatureCommand
 .text.parseCommandReport
                0x00000000080012c8       0x38 Core/Libs/bno080.o
                0x00000000080012c8                parseCommandReport
 .text.parseInputReport
                0x0000000008001300      0x284 Core/Libs/bno080.o
                0x0000000008001300                parseInputReport
 .text.bno080_getQuatI
                0x0000000008001584       0x2c Core/Libs/bno080.o
                0x0000000008001584                bno080_getQuatI
 .text.bno080_getQuatJ
                0x00000000080015b0       0x2c Core/Libs/bno080.o
                0x00000000080015b0                bno080_getQuatJ
 .text.bno080_getQuatK
                0x00000000080015dc       0x2c Core/Libs/bno080.o
                0x00000000080015dc                bno080_getQuatK
 .text.bno080_getQuatReal
                0x0000000008001608       0x2c Core/Libs/bno080.o
                0x0000000008001608                bno080_getQuatReal
 .text.bno080_getQuatRadianAccuracy
                0x0000000008001634       0x2c Core/Libs/bno080.o
                0x0000000008001634                bno080_getQuatRadianAccuracy
 .text.waitForSPI
                0x0000000008001660       0x54 Core/Libs/bno080.o
                0x0000000008001660                waitForSPI
 .text.receivePacket
                0x00000000080016b4       0xf0 Core/Libs/bno080.o
                0x00000000080016b4                receivePacket
 .text.receivePacket_IT
                0x00000000080017a4      0x100 Core/Libs/bno080.o
                0x00000000080017a4                receivePacket_IT
 .text.sendPacket
                0x00000000080018a4       0xa0 Core/Libs/bno080.o
                0x00000000080018a4                sendPacket
 .text.LL_SPI_SendByte
                0x0000000008001944       0x54 Core/Libs/bno080.o
                0x0000000008001944                LL_SPI_SendByte
 .text.HAL_GPIO_EXTI_Callback
                0x0000000008001998       0x74 Core/Libs/bno080.o
                0x0000000008001998                HAL_GPIO_EXTI_Callback
 .text.ubx_handleGNSS
                0x0000000008001a0c       0x52 Core/Libs/ubx_gnss.o
                0x0000000008001a0c                ubx_handleGNSS
 .text.EventsCommGNSS
                0x0000000008001a5e       0x1e Core/Libs/ubx_gnss.o
                0x0000000008001a5e                EventsCommGNSS
 .text.initGNSSrx
                0x0000000008001a7c       0x24 Core/Libs/ubx_gnss.o
                0x0000000008001a7c                initGNSSrx
 .text.readUBXpkt
                0x0000000008001aa0       0x98 Core/Libs/ubx_gnss.o
                0x0000000008001aa0                readUBXpkt
 .text.parseUBX
                0x0000000008001b38      0x244 Core/Libs/ubx_gnss.o
                0x0000000008001b38                parseUBX
 .text.addUBXpktByte
                0x0000000008001d7c      0x190 Core/Libs/ubx_gnss.o
                0x0000000008001d7c                addUBXpktByte
 .text.checkUBX
                0x0000000008001f0c       0x54 Core/Libs/ubx_gnss.o
                0x0000000008001f0c                checkUBX
 .text.crcUBX   0x0000000008001f60       0x62 Core/Libs/ubx_gnss.o
                0x0000000008001f60                crcUBX
 .text.bytesToLong
                0x0000000008001fc2       0x48 Core/Libs/ubx_gnss.o
                0x0000000008001fc2                bytesToLong
 .text.bytesToShort
                0x000000000800200a       0x2a Core/Libs/ubx_gnss.o
                0x000000000800200a                bytesToShort
 .text.MX_DMA_Init
                0x0000000008002034       0x7c Core/Src/dma.o
                0x0000000008002034                MX_DMA_Init
 .text.MX_GPIO_Init
                0x00000000080020b0      0x1ec Core/Src/gpio.o
                0x00000000080020b0                MX_GPIO_Init
 .text.MX_I2C1_Init
                0x000000000800229c       0x5c Core/Src/i2c.o
                0x000000000800229c                MX_I2C1_Init
 .text.HAL_I2C_MspInit
                0x00000000080022f8       0x90 Core/Src/i2c.o
                0x00000000080022f8                HAL_I2C_MspInit
 .text.HAL_SPI_TxCpltCallback
                0x0000000008002388       0x14 Core/Src/main.o
                0x0000000008002388                HAL_SPI_TxCpltCallback
 .text.main     0x000000000800239c       0xc4 Core/Src/main.o
                0x000000000800239c                main
 .text.SystemClock_Config
                0x0000000008002460       0xd4 Core/Src/main.o
                0x0000000008002460                SystemClock_Config
 .text.MX_NVIC_Init
                0x0000000008002534       0x18 Core/Src/main.o
 .text.HAL_UART_RxCpltCallback
                0x000000000800254c       0x28 Core/Src/main.o
                0x000000000800254c                HAL_UART_RxCpltCallback
 .text.Error_Handler
                0x0000000008002574        0xe Core/Src/main.o
                0x0000000008002574                Error_Handler
 .text.LL_SPI_SetStandard
                0x0000000008002582       0x26 Core/Src/spi.o
 .text.LL_AHB1_GRP1_EnableClock
                0x00000000080025a8       0x30 Core/Src/spi.o
 .text.LL_APB1_GRP1_EnableClock
                0x00000000080025d8       0x30 Core/Src/spi.o
 .text.MX_SPI1_Init
                0x0000000008002608       0x64 Core/Src/spi.o
                0x0000000008002608                MX_SPI1_Init
 .text.MX_SPI2_Init
                0x000000000800266c       0xd4 Core/Src/spi.o
                0x000000000800266c                MX_SPI2_Init
 .text.MX_SPI3_Init
                0x0000000008002740       0xd4 Core/Src/spi.o
                0x0000000008002740                MX_SPI3_Init
 .text.HAL_SPI_MspInit
                0x0000000008002814      0x188 Core/Src/spi.o
                0x0000000008002814                HAL_SPI_MspInit
 .text.HAL_MspInit
                0x000000000800299c       0x50 Core/Src/stm32f4xx_hal_msp.o
                0x000000000800299c                HAL_MspInit
 .text.NMI_Handler
                0x00000000080029ec        0xe Core/Src/stm32f4xx_it.o
                0x00000000080029ec                NMI_Handler
 .text.HardFault_Handler
                0x00000000080029fa        0x6 Core/Src/stm32f4xx_it.o
                0x00000000080029fa                HardFault_Handler
 .text.MemManage_Handler
                0x0000000008002a00        0x6 Core/Src/stm32f4xx_it.o
                0x0000000008002a00                MemManage_Handler
 .text.BusFault_Handler
                0x0000000008002a06        0x6 Core/Src/stm32f4xx_it.o
                0x0000000008002a06                BusFault_Handler
 .text.UsageFault_Handler
                0x0000000008002a0c        0x6 Core/Src/stm32f4xx_it.o
                0x0000000008002a0c                UsageFault_Handler
 .text.SVC_Handler
                0x0000000008002a12        0xe Core/Src/stm32f4xx_it.o
                0x0000000008002a12                SVC_Handler
 .text.DebugMon_Handler
                0x0000000008002a20        0xe Core/Src/stm32f4xx_it.o
                0x0000000008002a20                DebugMon_Handler
 .text.PendSV_Handler
                0x0000000008002a2e        0xe Core/Src/stm32f4xx_it.o
                0x0000000008002a2e                PendSV_Handler
 .text.SysTick_Handler
                0x0000000008002a3c        0xc Core/Src/stm32f4xx_it.o
                0x0000000008002a3c                SysTick_Handler
 .text.DMA1_Stream5_IRQHandler
                0x0000000008002a48       0x14 Core/Src/stm32f4xx_it.o
                0x0000000008002a48                DMA1_Stream5_IRQHandler
 .text.SPI1_IRQHandler
                0x0000000008002a5c       0x14 Core/Src/stm32f4xx_it.o
                0x0000000008002a5c                SPI1_IRQHandler
 .text.EXTI15_10_IRQHandler
                0x0000000008002a70       0x10 Core/Src/stm32f4xx_it.o
                0x0000000008002a70                EXTI15_10_IRQHandler
 .text.DMA2_Stream0_IRQHandler
                0x0000000008002a80       0x14 Core/Src/stm32f4xx_it.o
                0x0000000008002a80                DMA2_Stream0_IRQHandler
 .text.DMA2_Stream3_IRQHandler
                0x0000000008002a94       0x14 Core/Src/stm32f4xx_it.o
                0x0000000008002a94                DMA2_Stream3_IRQHandler
 .text.SystemInit
                0x0000000008002aa8       0x2c Core/Src/system_stm32f4xx.o
                0x0000000008002aa8                SystemInit
 .text.MX_USART2_UART_Init
                0x0000000008002ad4       0x54 Core/Src/usart.o
                0x0000000008002ad4                MX_USART2_UART_Init
 .text.HAL_UART_MspInit
                0x0000000008002b28       0xf4 Core/Src/usart.o
                0x0000000008002b28                HAL_UART_MspInit
 .text.Reset_Handler
                0x0000000008002c1c       0x50 Core/Startup/startup_stm32f405rgtx.o
                0x0000000008002c1c                Reset_Handler
 .text.Default_Handler
                0x0000000008002c6c        0x2 Core/Startup/startup_stm32f405rgtx.o
                0x0000000008002c6c                RTC_Alarm_IRQHandler
                0x0000000008002c6c                HASH_RNG_IRQHandler
                0x0000000008002c6c                EXTI2_IRQHandler
                0x0000000008002c6c                TIM8_CC_IRQHandler
                0x0000000008002c6c                TIM1_CC_IRQHandler
                0x0000000008002c6c                DMA2_Stream5_IRQHandler
                0x0000000008002c6c                PVD_IRQHandler
                0x0000000008002c6c                SDIO_IRQHandler
                0x0000000008002c6c                TAMP_STAMP_IRQHandler
                0x0000000008002c6c                CAN2_RX1_IRQHandler
                0x0000000008002c6c                EXTI3_IRQHandler
                0x0000000008002c6c                TIM8_TRG_COM_TIM14_IRQHandler
                0x0000000008002c6c                TIM1_UP_TIM10_IRQHandler
                0x0000000008002c6c                TIM8_UP_TIM13_IRQHandler
                0x0000000008002c6c                I2C3_ER_IRQHandler
                0x0000000008002c6c                EXTI0_IRQHandler
                0x0000000008002c6c                I2C2_EV_IRQHandler
                0x0000000008002c6c                DMA1_Stream2_IRQHandler
                0x0000000008002c6c                CAN1_RX0_IRQHandler
                0x0000000008002c6c                FPU_IRQHandler
                0x0000000008002c6c                OTG_HS_WKUP_IRQHandler
                0x0000000008002c6c                CAN2_SCE_IRQHandler
                0x0000000008002c6c                DMA2_Stream2_IRQHandler
                0x0000000008002c6c                TIM6_DAC_IRQHandler
                0x0000000008002c6c                TIM1_BRK_TIM9_IRQHandler
                0x0000000008002c6c                CAN2_RX0_IRQHandler
                0x0000000008002c6c                USART6_IRQHandler
                0x0000000008002c6c                USART3_IRQHandler
                0x0000000008002c6c                CAN1_RX1_IRQHandler
                0x0000000008002c6c                UART5_IRQHandler
                0x0000000008002c6c                TIM4_IRQHandler
                0x0000000008002c6c                I2C1_EV_IRQHandler
                0x0000000008002c6c                DMA1_Stream6_IRQHandler
                0x0000000008002c6c                DMA1_Stream1_IRQHandler
                0x0000000008002c6c                UART4_IRQHandler
                0x0000000008002c6c                TIM3_IRQHandler
                0x0000000008002c6c                RCC_IRQHandler
                0x0000000008002c6c                TIM8_BRK_TIM12_IRQHandler
                0x0000000008002c6c                Default_Handler
                0x0000000008002c6c                ADC_IRQHandler
                0x0000000008002c6c                DMA1_Stream7_IRQHandler
                0x0000000008002c6c                TIM7_IRQHandler
                0x0000000008002c6c                CAN2_TX_IRQHandler
                0x0000000008002c6c                TIM5_IRQHandler
                0x0000000008002c6c                DMA2_Stream7_IRQHandler
                0x0000000008002c6c                I2C3_EV_IRQHandler
                0x0000000008002c6c                EXTI9_5_IRQHandler
                0x0000000008002c6c                RTC_WKUP_IRQHandler
                0x0000000008002c6c                SPI2_IRQHandler
                0x0000000008002c6c                OTG_HS_EP1_IN_IRQHandler
                0x0000000008002c6c                DMA1_Stream0_IRQHandler
                0x0000000008002c6c                CAN1_TX_IRQHandler
                0x0000000008002c6c                EXTI4_IRQHandler
                0x0000000008002c6c                FSMC_IRQHandler
                0x0000000008002c6c                OTG_HS_EP1_OUT_IRQHandler
                0x0000000008002c6c                WWDG_IRQHandler
                0x0000000008002c6c                TIM2_IRQHandler
                0x0000000008002c6c                OTG_FS_WKUP_IRQHandler
                0x0000000008002c6c                TIM1_TRG_COM_TIM11_IRQHandler
                0x0000000008002c6c                OTG_HS_IRQHandler
                0x0000000008002c6c                EXTI1_IRQHandler
                0x0000000008002c6c                USART2_IRQHandler
                0x0000000008002c6c                I2C2_ER_IRQHandler
                0x0000000008002c6c                DMA2_Stream1_IRQHandler
                0x0000000008002c6c                CAN1_SCE_IRQHandler
                0x0000000008002c6c                FLASH_IRQHandler
                0x0000000008002c6c                DMA2_Stream4_IRQHandler
                0x0000000008002c6c                USART1_IRQHandler
                0x0000000008002c6c                OTG_FS_IRQHandler
                0x0000000008002c6c                SPI3_IRQHandler
                0x0000000008002c6c                DMA1_Stream4_IRQHandler
                0x0000000008002c6c                I2C1_ER_IRQHandler
                0x0000000008002c6c                DMA2_Stream6_IRQHandler
                0x0000000008002c6c                DMA1_Stream3_IRQHandler
 *fill*         0x0000000008002c6e        0x2 
 .text.HAL_Init
                0x0000000008002c70       0x44 Drivers/STM32F4xx_HAL_Driver/Src/stm32f4xx_hal.o
                0x0000000008002c70                HAL_Init
 .text.HAL_InitTick
                0x0000000008002cb4       0x60 Drivers/STM32F4xx_HAL_Driver/Src/stm32f4xx_hal.o
                0x0000000008002cb4                HAL_InitTick
 .text.HAL_IncTick
                0x0000000008002d14       0x28 Drivers/STM32F4xx_HAL_Driver/Src/stm32f4xx_hal.o
                0x0000000008002d14                HAL_IncTick
 .text.HAL_GetTick
                0x0000000008002d3c       0x18 Drivers/STM32F4xx_HAL_Driver/Src/stm32f4xx_hal.o
                0x0000000008002d3c                HAL_GetTick
 .text.HAL_Delay
                0x0000000008002d54       0x44 Drivers/STM32F4xx_HAL_Driver/Src/stm32f4xx_hal.o
                0x0000000008002d54                HAL_Delay
 .text.__NVIC_SetPriorityGrouping
                0x0000000008002d98       0x48 Drivers/STM32F4xx_HAL_Driver/Src/stm32f4xx_hal_cortex.o
 .text.__NVIC_GetPriorityGrouping
                0x0000000008002de0       0x1c Drivers/STM32F4xx_HAL_Driver/Src/stm32f4xx_hal_cortex.o
 .text.__NVIC_EnableIRQ
                0x0000000008002dfc       0x3c Drivers/STM32F4xx_HAL_Driver/Src/stm32f4xx_hal_cortex.o
 .text.__NVIC_DisableIRQ
                0x0000000008002e38       0x44 Drivers/STM32F4xx_HAL_Driver/Src/stm32f4xx_hal_cortex.o
 .text.__NVIC_SetPriority
                0x0000000008002e7c       0x54 Drivers/STM32F4xx_HAL_Driver/Src/stm32f4xx_hal_cortex.o
 .text.NVIC_EncodePriority
                0x0000000008002ed0       0x66 Drivers/STM32F4xx_HAL_Driver/Src/stm32f4xx_hal_cortex.o
 *fill*         0x0000000008002f36        0x2 
 .text.SysTick_Config
                0x0000000008002f38       0x44 Drivers/STM32F4xx_HAL_Driver/Src/stm32f4xx_hal_cortex.o
 .text.HAL_NVIC_SetPriorityGrouping
                0x0000000008002f7c       0x16 Drivers/STM32F4xx_HAL_Driver/Src/stm32f4xx_hal_cortex.o
                0x0000000008002f7c                HAL_NVIC_SetPriorityGrouping
 .text.HAL_NVIC_SetPriority
                0x0000000008002f92       0x38 Drivers/STM32F4xx_HAL_Driver/Src/stm32f4xx_hal_cortex.o
                0x0000000008002f92                HAL_NVIC_SetPriority
 .text.HAL_NVIC_EnableIRQ
                0x0000000008002fca       0x1c Drivers/STM32F4xx_HAL_Driver/Src/stm32f4xx_hal_cortex.o
                0x0000000008002fca                HAL_NVIC_EnableIRQ
 .text.HAL_NVIC_DisableIRQ
                0x0000000008002fe6       0x1c Drivers/STM32F4xx_HAL_Driver/Src/stm32f4xx_hal_cortex.o
                0x0000000008002fe6                HAL_NVIC_DisableIRQ
 .text.HAL_SYSTICK_Config
                0x0000000008003002       0x18 Drivers/STM32F4xx_HAL_Driver/Src/stm32f4xx_hal_cortex.o
                0x0000000008003002                HAL_SYSTICK_Config
 *fill*         0x000000000800301a        0x2 
 .text.HAL_DMA_Init
                0x000000000800301c      0x15c Drivers/STM32F4xx_HAL_Driver/Src/stm32f4xx_hal_dma.o
                0x000000000800301c                HAL_DMA_Init
 .text.HAL_DMA_Start_IT
                0x0000000008003178       0xb0 Drivers/STM32F4xx_HAL_Driver/Src/stm32f4xx_hal_dma.o
                0x0000000008003178                HAL_DMA_Start_IT
 .text.HAL_DMA_Abort_IT
                0x0000000008003228       0x44 Drivers/STM32F4xx_HAL_Driver/Src/stm32f4xx_hal_dma.o
                0x0000000008003228                HAL_DMA_Abort_IT
 .text.HAL_DMA_IRQHandler
                0x000000000800326c      0x314 Drivers/STM32F4xx_HAL_Driver/Src/stm32f4xx_hal_dma.o
                0x000000000800326c                HAL_DMA_IRQHandler
 .text.DMA_SetConfig
                0x0000000008003580       0x5c Drivers/STM32F4xx_HAL_Driver/Src/stm32f4xx_hal_dma.o
 .text.DMA_CalcBaseAndBitshift
                0x00000000080035dc       0x6c Drivers/STM32F4xx_HAL_Driver/Src/stm32f4xx_hal_dma.o
 .text.DMA_CheckFifoParam
                0x0000000008003648       0xf4 Drivers/STM32F4xx_HAL_Driver/Src/stm32f4xx_hal_dma.o
 .text.HAL_GPIO_Init
                0x000000000800373c      0x334 Drivers/STM32F4xx_HAL_Driver/Src/stm32f4xx_hal_gpio.o
                0x000000000800373c                HAL_GPIO_Init
 .text.HAL_GPIO_ReadPin
                0x0000000008003a70       0x30 Drivers/STM32F4xx_HAL_Driver/Src/stm32f4xx_hal_gpio.o
                0x0000000008003a70                HAL_GPIO_ReadPin
 .text.HAL_GPIO_WritePin
                0x0000000008003aa0       0x32 Drivers/STM32F4xx_HAL_Driver/Src/stm32f4xx_hal_gpio.o
                0x0000000008003aa0                HAL_GPIO_WritePin
 *fill*         0x0000000008003ad2        0x2 
 .text.HAL_GPIO_EXTI_IRQHandler
                0x0000000008003ad4       0x30 Drivers/STM32F4xx_HAL_Driver/Src/stm32f4xx_hal_gpio.o
                0x0000000008003ad4                HAL_GPIO_EXTI_IRQHandler
 .text.HAL_I2C_Init
                0x0000000008003b04      0x270 Drivers/STM32F4xx_HAL_Driver/Src/stm32f4xx_hal_i2c.o
                0x0000000008003b04                HAL_I2C_Init
 .text.HAL_RCC_OscConfig
                0x0000000008003d74      0x4e0 Drivers/STM32F4xx_HAL_Driver/Src/stm32f4xx_hal_rcc.o
                0x0000000008003d74                HAL_RCC_OscConfig
 .text.HAL_RCC_ClockConfig
                0x0000000008004254      0x1cc Drivers/STM32F4xx_HAL_Driver/Src/stm32f4xx_hal_rcc.o
                0x0000000008004254                HAL_RCC_ClockConfig
 .text.HAL_RCC_GetSysClockFreq
                0x0000000008004420      0x164 Drivers/STM32F4xx_HAL_Driver/Src/stm32f4xx_hal_rcc.o
                0x0000000008004420                HAL_RCC_GetSysClockFreq
 .text.HAL_RCC_GetHCLKFreq
                0x0000000008004584       0x18 Drivers/STM32F4xx_HAL_Driver/Src/stm32f4xx_hal_rcc.o
                0x0000000008004584                HAL_RCC_GetHCLKFreq
 .text.HAL_RCC_GetPCLK1Freq
                0x000000000800459c       0x28 Drivers/STM32F4xx_HAL_Driver/Src/stm32f4xx_hal_rcc.o
                0x000000000800459c                HAL_RCC_GetPCLK1Freq
 .text.HAL_RCC_GetPCLK2Freq
                0x00000000080045c4       0x28 Drivers/STM32F4xx_HAL_Driver/Src/stm32f4xx_hal_rcc.o
                0x00000000080045c4                HAL_RCC_GetPCLK2Freq
 .text.HAL_SPI_Init
                0x00000000080045ec       0xc8 Drivers/STM32F4xx_HAL_Driver/Src/stm32f4xx_hal_spi.o
                0x00000000080045ec                HAL_SPI_Init
 .text.HAL_SPI_Transmit_DMA
                0x00000000080046b4      0x15c Drivers/STM32F4xx_HAL_Driver/Src/stm32f4xx_hal_spi.o
                0x00000000080046b4                HAL_SPI_Transmit_DMA
 .text.HAL_SPI_IRQHandler
                0x0000000008004810      0x200 Drivers/STM32F4xx_HAL_Driver/Src/stm32f4xx_hal_spi.o
                0x0000000008004810                HAL_SPI_IRQHandler
 .text.HAL_SPI_TxHalfCpltCallback
                0x0000000008004a10       0x14 Drivers/STM32F4xx_HAL_Driver/Src/stm32f4xx_hal_spi.o
                0x0000000008004a10                HAL_SPI_TxHalfCpltCallback
 .text.HAL_SPI_ErrorCallback
                0x0000000008004a24       0x14 Drivers/STM32F4xx_HAL_Driver/Src/stm32f4xx_hal_spi.o
                0x0000000008004a24                HAL_SPI_ErrorCallback
 .text.SPI_DMATransmitCplt
                0x0000000008004a38       0xa8 Drivers/STM32F4xx_HAL_Driver/Src/stm32f4xx_hal_spi.o
 .text.SPI_DMAHalfTransmitCplt
                0x0000000008004ae0       0x1c Drivers/STM32F4xx_HAL_Driver/Src/stm32f4xx_hal_spi.o
 .text.SPI_DMAError
                0x0000000008004afc       0x40 Drivers/STM32F4xx_HAL_Driver/Src/stm32f4xx_hal_spi.o
 .text.SPI_DMAAbortOnError
                0x0000000008004b3c       0x28 Drivers/STM32F4xx_HAL_Driver/Src/stm32f4xx_hal_spi.o
 .text.SPI_WaitFlagStateUntilTimeout
                0x0000000008004b64       0xd4 Drivers/STM32F4xx_HAL_Driver/Src/stm32f4xx_hal_spi.o
 .text.SPI_EndRxTxTransaction
                0x0000000008004c38       0x84 Drivers/STM32F4xx_HAL_Driver/Src/stm32f4xx_hal_spi.o
 .text.HAL_UART_Init
                0x0000000008004cbc       0x9a Drivers/STM32F4xx_HAL_Driver/Src/stm32f4xx_hal_uart.o
                0x0000000008004cbc                HAL_UART_Init
 *fill*         0x0000000008004d56        0x2 
 .text.HAL_UART_Receive_DMA
                0x0000000008004d58      0x100 Drivers/STM32F4xx_HAL_Driver/Src/stm32f4xx_hal_uart.o
                0x0000000008004d58                HAL_UART_Receive_DMA
 .text.HAL_UART_RxHalfCpltCallback
                0x0000000008004e58       0x14 Drivers/STM32F4xx_HAL_Driver/Src/stm32f4xx_hal_uart.o
                0x0000000008004e58                HAL_UART_RxHalfCpltCallback
 .text.HAL_UART_ErrorCallback
                0x0000000008004e6c       0x14 Drivers/STM32F4xx_HAL_Driver/Src/stm32f4xx_hal_uart.o
                0x0000000008004e6c                HAL_UART_ErrorCallback
 .text.UART_DMAReceiveCplt
                0x0000000008004e80       0x68 Drivers/STM32F4xx_HAL_Driver/Src/stm32f4xx_hal_uart.o
 .text.UART_DMARxHalfCplt
                0x0000000008004ee8       0x1c Drivers/STM32F4xx_HAL_Driver/Src/stm32f4xx_hal_uart.o
 .text.UART_DMAError
                0x0000000008004f04       0x94 Drivers/STM32F4xx_HAL_Driver/Src/stm32f4xx_hal_uart.o
 .text.UART_EndTxTransfer
                0x0000000008004f98       0x2c Drivers/STM32F4xx_HAL_Driver/Src/stm32f4xx_hal_uart.o
 .text.UART_EndRxTransfer
                0x0000000008004fc4       0x3c Drivers/STM32F4xx_HAL_Driver/Src/stm32f4xx_hal_uart.o
 .text.UART_SetConfig
                0x0000000008005000      0x6f8 Drivers/STM32F4xx_HAL_Driver/Src/stm32f4xx_hal_uart.o
 .text.LL_GPIO_SetPinMode
                0x00000000080056f8       0x5e Drivers/STM32F4xx_HAL_Driver/Src/stm32f4xx_ll_gpio.o
 .text.LL_GPIO_SetPinOutputType
                0x0000000008005756       0x30 Drivers/STM32F4xx_HAL_Driver/Src/stm32f4xx_ll_gpio.o
 .text.LL_GPIO_SetPinSpeed
                0x0000000008005786       0x5e Drivers/STM32F4xx_HAL_Driver/Src/stm32f4xx_ll_gpio.o
 .text.LL_GPIO_SetPinPull
                0x00000000080057e4       0x5e Drivers/STM32F4xx_HAL_Driver/Src/stm32f4xx_ll_gpio.o
 .text.LL_GPIO_SetAFPin_0_7
                0x0000000008005842       0x5e Drivers/STM32F4xx_HAL_Driver/Src/stm32f4xx_ll_gpio.o
 .text.LL_GPIO_SetAFPin_8_15
                0x00000000080058a0       0x62 Drivers/STM32F4xx_HAL_Driver/Src/stm32f4xx_ll_gpio.o
 .text.LL_GPIO_Init
                0x0000000008005902       0xe6 Drivers/STM32F4xx_HAL_Driver/Src/stm32f4xx_ll_gpio.o
                0x0000000008005902                LL_GPIO_Init
 .text.LL_SPI_IsEnabled
                0x00000000080059e8       0x26 Drivers/STM32F4xx_HAL_Driver/Src/stm32f4xx_ll_spi.o
 .text.LL_SPI_SetCRCPolynomial
                0x0000000008005a0e       0x20 Drivers/STM32F4xx_HAL_Driver/Src/stm32f4xx_ll_spi.o
 .text.LL_SPI_Init
                0x0000000008005a2e       0xa4 Drivers/STM32F4xx_HAL_Driver/Src/stm32f4xx_ll_spi.o
                0x0000000008005a2e                LL_SPI_Init
 *fill*         0x0000000008005ad2        0x2 
 .text.__errno  0x0000000008005ad4        0xc c:/st/stm32cubeide_1.3.0/stm32cubeide/plugins/com.st.stm32cube.ide.mcu.externaltools.gnu-tools-for-stm32.7-2018-q2-update.win32_1.4.0.202007081208/tools/bin/../lib/gcc/arm-none-eabi/7.3.1/../../../../arm-none-eabi/lib/thumb/v7e-m/fpv4-sp/hard\libc_nano.a(lib_a-errno.o)
                0x0000000008005ad4                __errno
 .text.__libc_init_array
                0x0000000008005ae0       0x48 c:/st/stm32cubeide_1.3.0/stm32cubeide/plugins/com.st.stm32cube.ide.mcu.externaltools.gnu-tools-for-stm32.7-2018-q2-update.win32_1.4.0.202007081208/tools/bin/../lib/gcc/arm-none-eabi/7.3.1/../../../../arm-none-eabi/lib/thumb/v7e-m/fpv4-sp/hard\libc_nano.a(lib_a-init.o)
                0x0000000008005ae0                __libc_init_array
 .text.memset   0x0000000008005b28       0x10 c:/st/stm32cubeide_1.3.0/stm32cubeide/plugins/com.st.stm32cube.ide.mcu.externaltools.gnu-tools-for-stm32.7-2018-q2-update.win32_1.4.0.202007081208/tools/bin/../lib/gcc/arm-none-eabi/7.3.1/../../../../arm-none-eabi/lib/thumb/v7e-m/fpv4-sp/hard\libc_nano.a(lib_a-memset.o)
                0x0000000008005b28                memset
 .text.asinf    0x0000000008005b38       0xb0 c:/st/stm32cubeide_1.3.0/stm32cubeide/plugins/com.st.stm32cube.ide.mcu.externaltools.gnu-tools-for-stm32.7-2018-q2-update.win32_1.4.0.202007081208/tools/bin/../lib/gcc/arm-none-eabi/7.3.1/../../../../arm-none-eabi/lib/thumb/v7e-m/fpv4-sp/hard\libm.a(lib_a-wf_asin.o)
                0x0000000008005b38                asinf
 .text.atan2f   0x0000000008005be8        0x4 c:/st/stm32cubeide_1.3.0/stm32cubeide/plugins/com.st.stm32cube.ide.mcu.externaltools.gnu-tools-for-stm32.7-2018-q2-update.win32_1.4.0.202007081208/tools/bin/../lib/gcc/arm-none-eabi/7.3.1/../../../../arm-none-eabi/lib/thumb/v7e-m/fpv4-sp/hard\libm.a(lib_a-wf_atan2.o)
                0x0000000008005be8                atan2f
 .text.powf     0x0000000008005bec      0x2c8 c:/st/stm32cubeide_1.3.0/stm32cubeide/plugins/com.st.stm32cube.ide.mcu.externaltools.gnu-tools-for-stm32.7-2018-q2-update.win32_1.4.0.202007081208/tools/bin/../lib/gcc/arm-none-eabi/7.3.1/../../../../arm-none-eabi/lib/thumb/v7e-m/fpv4-sp/hard\libm.a(lib_a-wf_pow.o)
                0x0000000008005bec                powf
 .text.__ieee754_asinf
                0x0000000008005eb4      0x1d0 c:/st/stm32cubeide_1.3.0/stm32cubeide/plugins/com.st.stm32cube.ide.mcu.externaltools.gnu-tools-for-stm32.7-2018-q2-update.win32_1.4.0.202007081208/tools/bin/../lib/gcc/arm-none-eabi/7.3.1/../../../../arm-none-eabi/lib/thumb/v7e-m/fpv4-sp/hard\libm.a(lib_a-ef_asin.o)
                0x0000000008005eb4                __ieee754_asinf
 .text.__ieee754_atan2f
                0x0000000008006084      0x15c c:/st/stm32cubeide_1.3.0/stm32cubeide/plugins/com.st.stm32cube.ide.mcu.externaltools.gnu-tools-for-stm32.7-2018-q2-update.win32_1.4.0.202007081208/tools/bin/../lib/gcc/arm-none-eabi/7.3.1/../../../../arm-none-eabi/lib/thumb/v7e-m/fpv4-sp/hard\libm.a(lib_a-ef_atan2.o)
                0x0000000008006084                __ieee754_atan2f
 .text.__ieee754_powf
                0x00000000080061e0      0x580 c:/st/stm32cubeide_1.3.0/stm32cubeide/plugins/com.st.stm32cube.ide.mcu.externaltools.gnu-tools-for-stm32.7-2018-q2-update.win32_1.4.0.202007081208/tools/bin/../lib/gcc/arm-none-eabi/7.3.1/../../../../arm-none-eabi/lib/thumb/v7e-m/fpv4-sp/hard\libm.a(lib_a-ef_pow.o)
                0x00000000080061e0                __ieee754_powf
 .text.__ieee754_sqrtf
                0x0000000008006760        0x6 c:/st/stm32cubeide_1.3.0/stm32cubeide/plugins/com.st.stm32cube.ide.mcu.externaltools.gnu-tools-for-stm32.7-2018-q2-update.win32_1.4.0.202007081208/tools/bin/../lib/gcc/arm-none-eabi/7.3.1/../../../../arm-none-eabi/lib/thumb/v7e-m/fpv4-sp/hard\libm.a(lib_a-ef_sqrt.o)
                0x0000000008006760                __ieee754_sqrtf
 .text.matherr  0x0000000008006766        0x4 c:/st/stm32cubeide_1.3.0/stm32cubeide/plugins/com.st.stm32cube.ide.mcu.externaltools.gnu-tools-for-stm32.7-2018-q2-update.win32_1.4.0.202007081208/tools/bin/../lib/gcc/arm-none-eabi/7.3.1/../../../../arm-none-eabi/lib/thumb/v7e-m/fpv4-sp/hard\libm.a(lib_a-s_matherr.o)
                0x0000000008006766                matherr
 *fill*         0x000000000800676a        0x6 
 .text.nan      0x0000000008006770       0x10 c:/st/stm32cubeide_1.3.0/stm32cubeide/plugins/com.st.stm32cube.ide.mcu.externaltools.gnu-tools-for-stm32.7-2018-q2-update.win32_1.4.0.202007081208/tools/bin/../lib/gcc/arm-none-eabi/7.3.1/../../../../arm-none-eabi/lib/thumb/v7e-m/fpv4-sp/hard\libm.a(lib_a-s_nan.o)
                0x0000000008006770                nan
 .text.atanf    0x0000000008006780      0x1a8 c:/st/stm32cubeide_1.3.0/stm32cubeide/plugins/com.st.stm32cube.ide.mcu.externaltools.gnu-tools-for-stm32.7-2018-q2-update.win32_1.4.0.202007081208/tools/bin/../lib/gcc/arm-none-eabi/7.3.1/../../../../arm-none-eabi/lib/thumb/v7e-m/fpv4-sp/hard\libm.a(lib_a-sf_atan.o)
                0x0000000008006780                atanf
 .text.fabsf    0x0000000008006928        0xe c:/st/stm32cubeide_1.3.0/stm32cubeide/plugins/com.st.stm32cube.ide.mcu.externaltools.gnu-tools-for-stm32.7-2018-q2-update.win32_1.4.0.202007081208/tools/bin/../lib/gcc/arm-none-eabi/7.3.1/../../../../arm-none-eabi/lib/thumb/v7e-m/fpv4-sp/hard\libm.a(lib_a-sf_fabs.o)
                0x0000000008006928                fabsf
 .text.finitef  0x0000000008006936       0x14 c:/st/stm32cubeide_1.3.0/stm32cubeide/plugins/com.st.stm32cube.ide.mcu.externaltools.gnu-tools-for-stm32.7-2018-q2-update.win32_1.4.0.202007081208/tools/bin/../lib/gcc/arm-none-eabi/7.3.1/../../../../arm-none-eabi/lib/thumb/v7e-m/fpv4-sp/hard\libm.a(lib_a-sf_finite.o)
                0x0000000008006936                finitef
 *fill*         0x000000000800694a        0x2 
 .text.nanf     0x000000000800694c        0xc c:/st/stm32cubeide_1.3.0/stm32cubeide/plugins/com.st.stm32cube.ide.mcu.externaltools.gnu-tools-for-stm32.7-2018-q2-update.win32_1.4.0.202007081208/tools/bin/../lib/gcc/arm-none-eabi/7.3.1/../../../../arm-none-eabi/lib/thumb/v7e-m/fpv4-sp/hard\libm.a(lib_a-sf_nan.o)
                0x000000000800694c                nanf
 .text.rintf    0x0000000008006958       0xb4 c:/st/stm32cubeide_1.3.0/stm32cubeide/plugins/com.st.stm32cube.ide.mcu.externaltools.gnu-tools-for-stm32.7-2018-q2-update.win32_1.4.0.202007081208/tools/bin/../lib/gcc/arm-none-eabi/7.3.1/../../../../arm-none-eabi/lib/thumb/v7e-m/fpv4-sp/hard\libm.a(lib_a-sf_rint.o)
                0x0000000008006958                rintf
 .text.scalbnf  0x0000000008006a0c       0xc0 c:/st/stm32cubeide_1.3.0/stm32cubeide/plugins/com.st.stm32cube.ide.mcu.externaltools.gnu-tools-for-stm32.7-2018-q2-update.win32_1.4.0.202007081208/tools/bin/../lib/gcc/arm-none-eabi/7.3.1/../../../../arm-none-eabi/lib/thumb/v7e-m/fpv4-sp/hard\libm.a(lib_a-sf_scalbn.o)
                0x0000000008006a0c                scalbnf
 .text.copysignf
                0x0000000008006acc       0x18 c:/st/stm32cubeide_1.3.0/stm32cubeide/plugins/com.st.stm32cube.ide.mcu.externaltools.gnu-tools-for-stm32.7-2018-q2-update.win32_1.4.0.202007081208/tools/bin/../lib/gcc/arm-none-eabi/7.3.1/../../../../arm-none-eabi/lib/thumb/v7e-m/fpv4-sp/hard\libm.a(lib_a-sf_copysign.o)
                0x0000000008006acc                copysignf
 *(.glue_7)
 .glue_7        0x0000000008006ae4        0x0 linker stubs
 *(.glue_7t)
 .glue_7t       0x0000000008006ae4        0x0 linker stubs
 *(.eh_frame)
 .eh_frame      0x0000000008006ae4        0x0 c:/st/stm32cubeide_1.3.0/stm32cubeide/plugins/com.st.stm32cube.ide.mcu.externaltools.gnu-tools-for-stm32.7-2018-q2-update.win32_1.4.0.202007081208/tools/bin/../lib/gcc/arm-none-eabi/7.3.1/thumb/v7e-m/fpv4-sp/hard/crtbegin.o
 *(.init)
 .init          0x0000000008006ae4        0x4 c:/st/stm32cubeide_1.3.0/stm32cubeide/plugins/com.st.stm32cube.ide.mcu.externaltools.gnu-tools-for-stm32.7-2018-q2-update.win32_1.4.0.202007081208/tools/bin/../lib/gcc/arm-none-eabi/7.3.1/thumb/v7e-m/fpv4-sp/hard/crti.o
                0x0000000008006ae4                _init
 .init          0x0000000008006ae8        0x8 c:/st/stm32cubeide_1.3.0/stm32cubeide/plugins/com.st.stm32cube.ide.mcu.externaltools.gnu-tools-for-stm32.7-2018-q2-update.win32_1.4.0.202007081208/tools/bin/../lib/gcc/arm-none-eabi/7.3.1/thumb/v7e-m/fpv4-sp/hard/crtn.o
 *(.fini)
 .fini          0x0000000008006af0        0x4 c:/st/stm32cubeide_1.3.0/stm32cubeide/plugins/com.st.stm32cube.ide.mcu.externaltools.gnu-tools-for-stm32.7-2018-q2-update.win32_1.4.0.202007081208/tools/bin/../lib/gcc/arm-none-eabi/7.3.1/thumb/v7e-m/fpv4-sp/hard/crti.o
                0x0000000008006af0                _fini
 .fini          0x0000000008006af4        0x8 c:/st/stm32cubeide_1.3.0/stm32cubeide/plugins/com.st.stm32cube.ide.mcu.externaltools.gnu-tools-for-stm32.7-2018-q2-update.win32_1.4.0.202007081208/tools/bin/../lib/gcc/arm-none-eabi/7.3.1/thumb/v7e-m/fpv4-sp/hard/crtn.o
                0x0000000008006afc                . = ALIGN (0x4)
                0x0000000008006afc                _etext = .

.vfp11_veneer   0x0000000008006afc        0x0
 .vfp11_veneer  0x0000000008006afc        0x0 linker stubs

.v4_bx          0x0000000008006afc        0x0
 .v4_bx         0x0000000008006afc        0x0 linker stubs

.iplt           0x0000000008006afc        0x0
 .iplt          0x0000000008006afc        0x0 c:/st/stm32cubeide_1.3.0/stm32cubeide/plugins/com.st.stm32cube.ide.mcu.externaltools.gnu-tools-for-stm32.7-2018-q2-update.win32_1.4.0.202007081208/tools/bin/../lib/gcc/arm-none-eabi/7.3.1/thumb/v7e-m/fpv4-sp/hard/crtbegin.o

.rodata         0x0000000008006afc       0x6c
                0x0000000008006afc                . = ALIGN (0x4)
 *(.rodata)
 *(.rodata*)
 .rodata.AHBPrescTable
                0x0000000008006afc       0x10 Core/Src/system_stm32f4xx.o
                0x0000000008006afc                AHBPrescTable
 .rodata.APBPrescTable
                0x0000000008006b0c        0x8 Core/Src/system_stm32f4xx.o
                0x0000000008006b0c                APBPrescTable
 .rodata.flagBitshiftOffset.7911
                0x0000000008006b14        0x8 Drivers/STM32F4xx_HAL_Driver/Src/stm32f4xx_hal_dma.o
 .rodata.asinf.str1.1
                0x0000000008006b1c        0x6 c:/st/stm32cubeide_1.3.0/stm32cubeide/plugins/com.st.stm32cube.ide.mcu.externaltools.gnu-tools-for-stm32.7-2018-q2-update.win32_1.4.0.202007081208/tools/bin/../lib/gcc/arm-none-eabi/7.3.1/../../../../arm-none-eabi/lib/thumb/v7e-m/fpv4-sp/hard\libm.a(lib_a-wf_asin.o)
                                          0x7 (size before relaxing)
 .rodata.powf.str1.1
                0x0000000008006b22        0x5 c:/st/stm32cubeide_1.3.0/stm32cubeide/plugins/com.st.stm32cube.ide.mcu.externaltools.gnu-tools-for-stm32.7-2018-q2-update.win32_1.4.0.202007081208/tools/bin/../lib/gcc/arm-none-eabi/7.3.1/../../../../arm-none-eabi/lib/thumb/v7e-m/fpv4-sp/hard\libm.a(lib_a-wf_pow.o)
 .rodata.__ieee754_powf.str1.1
                0x0000000008006b27        0x1 c:/st/stm32cubeide_1.3.0/stm32cubeide/plugins/com.st.stm32cube.ide.mcu.externaltools.gnu-tools-for-stm32.7-2018-q2-update.win32_1.4.0.202007081208/tools/bin/../lib/gcc/arm-none-eabi/7.3.1/../../../../arm-none-eabi/lib/thumb/v7e-m/fpv4-sp/hard\libm.a(lib_a-ef_pow.o)
 *fill*         0x0000000008006b27        0x1 
 .rodata.bp     0x0000000008006b28        0x8 c:/st/stm32cubeide_1.3.0/stm32cubeide/plugins/com.st.stm32cube.ide.mcu.externaltools.gnu-tools-for-stm32.7-2018-q2-update.win32_1.4.0.202007081208/tools/bin/../lib/gcc/arm-none-eabi/7.3.1/../../../../arm-none-eabi/lib/thumb/v7e-m/fpv4-sp/hard\libm.a(lib_a-ef_pow.o)
 .rodata.dp_h   0x0000000008006b30        0x8 c:/st/stm32cubeide_1.3.0/stm32cubeide/plugins/com.st.stm32cube.ide.mcu.externaltools.gnu-tools-for-stm32.7-2018-q2-update.win32_1.4.0.202007081208/tools/bin/../lib/gcc/arm-none-eabi/7.3.1/../../../../arm-none-eabi/lib/thumb/v7e-m/fpv4-sp/hard\libm.a(lib_a-ef_pow.o)
 .rodata.dp_l   0x0000000008006b38        0x8 c:/st/stm32cubeide_1.3.0/stm32cubeide/plugins/com.st.stm32cube.ide.mcu.externaltools.gnu-tools-for-stm32.7-2018-q2-update.win32_1.4.0.202007081208/tools/bin/../lib/gcc/arm-none-eabi/7.3.1/../../../../arm-none-eabi/lib/thumb/v7e-m/fpv4-sp/hard\libm.a(lib_a-ef_pow.o)
 .rodata.atanhi
                0x0000000008006b40       0x10 c:/st/stm32cubeide_1.3.0/stm32cubeide/plugins/com.st.stm32cube.ide.mcu.externaltools.gnu-tools-for-stm32.7-2018-q2-update.win32_1.4.0.202007081208/tools/bin/../lib/gcc/arm-none-eabi/7.3.1/../../../../arm-none-eabi/lib/thumb/v7e-m/fpv4-sp/hard\libm.a(lib_a-sf_atan.o)
 .rodata.atanlo
                0x0000000008006b50       0x10 c:/st/stm32cubeide_1.3.0/stm32cubeide/plugins/com.st.stm32cube.ide.mcu.externaltools.gnu-tools-for-stm32.7-2018-q2-update.win32_1.4.0.202007081208/tools/bin/../lib/gcc/arm-none-eabi/7.3.1/../../../../arm-none-eabi/lib/thumb/v7e-m/fpv4-sp/hard\libm.a(lib_a-sf_atan.o)
 .rodata.TWO23  0x0000000008006b60        0x8 c:/st/stm32cubeide_1.3.0/stm32cubeide/plugins/com.st.stm32cube.ide.mcu.externaltools.gnu-tools-for-stm32.7-2018-q2-update.win32_1.4.0.202007081208/tools/bin/../lib/gcc/arm-none-eabi/7.3.1/../../../../arm-none-eabi/lib/thumb/v7e-m/fpv4-sp/hard\libm.a(lib_a-sf_rint.o)
                0x0000000008006b68                . = ALIGN (0x4)

.ARM.extab      0x0000000008006b68        0x0
                0x0000000008006b68                . = ALIGN (0x4)
 *(.ARM.extab* .gnu.linkonce.armextab.*)
                0x0000000008006b68                . = ALIGN (0x4)

.ARM            0x0000000008006b68        0x8
                0x0000000008006b68                . = ALIGN (0x4)
                0x0000000008006b68                __exidx_start = .
 *(.ARM.exidx*)
 .ARM.exidx     0x0000000008006b68        0x8 c:/st/stm32cubeide_1.3.0/stm32cubeide/plugins/com.st.stm32cube.ide.mcu.externaltools.gnu-tools-for-stm32.7-2018-q2-update.win32_1.4.0.202007081208/tools/bin/../lib/gcc/arm-none-eabi/7.3.1/thumb/v7e-m/fpv4-sp/hard\libgcc.a(_udivmoddi4.o)
                0x0000000008006b70                __exidx_end = .
                0x0000000008006b70                . = ALIGN (0x4)

.rel.dyn        0x0000000008006b70        0x0
 .rel.iplt      0x0000000008006b70        0x0 c:/st/stm32cubeide_1.3.0/stm32cubeide/plugins/com.st.stm32cube.ide.mcu.externaltools.gnu-tools-for-stm32.7-2018-q2-update.win32_1.4.0.202007081208/tools/bin/../lib/gcc/arm-none-eabi/7.3.1/thumb/v7e-m/fpv4-sp/hard/crtbegin.o

.preinit_array  0x0000000008006b70        0x0
                0x0000000008006b70                . = ALIGN (0x4)
                0x0000000008006b70                PROVIDE (__preinit_array_start = .)
 *(.preinit_array*)
                0x0000000008006b70                PROVIDE (__preinit_array_end = .)
                0x0000000008006b70                . = ALIGN (0x4)

.init_array     0x0000000008006b70        0x4
                0x0000000008006b70                . = ALIGN (0x4)
                0x0000000008006b70                PROVIDE (__init_array_start = .)
 *(SORT_BY_NAME(.init_array.*))
 *(.init_array*)
 .init_array    0x0000000008006b70        0x4 c:/st/stm32cubeide_1.3.0/stm32cubeide/plugins/com.st.stm32cube.ide.mcu.externaltools.gnu-tools-for-stm32.7-2018-q2-update.win32_1.4.0.202007081208/tools/bin/../lib/gcc/arm-none-eabi/7.3.1/thumb/v7e-m/fpv4-sp/hard/crtbegin.o
                0x0000000008006b74                PROVIDE (__init_array_end = .)
                0x0000000008006b74                . = ALIGN (0x4)

.fini_array     0x0000000008006b74        0x4
                0x0000000008006b74                . = ALIGN (0x4)
                [!provide]                        PROVIDE (__fini_array_start = .)
 *(SORT_BY_NAME(.fini_array.*))
 *(.fini_array*)
 .fini_array    0x0000000008006b74        0x4 c:/st/stm32cubeide_1.3.0/stm32cubeide/plugins/com.st.stm32cube.ide.mcu.externaltools.gnu-tools-for-stm32.7-2018-q2-update.win32_1.4.0.202007081208/tools/bin/../lib/gcc/arm-none-eabi/7.3.1/thumb/v7e-m/fpv4-sp/hard/crtbegin.o
                [!provide]                        PROVIDE (__fini_array_end = .)
                0x0000000008006b78                . = ALIGN (0x4)
                0x0000000008006b78                _sidata = LOADADDR (.data)

.data           0x0000000020000000       0x88 load address 0x0000000008006b78
                0x0000000020000000                . = ALIGN (0x4)
                0x0000000020000000                _sdata = .
 *(.data)
 *(.data*)
 .data.rotationVector_Q1
                0x0000000020000000        0x2 Core/Libs/bno080.o
                0x0000000020000000                rotationVector_Q1
 *fill*         0x0000000020000002        0x2 
 .data.q        0x0000000020000004       0x10 Core/Libs/bno080.o
                0x0000000020000004                q
 .data.SystemCoreClock
                0x0000000020000014        0x4 Core/Src/system_stm32f4xx.o
                0x0000000020000014                SystemCoreClock
 .data.uwTickPrio
                0x0000000020000018        0x4 Drivers/STM32F4xx_HAL_Driver/Src/stm32f4xx_hal.o
                0x0000000020000018                uwTickPrio
 .data.uwTickFreq
                0x000000002000001c        0x1 Drivers/STM32F4xx_HAL_Driver/Src/stm32f4xx_hal.o
                0x000000002000001c                uwTickFreq
 *fill*         0x000000002000001d        0x3 
 .data._impure_ptr
                0x0000000020000020        0x4 c:/st/stm32cubeide_1.3.0/stm32cubeide/plugins/com.st.stm32cube.ide.mcu.externaltools.gnu-tools-for-stm32.7-2018-q2-update.win32_1.4.0.202007081208/tools/bin/../lib/gcc/arm-none-eabi/7.3.1/../../../../arm-none-eabi/lib/thumb/v7e-m/fpv4-sp/hard\libc_nano.a(lib_a-impure.o)
                0x0000000020000020                _impure_ptr
 .data.impure_data
                0x0000000020000024       0x60 c:/st/stm32cubeide_1.3.0/stm32cubeide/plugins/com.st.stm32cube.ide.mcu.externaltools.gnu-tools-for-stm32.7-2018-q2-update.win32_1.4.0.202007081208/tools/bin/../lib/gcc/arm-none-eabi/7.3.1/../../../../arm-none-eabi/lib/thumb/v7e-m/fpv4-sp/hard\libc_nano.a(lib_a-impure.o)
 .data.__fdlib_version
                0x0000000020000084        0x1 c:/st/stm32cubeide_1.3.0/stm32cubeide/plugins/com.st.stm32cube.ide.mcu.externaltools.gnu-tools-for-stm32.7-2018-q2-update.win32_1.4.0.202007081208/tools/bin/../lib/gcc/arm-none-eabi/7.3.1/../../../../arm-none-eabi/lib/thumb/v7e-m/fpv4-sp/hard\libm.a(lib_a-s_lib_ver.o)
                0x0000000020000084                __fdlib_version
                0x0000000020000088                . = ALIGN (0x4)
 *fill*         0x0000000020000085        0x3 
                0x0000000020000088                _edata = .

.igot.plt       0x0000000020000088        0x0 load address 0x0000000008006c00
 .igot.plt      0x0000000020000088        0x0 c:/st/stm32cubeide_1.3.0/stm32cubeide/plugins/com.st.stm32cube.ide.mcu.externaltools.gnu-tools-for-stm32.7-2018-q2-update.win32_1.4.0.202007081208/tools/bin/../lib/gcc/arm-none-eabi/7.3.1/thumb/v7e-m/fpv4-sp/hard/crtbegin.o
                0x0000000020000088                . = ALIGN (0x4)

.bss            0x0000000020000088      0x5a4 load address 0x0000000008006c00
                0x0000000020000088                _sbss = .
                0x0000000020000088                __bss_start__ = _sbss
 *(.bss)
 .bss           0x0000000020000088       0x1c c:/st/stm32cubeide_1.3.0/stm32cubeide/plugins/com.st.stm32cube.ide.mcu.externaltools.gnu-tools-for-stm32.7-2018-q2-update.win32_1.4.0.202007081208/tools/bin/../lib/gcc/arm-none-eabi/7.3.1/thumb/v7e-m/fpv4-sp/hard/crtbegin.o
 *(.bss*)
 .bss.sequenceNumber
                0x00000000200000a4        0x6 Core/Libs/bno080.o
                0x00000000200000a4                sequenceNumber
 .bss.rawQuatI  0x00000000200000aa        0x2 Core/Libs/bno080.o
                0x00000000200000aa                rawQuatI
 .bss.rawQuatJ  0x00000000200000ac        0x2 Core/Libs/bno080.o
                0x00000000200000ac                rawQuatJ
 .bss.rawQuatK  0x00000000200000ae        0x2 Core/Libs/bno080.o
                0x00000000200000ae                rawQuatK
 .bss.rawQuatReal
                0x00000000200000b0        0x2 Core/Libs/bno080.o
                0x00000000200000b0                rawQuatReal
 .bss.rawQuatRadianAccuracy
                0x00000000200000b2        0x2 Core/Libs/bno080.o
                0x00000000200000b2                rawQuatRadianAccuracy
 .bss.quatAccuracy
                0x00000000200000b4        0x2 Core/Libs/bno080.o
                0x00000000200000b4                quatAccuracy
 .bss.bno_read_done
                0x00000000200000b6        0x1 Core/Libs/bno080.o
                0x00000000200000b6                bno_read_done
 .bss.vall      0x00000000200000b7        0x1 Core/Libs/bno080.o
                0x00000000200000b7                vall
 .bss.pin_state
                0x00000000200000b8        0x1 Core/Src/main.o
                0x00000000200000b8                pin_state
 *(COMMON)
 *fill*         0x00000000200000b9        0x3 
 COMMON         0x00000000200000bc        0xc Core/Libs/Quaternion.o
                0x00000000200000bc                BNO080_Roll
                0x00000000200000c0                BNO080_Yaw
                0x00000000200000c4                BNO080_Pitch
 COMMON         0x00000000200000c8       0xde Core/Libs/bno080.o
                0x00000000200000c8                shtpHeader
                0x00000000200000cc                magAccuracy
                0x00000000200000d0                quatRadianAccuracy
                0x00000000200000d4                timeStamp
                0x00000000200000d8                rawLinAccelX
                0x00000000200000dc                metaData
                0x0000000020000100                rawGyroZ
                0x0000000020000102                rawGyroY
                0x0000000020000104                rawMagX
                0x0000000020000106                accelLinAccuracy
                0x0000000020000108                rawMagZ
                0x000000002000010a                rawAccelZ
                0x000000002000010c                _activityConfidences
                0x0000000020000110                rawLinAccelZ
                0x0000000020000112                gyroAccuracy
                0x0000000020000114                rawGyroX
                0x0000000020000116                stabilityClassifier
                0x0000000020000118                shtpData
                0x0000000020000198                rawAccelX
                0x000000002000019a                activityClassifier
                0x000000002000019b                calibrationStatus
                0x000000002000019c                rawLinAccelY
                0x000000002000019e                rawMagY
                0x00000000200001a0                accelAccuracy
                0x00000000200001a2                rawAccelY
                0x00000000200001a4                stepCount
 *fill*         0x00000000200001a6        0x2 
 COMMON         0x00000000200001a8      0x20c Core/Libs/ubx_gnss.o
                0x00000000200001a8                rxString
                0x00000000200002a8                GNSSrx
                0x00000000200003b0                rxBufferGNSSp
 COMMON         0x00000000200003b4       0x54 Core/Src/i2c.o
                0x00000000200003b4                hi2c1
 COMMON         0x0000000020000408       0x68 Core/Src/main.o
                0x0000000020000408                spi_data
                0x0000000020000460                sens
 COMMON         0x0000000020000470      0x118 Core/Src/spi.o
                0x0000000020000470                hspi1
                0x00000000200004c8                hdma_spi1_rx
                0x0000000020000528                hdma_spi1_tx
 COMMON         0x0000000020000588       0xa0 Core/Src/usart.o
                0x0000000020000588                hdma_usart2_rx
                0x00000000200005e8                huart2
 COMMON         0x0000000020000628        0x4 Drivers/STM32F4xx_HAL_Driver/Src/stm32f4xx_hal.o
                0x0000000020000628                uwTick
                0x000000002000062c                . = ALIGN (0x4)
                0x000000002000062c                _ebss = .
                0x000000002000062c                __bss_end__ = _ebss

._user_heap_stack
                0x000000002000062c     0x6004 load address 0x0000000008006c00
                0x0000000020000630                . = ALIGN (0x8)
 *fill*         0x000000002000062c        0x4 
                [!provide]                        PROVIDE (end = .)
                0x0000000020000630                PROVIDE (_end = .)
                0x0000000020002630                . = (. + _Min_Heap_Size)
 *fill*         0x0000000020000630     0x2000 
                0x0000000020006630                . = (. + _Min_Stack_Size)
 *fill*         0x0000000020002630     0x4000 
                0x0000000020006630                . = ALIGN (0x8)

/DISCARD/
 libc.a(*)
 libm.a(*)
 libgcc.a(*)

.ARM.attributes
                0x0000000000000000       0x30
 *(.ARM.attributes)
 .ARM.attributes
                0x0000000000000000       0x22 c:/st/stm32cubeide_1.3.0/stm32cubeide/plugins/com.st.stm32cube.ide.mcu.externaltools.gnu-tools-for-stm32.7-2018-q2-update.win32_1.4.0.202007081208/tools/bin/../lib/gcc/arm-none-eabi/7.3.1/thumb/v7e-m/fpv4-sp/hard/crti.o
 .ARM.attributes
                0x0000000000000022       0x34 c:/st/stm32cubeide_1.3.0/stm32cubeide/plugins/com.st.stm32cube.ide.mcu.externaltools.gnu-tools-for-stm32.7-2018-q2-update.win32_1.4.0.202007081208/tools/bin/../lib/gcc/arm-none-eabi/7.3.1/thumb/v7e-m/fpv4-sp/hard/crtbegin.o
 .ARM.attributes
                0x0000000000000056       0x39 Core/Libs/Quaternion.o
 .ARM.attributes
                0x000000000000008f       0x39 Core/Libs/bno080.o
 .ARM.attributes
                0x00000000000000c8       0x39 Core/Libs/ubx_gnss.o
 .ARM.attributes
                0x0000000000000101       0x39 Core/Src/dma.o
 .ARM.attributes
                0x000000000000013a       0x39 Core/Src/gpio.o
 .ARM.attributes
                0x0000000000000173       0x39 Core/Src/i2c.o
 .ARM.attributes
                0x00000000000001ac       0x39 Core/Src/main.o
 .ARM.attributes
                0x00000000000001e5       0x39 Core/Src/spi.o
 .ARM.attributes
                0x000000000000021e       0x39 Core/Src/stm32f4xx_hal_msp.o
 .ARM.attributes
                0x0000000000000257       0x39 Core/Src/stm32f4xx_it.o
 .ARM.attributes
                0x0000000000000290       0x39 Core/Src/system_stm32f4xx.o
 .ARM.attributes
                0x00000000000002c9       0x39 Core/Src/usart.o
 .ARM.attributes
                0x0000000000000302       0x21 Core/Startup/startup_stm32f405rgtx.o
 .ARM.attributes
                0x0000000000000323       0x39 Drivers/STM32F4xx_HAL_Driver/Src/stm32f4xx_hal.o
 .ARM.attributes
                0x000000000000035c       0x39 Drivers/STM32F4xx_HAL_Driver/Src/stm32f4xx_hal_cortex.o
 .ARM.attributes
                0x0000000000000395       0x39 Drivers/STM32F4xx_HAL_Driver/Src/stm32f4xx_hal_dma.o
 .ARM.attributes
                0x00000000000003ce       0x39 Drivers/STM32F4xx_HAL_Driver/Src/stm32f4xx_hal_gpio.o
 .ARM.attributes
                0x0000000000000407       0x39 Drivers/STM32F4xx_HAL_Driver/Src/stm32f4xx_hal_i2c.o
 .ARM.attributes
                0x0000000000000440       0x39 Drivers/STM32F4xx_HAL_Driver/Src/stm32f4xx_hal_rcc.o
 .ARM.attributes
                0x0000000000000479       0x39 Drivers/STM32F4xx_HAL_Driver/Src/stm32f4xx_hal_spi.o
 .ARM.attributes
                0x00000000000004b2       0x39 Drivers/STM32F4xx_HAL_Driver/Src/stm32f4xx_hal_uart.o
 .ARM.attributes
                0x00000000000004eb       0x39 Drivers/STM32F4xx_HAL_Driver/Src/stm32f4xx_ll_gpio.o
 .ARM.attributes
                0x0000000000000524       0x39 Drivers/STM32F4xx_HAL_Driver/Src/stm32f4xx_ll_spi.o
 .ARM.attributes
                0x000000000000055d       0x34 c:/st/stm32cubeide_1.3.0/stm32cubeide/plugins/com.st.stm32cube.ide.mcu.externaltools.gnu-tools-for-stm32.7-2018-q2-update.win32_1.4.0.202007081208/tools/bin/../lib/gcc/arm-none-eabi/7.3.1/../../../../arm-none-eabi/lib/thumb/v7e-m/fpv4-sp/hard\libc_nano.a(lib_a-errno.o)
 .ARM.attributes
                0x0000000000000591       0x34 c:/st/stm32cubeide_1.3.0/stm32cubeide/plugins/com.st.stm32cube.ide.mcu.externaltools.gnu-tools-for-stm32.7-2018-q2-update.win32_1.4.0.202007081208/tools/bin/../lib/gcc/arm-none-eabi/7.3.1/../../../../arm-none-eabi/lib/thumb/v7e-m/fpv4-sp/hard\libc_nano.a(lib_a-impure.o)
 .ARM.attributes
                0x00000000000005c5       0x34 c:/st/stm32cubeide_1.3.0/stm32cubeide/plugins/com.st.stm32cube.ide.mcu.externaltools.gnu-tools-for-stm32.7-2018-q2-update.win32_1.4.0.202007081208/tools/bin/../lib/gcc/arm-none-eabi/7.3.1/../../../../arm-none-eabi/lib/thumb/v7e-m/fpv4-sp/hard\libc_nano.a(lib_a-init.o)
 .ARM.attributes
                0x00000000000005f9       0x34 c:/st/stm32cubeide_1.3.0/stm32cubeide/plugins/com.st.stm32cube.ide.mcu.externaltools.gnu-tools-for-stm32.7-2018-q2-update.win32_1.4.0.202007081208/tools/bin/../lib/gcc/arm-none-eabi/7.3.1/../../../../arm-none-eabi/lib/thumb/v7e-m/fpv4-sp/hard\libc_nano.a(lib_a-memset.o)
 .ARM.attributes
                0x000000000000062d       0x34 c:/st/stm32cubeide_1.3.0/stm32cubeide/plugins/com.st.stm32cube.ide.mcu.externaltools.gnu-tools-for-stm32.7-2018-q2-update.win32_1.4.0.202007081208/tools/bin/../lib/gcc/arm-none-eabi/7.3.1/../../../../arm-none-eabi/lib/thumb/v7e-m/fpv4-sp/hard\libm.a(lib_a-wf_asin.o)
 .ARM.attributes
                0x0000000000000661       0x34 c:/st/stm32cubeide_1.3.0/stm32cubeide/plugins/com.st.stm32cube.ide.mcu.externaltools.gnu-tools-for-stm32.7-2018-q2-update.win32_1.4.0.202007081208/tools/bin/../lib/gcc/arm-none-eabi/7.3.1/../../../../arm-none-eabi/lib/thumb/v7e-m/fpv4-sp/hard\libm.a(lib_a-wf_atan2.o)
 .ARM.attributes
                0x0000000000000695       0x34 c:/st/stm32cubeide_1.3.0/stm32cubeide/plugins/com.st.stm32cube.ide.mcu.externaltools.gnu-tools-for-stm32.7-2018-q2-update.win32_1.4.0.202007081208/tools/bin/../lib/gcc/arm-none-eabi/7.3.1/../../../../arm-none-eabi/lib/thumb/v7e-m/fpv4-sp/hard\libm.a(lib_a-wf_pow.o)
 .ARM.attributes
                0x00000000000006c9       0x34 c:/st/stm32cubeide_1.3.0/stm32cubeide/plugins/com.st.stm32cube.ide.mcu.externaltools.gnu-tools-for-stm32.7-2018-q2-update.win32_1.4.0.202007081208/tools/bin/../lib/gcc/arm-none-eabi/7.3.1/../../../../arm-none-eabi/lib/thumb/v7e-m/fpv4-sp/hard\libm.a(lib_a-ef_asin.o)
 .ARM.attributes
                0x00000000000006fd       0x34 c:/st/stm32cubeide_1.3.0/stm32cubeide/plugins/com.st.stm32cube.ide.mcu.externaltools.gnu-tools-for-stm32.7-2018-q2-update.win32_1.4.0.202007081208/tools/bin/../lib/gcc/arm-none-eabi/7.3.1/../../../../arm-none-eabi/lib/thumb/v7e-m/fpv4-sp/hard\libm.a(lib_a-ef_atan2.o)
 .ARM.attributes
                0x0000000000000731       0x34 c:/st/stm32cubeide_1.3.0/stm32cubeide/plugins/com.st.stm32cube.ide.mcu.externaltools.gnu-tools-for-stm32.7-2018-q2-update.win32_1.4.0.202007081208/tools/bin/../lib/gcc/arm-none-eabi/7.3.1/../../../../arm-none-eabi/lib/thumb/v7e-m/fpv4-sp/hard\libm.a(lib_a-ef_pow.o)
 .ARM.attributes
                0x0000000000000765       0x34 c:/st/stm32cubeide_1.3.0/stm32cubeide/plugins/com.st.stm32cube.ide.mcu.externaltools.gnu-tools-for-stm32.7-2018-q2-update.win32_1.4.0.202007081208/tools/bin/../lib/gcc/arm-none-eabi/7.3.1/../../../../arm-none-eabi/lib/thumb/v7e-m/fpv4-sp/hard\libm.a(lib_a-ef_sqrt.o)
 .ARM.attributes
                0x0000000000000799       0x34 c:/st/stm32cubeide_1.3.0/stm32cubeide/plugins/com.st.stm32cube.ide.mcu.externaltools.gnu-tools-for-stm32.7-2018-q2-update.win32_1.4.0.202007081208/tools/bin/../lib/gcc/arm-none-eabi/7.3.1/../../../../arm-none-eabi/lib/thumb/v7e-m/fpv4-sp/hard\libm.a(lib_a-s_lib_ver.o)
 .ARM.attributes
                0x00000000000007cd       0x34 c:/st/stm32cubeide_1.3.0/stm32cubeide/plugins/com.st.stm32cube.ide.mcu.externaltools.gnu-tools-for-stm32.7-2018-q2-update.win32_1.4.0.202007081208/tools/bin/../lib/gcc/arm-none-eabi/7.3.1/../../../../arm-none-eabi/lib/thumb/v7e-m/fpv4-sp/hard\libm.a(lib_a-s_matherr.o)
 .ARM.attributes
                0x0000000000000801       0x34 c:/st/stm32cubeide_1.3.0/stm32cubeide/plugins/com.st.stm32cube.ide.mcu.externaltools.gnu-tools-for-stm32.7-2018-q2-update.win32_1.4.0.202007081208/tools/bin/../lib/gcc/arm-none-eabi/7.3.1/../../../../arm-none-eabi/lib/thumb/v7e-m/fpv4-sp/hard\libm.a(lib_a-s_nan.o)
 .ARM.attributes
                0x0000000000000835       0x34 c:/st/stm32cubeide_1.3.0/stm32cubeide/plugins/com.st.stm32cube.ide.mcu.externaltools.gnu-tools-for-stm32.7-2018-q2-update.win32_1.4.0.202007081208/tools/bin/../lib/gcc/arm-none-eabi/7.3.1/../../../../arm-none-eabi/lib/thumb/v7e-m/fpv4-sp/hard\libm.a(lib_a-sf_atan.o)
 .ARM.attributes
                0x0000000000000869       0x34 c:/st/stm32cubeide_1.3.0/stm32cubeide/plugins/com.st.stm32cube.ide.mcu.externaltools.gnu-tools-for-stm32.7-2018-q2-update.win32_1.4.0.202007081208/tools/bin/../lib/gcc/arm-none-eabi/7.3.1/../../../../arm-none-eabi/lib/thumb/v7e-m/fpv4-sp/hard\libm.a(lib_a-sf_fabs.o)
 .ARM.attributes
                0x000000000000089d       0x34 c:/st/stm32cubeide_1.3.0/stm32cubeide/plugins/com.st.stm32cube.ide.mcu.externaltools.gnu-tools-for-stm32.7-2018-q2-update.win32_1.4.0.202007081208/tools/bin/../lib/gcc/arm-none-eabi/7.3.1/../../../../arm-none-eabi/lib/thumb/v7e-m/fpv4-sp/hard\libm.a(lib_a-sf_finite.o)
 .ARM.attributes
                0x00000000000008d1       0x34 c:/st/stm32cubeide_1.3.0/stm32cubeide/plugins/com.st.stm32cube.ide.mcu.externaltools.gnu-tools-for-stm32.7-2018-q2-update.win32_1.4.0.202007081208/tools/bin/../lib/gcc/arm-none-eabi/7.3.1/../../../../arm-none-eabi/lib/thumb/v7e-m/fpv4-sp/hard\libm.a(lib_a-sf_nan.o)
 .ARM.attributes
                0x0000000000000905       0x34 c:/st/stm32cubeide_1.3.0/stm32cubeide/plugins/com.st.stm32cube.ide.mcu.externaltools.gnu-tools-for-stm32.7-2018-q2-update.win32_1.4.0.202007081208/tools/bin/../lib/gcc/arm-none-eabi/7.3.1/../../../../arm-none-eabi/lib/thumb/v7e-m/fpv4-sp/hard\libm.a(lib_a-sf_rint.o)
 .ARM.attributes
                0x0000000000000939       0x34 c:/st/stm32cubeide_1.3.0/stm32cubeide/plugins/com.st.stm32cube.ide.mcu.externaltools.gnu-tools-for-stm32.7-2018-q2-update.win32_1.4.0.202007081208/tools/bin/../lib/gcc/arm-none-eabi/7.3.1/../../../../arm-none-eabi/lib/thumb/v7e-m/fpv4-sp/hard\libm.a(lib_a-sf_scalbn.o)
 .ARM.attributes
                0x000000000000096d       0x34 c:/st/stm32cubeide_1.3.0/stm32cubeide/plugins/com.st.stm32cube.ide.mcu.externaltools.gnu-tools-for-stm32.7-2018-q2-update.win32_1.4.0.202007081208/tools/bin/../lib/gcc/arm-none-eabi/7.3.1/../../../../arm-none-eabi/lib/thumb/v7e-m/fpv4-sp/hard\libm.a(lib_a-sf_copysign.o)
 .ARM.attributes
                0x00000000000009a1       0x22 c:/st/stm32cubeide_1.3.0/stm32cubeide/plugins/com.st.stm32cube.ide.mcu.externaltools.gnu-tools-for-stm32.7-2018-q2-update.win32_1.4.0.202007081208/tools/bin/../lib/gcc/arm-none-eabi/7.3.1/thumb/v7e-m/fpv4-sp/hard\libgcc.a(_arm_addsubdf3.o)
 .ARM.attributes
                0x00000000000009c3       0x22 c:/st/stm32cubeide_1.3.0/stm32cubeide/plugins/com.st.stm32cube.ide.mcu.externaltools.gnu-tools-for-stm32.7-2018-q2-update.win32_1.4.0.202007081208/tools/bin/../lib/gcc/arm-none-eabi/7.3.1/thumb/v7e-m/fpv4-sp/hard\libgcc.a(_arm_muldivdf3.o)
 .ARM.attributes
                0x00000000000009e5       0x22 c:/st/stm32cubeide_1.3.0/stm32cubeide/plugins/com.st.stm32cube.ide.mcu.externaltools.gnu-tools-for-stm32.7-2018-q2-update.win32_1.4.0.202007081208/tools/bin/../lib/gcc/arm-none-eabi/7.3.1/thumb/v7e-m/fpv4-sp/hard\libgcc.a(_arm_truncdfsf2.o)
 .ARM.attributes
                0x0000000000000a07       0x22 c:/st/stm32cubeide_1.3.0/stm32cubeide/plugins/com.st.stm32cube.ide.mcu.externaltools.gnu-tools-for-stm32.7-2018-q2-update.win32_1.4.0.202007081208/tools/bin/../lib/gcc/arm-none-eabi/7.3.1/thumb/v7e-m/fpv4-sp/hard\libgcc.a(_aeabi_uldivmod.o)
 .ARM.attributes
                0x0000000000000a29       0x34 c:/st/stm32cubeide_1.3.0/stm32cubeide/plugins/com.st.stm32cube.ide.mcu.externaltools.gnu-tools-for-stm32.7-2018-q2-update.win32_1.4.0.202007081208/tools/bin/../lib/gcc/arm-none-eabi/7.3.1/thumb/v7e-m/fpv4-sp/hard\libgcc.a(_udivmoddi4.o)
 .ARM.attributes
                0x0000000000000a5d       0x22 c:/st/stm32cubeide_1.3.0/stm32cubeide/plugins/com.st.stm32cube.ide.mcu.externaltools.gnu-tools-for-stm32.7-2018-q2-update.win32_1.4.0.202007081208/tools/bin/../lib/gcc/arm-none-eabi/7.3.1/thumb/v7e-m/fpv4-sp/hard\libgcc.a(_dvmd_tls.o)
 .ARM.attributes
                0x0000000000000a7f       0x22 c:/st/stm32cubeide_1.3.0/stm32cubeide/plugins/com.st.stm32cube.ide.mcu.externaltools.gnu-tools-for-stm32.7-2018-q2-update.win32_1.4.0.202007081208/tools/bin/../lib/gcc/arm-none-eabi/7.3.1/thumb/v7e-m/fpv4-sp/hard/crtn.o
OUTPUT(STM32F405_DJI_rpi_shield.elf elf32-littlearm)

.debug_info     0x0000000000000000    0x1148b
 .debug_info    0x0000000000000000      0x9cc Core/Libs/Quaternion.o
 .debug_info    0x00000000000009cc     0x1c98 Core/Libs/bno080.o
 .debug_info    0x0000000000002664      0x6a7 Core/Libs/ubx_gnss.o
 .debug_info    0x0000000000002d0b      0x585 Core/Src/dma.o
 .debug_info    0x0000000000003290      0x4d9 Core/Src/gpio.o
 .debug_info    0x0000000000003769      0x9ee Core/Src/i2c.o
 .debug_info    0x0000000000004157     0x1cb4 Core/Src/main.o
 .debug_info    0x0000000000005e0b      0xde5 Core/Src/spi.o
 .debug_info    0x0000000000006bf0      0x373 Core/Src/stm32f4xx_hal_msp.o
 .debug_info    0x0000000000006f63      0x769 Core/Src/stm32f4xx_it.o
 .debug_info    0x00000000000076cc      0x554 Core/Src/system_stm32f4xx.o
 .debug_info    0x0000000000007c20      0x96c Core/Src/usart.o
 .debug_info    0x000000000000858c       0x22 Core/Startup/startup_stm32f405rgtx.o
 .debug_info    0x00000000000085ae      0x933 Drivers/STM32F4xx_HAL_Driver/Src/stm32f4xx_hal.o
 .debug_info    0x0000000000008ee1      0xe16 Drivers/STM32F4xx_HAL_Driver/Src/stm32f4xx_hal_cortex.o
 .debug_info    0x0000000000009cf7      0x968 Drivers/STM32F4xx_HAL_Driver/Src/stm32f4xx_hal_dma.o
 .debug_info    0x000000000000a65f      0x7b5 Drivers/STM32F4xx_HAL_Driver/Src/stm32f4xx_hal_gpio.o
 .debug_info    0x000000000000ae14     0x23b5 Drivers/STM32F4xx_HAL_Driver/Src/stm32f4xx_hal_i2c.o
 .debug_info    0x000000000000d1c9      0x904 Drivers/STM32F4xx_HAL_Driver/Src/stm32f4xx_hal_rcc.o
 .debug_info    0x000000000000dacd     0x163a Drivers/STM32F4xx_HAL_Driver/Src/stm32f4xx_hal_spi.o
 .debug_info    0x000000000000f107     0x124c Drivers/STM32F4xx_HAL_Driver/Src/stm32f4xx_hal_uart.o
 .debug_info    0x0000000000010353      0x91b Drivers/STM32F4xx_HAL_Driver/Src/stm32f4xx_ll_gpio.o
 .debug_info    0x0000000000010c6e      0x81d Drivers/STM32F4xx_HAL_Driver/Src/stm32f4xx_ll_spi.o

.debug_abbrev   0x0000000000000000     0x2b01
 .debug_abbrev  0x0000000000000000      0x1f1 Core/Libs/Quaternion.o
 .debug_abbrev  0x00000000000001f1      0x362 Core/Libs/bno080.o
 .debug_abbrev  0x0000000000000553      0x1de Core/Libs/ubx_gnss.o
 .debug_abbrev  0x0000000000000731      0x112 Core/Src/dma.o
 .debug_abbrev  0x0000000000000843      0x134 Core/Src/gpio.o
 .debug_abbrev  0x0000000000000977      0x199 Core/Src/i2c.o
 .debug_abbrev  0x0000000000000b10      0x2ba Core/Src/main.o
 .debug_abbrev  0x0000000000000dca      0x1ff Core/Src/spi.o
 .debug_abbrev  0x0000000000000fc9      0x109 Core/Src/stm32f4xx_hal_msp.o
 .debug_abbrev  0x00000000000010d2      0x17f Core/Src/stm32f4xx_it.o
 .debug_abbrev  0x0000000000001251      0x12b Core/Src/system_stm32f4xx.o
 .debug_abbrev  0x000000000000137c      0x1aa Core/Src/usart.o
 .debug_abbrev  0x0000000000001526       0x12 Core/Startup/startup_stm32f405rgtx.o
 .debug_abbrev  0x0000000000001538      0x1c7 Drivers/STM32F4xx_HAL_Driver/Src/stm32f4xx_hal.o
 .debug_abbrev  0x00000000000016ff      0x2fa Drivers/STM32F4xx_HAL_Driver/Src/stm32f4xx_hal_cortex.o
 .debug_abbrev  0x00000000000019f9      0x229 Drivers/STM32F4xx_HAL_Driver/Src/stm32f4xx_hal_dma.o
 .debug_abbrev  0x0000000000001c22      0x1c9 Drivers/STM32F4xx_HAL_Driver/Src/stm32f4xx_hal_gpio.o
 .debug_abbrev  0x0000000000001deb      0x254 Drivers/STM32F4xx_HAL_Driver/Src/stm32f4xx_hal_i2c.o
 .debug_abbrev  0x000000000000203f      0x245 Drivers/STM32F4xx_HAL_Driver/Src/stm32f4xx_hal_rcc.o
 .debug_abbrev  0x0000000000002284      0x240 Drivers/STM32F4xx_HAL_Driver/Src/stm32f4xx_hal_spi.o
 .debug_abbrev  0x00000000000024c4      0x242 Drivers/STM32F4xx_HAL_Driver/Src/stm32f4xx_hal_uart.o
 .debug_abbrev  0x0000000000002706      0x212 Drivers/STM32F4xx_HAL_Driver/Src/stm32f4xx_ll_gpio.o
 .debug_abbrev  0x0000000000002918      0x1e9 Drivers/STM32F4xx_HAL_Driver/Src/stm32f4xx_ll_spi.o

.debug_aranges  0x0000000000000000      0xee0
 .debug_aranges
                0x0000000000000000       0x28 Core/Libs/Quaternion.o
 .debug_aranges
                0x0000000000000028      0x168 Core/Libs/bno080.o
 .debug_aranges
                0x0000000000000190       0x68 Core/Libs/ubx_gnss.o
 .debug_aranges
                0x00000000000001f8       0x20 Core/Src/dma.o
 .debug_aranges
                0x0000000000000218       0x20 Core/Src/gpio.o
 .debug_aranges
                0x0000000000000238       0x30 Core/Src/i2c.o
 .debug_aranges
                0x0000000000000268       0x48 Core/Src/main.o
 .debug_aranges
                0x00000000000002b0       0x58 Core/Src/spi.o
 .debug_aranges
                0x0000000000000308       0x20 Core/Src/stm32f4xx_hal_msp.o
 .debug_aranges
                0x0000000000000328       0x88 Core/Src/stm32f4xx_it.o
 .debug_aranges
                0x00000000000003b0       0x28 Core/Src/system_stm32f4xx.o
 .debug_aranges
                0x00000000000003d8       0x30 Core/Src/usart.o
 .debug_aranges
                0x0000000000000408       0x28 Core/Startup/startup_stm32f405rgtx.o
 .debug_aranges
                0x0000000000000430       0xf0 Drivers/STM32F4xx_HAL_Driver/Src/stm32f4xx_hal.o
 .debug_aranges
                0x0000000000000520      0x118 Drivers/STM32F4xx_HAL_Driver/Src/stm32f4xx_hal_cortex.o
 .debug_aranges
                0x0000000000000638       0x90 Drivers/STM32F4xx_HAL_Driver/Src/stm32f4xx_hal_dma.o
 .debug_aranges
                0x00000000000006c8       0x58 Drivers/STM32F4xx_HAL_Driver/Src/stm32f4xx_hal_gpio.o
 .debug_aranges
                0x0000000000000720      0x298 Drivers/STM32F4xx_HAL_Driver/Src/stm32f4xx_hal_i2c.o
 .debug_aranges
                0x00000000000009b8       0x88 Drivers/STM32F4xx_HAL_Driver/Src/stm32f4xx_hal_rcc.o
 .debug_aranges
                0x0000000000000a40      0x1d0 Drivers/STM32F4xx_HAL_Driver/Src/stm32f4xx_hal_spi.o
 .debug_aranges
                0x0000000000000c10      0x1d0 Drivers/STM32F4xx_HAL_Driver/Src/stm32f4xx_hal_uart.o
 .debug_aranges
                0x0000000000000de0       0x70 Drivers/STM32F4xx_HAL_Driver/Src/stm32f4xx_ll_gpio.o
 .debug_aranges
                0x0000000000000e50       0x90 Drivers/STM32F4xx_HAL_Driver/Src/stm32f4xx_ll_spi.o

.debug_ranges   0x0000000000000000      0xd98
 .debug_ranges  0x0000000000000000       0x18 Core/Libs/Quaternion.o
 .debug_ranges  0x0000000000000018      0x158 Core/Libs/bno080.o
 .debug_ranges  0x0000000000000170       0x58 Core/Libs/ubx_gnss.o
 .debug_ranges  0x00000000000001c8       0x10 Core/Src/dma.o
 .debug_ranges  0x00000000000001d8       0x10 Core/Src/gpio.o
 .debug_ranges  0x00000000000001e8       0x20 Core/Src/i2c.o
 .debug_ranges  0x0000000000000208       0x38 Core/Src/main.o
 .debug_ranges  0x0000000000000240       0x48 Core/Src/spi.o
 .debug_ranges  0x0000000000000288       0x10 Core/Src/stm32f4xx_hal_msp.o
 .debug_ranges  0x0000000000000298       0x78 Core/Src/stm32f4xx_it.o
 .debug_ranges  0x0000000000000310       0x18 Core/Src/system_stm32f4xx.o
 .debug_ranges  0x0000000000000328       0x20 Core/Src/usart.o
 .debug_ranges  0x0000000000000348       0x20 Core/Startup/startup_stm32f405rgtx.o
 .debug_ranges  0x0000000000000368       0xe0 Drivers/STM32F4xx_HAL_Driver/Src/stm32f4xx_hal.o
 .debug_ranges  0x0000000000000448      0x108 Drivers/STM32F4xx_HAL_Driver/Src/stm32f4xx_hal_cortex.o
 .debug_ranges  0x0000000000000550       0x80 Drivers/STM32F4xx_HAL_Driver/Src/stm32f4xx_hal_dma.o
 .debug_ranges  0x00000000000005d0       0x48 Drivers/STM32F4xx_HAL_Driver/Src/stm32f4xx_hal_gpio.o
 .debug_ranges  0x0000000000000618      0x2a8 Drivers/STM32F4xx_HAL_Driver/Src/stm32f4xx_hal_i2c.o
 .debug_ranges  0x00000000000008c0       0x78 Drivers/STM32F4xx_HAL_Driver/Src/stm32f4xx_hal_rcc.o
 .debug_ranges  0x0000000000000938      0x1c0 Drivers/STM32F4xx_HAL_Driver/Src/stm32f4xx_hal_spi.o
 .debug_ranges  0x0000000000000af8      0x1c0 Drivers/STM32F4xx_HAL_Driver/Src/stm32f4xx_hal_uart.o
 .debug_ranges  0x0000000000000cb8       0x60 Drivers/STM32F4xx_HAL_Driver/Src/stm32f4xx_ll_gpio.o
 .debug_ranges  0x0000000000000d18       0x80 Drivers/STM32F4xx_HAL_Driver/Src/stm32f4xx_ll_spi.o

.debug_macro    0x0000000000000000     0x4f4c
 .debug_macro   0x0000000000000000       0xe5 Core/Libs/Quaternion.o
 .debug_macro   0x00000000000000e5      0xa60 Core/Libs/Quaternion.o
 .debug_macro   0x0000000000000b45       0x22 Core/Libs/Quaternion.o
 .debug_macro   0x0000000000000b67       0x40 Core/Libs/Quaternion.o
 .debug_macro   0x0000000000000ba7       0x18 Core/Libs/Quaternion.o
 .debug_macro   0x0000000000000bbf       0x94 Core/Libs/Quaternion.o
 .debug_macro   0x0000000000000c53       0x3c Core/Libs/Quaternion.o
 .debug_macro   0x0000000000000c8f       0x34 Core/Libs/Quaternion.o
 .debug_macro   0x0000000000000cc3      0x174 Core/Libs/Quaternion.o
 .debug_macro   0x0000000000000e37       0x57 Core/Libs/Quaternion.o
 .debug_macro   0x0000000000000e8e       0x52 Core/Libs/Quaternion.o
 .debug_macro   0x0000000000000ee0       0x1f Core/Libs/Quaternion.o
 .debug_macro   0x0000000000000eff       0x43 Core/Libs/Quaternion.o
 .debug_macro   0x0000000000000f42       0x20 Core/Libs/Quaternion.o
 .debug_macro   0x0000000000000f62      0x1a3 Core/Libs/Quaternion.o
 .debug_macro   0x0000000000001105      0x330 Core/Libs/Quaternion.o
 .debug_macro   0x0000000000001435      0x1e1 Core/Libs/Quaternion.o
 .debug_macro   0x0000000000001616      0x30c Core/Libs/bno080.o
 .debug_macro   0x0000000000001922       0x46 Core/Libs/bno080.o
 .debug_macro   0x0000000000001968      0x32a Core/Libs/bno080.o
 .debug_macro   0x0000000000001c92      0x168 Core/Libs/bno080.o
 .debug_macro   0x0000000000001dfa      0x256 Core/Libs/ubx_gnss.o
 .debug_macro   0x0000000000002050       0x5e Core/Libs/ubx_gnss.o
 .debug_macro   0x00000000000020ae      0x251 Core/Src/dma.o
 .debug_macro   0x00000000000022ff      0x251 Core/Src/gpio.o
 .debug_macro   0x0000000000002550      0x251 Core/Src/i2c.o
 .debug_macro   0x00000000000027a1      0x376 Core/Src/main.o
 .debug_macro   0x0000000000002b17       0x16 Core/Src/main.o
 .debug_macro   0x0000000000002b2d       0x35 Core/Src/main.o
 .debug_macro   0x0000000000002b62       0x20 Core/Src/main.o
 .debug_macro   0x0000000000002b82       0x64 Core/Src/main.o
 .debug_macro   0x0000000000002be6       0x22 Core/Src/main.o
 .debug_macro   0x0000000000002c08      0x251 Core/Src/spi.o
 .debug_macro   0x0000000000002e59      0x247 Core/Src/stm32f4xx_hal_msp.o
 .debug_macro   0x00000000000030a0      0x251 Core/Src/stm32f4xx_it.o
 .debug_macro   0x00000000000032f1      0x1e4 Core/Src/system_stm32f4xx.o
 .debug_macro   0x00000000000034d5      0x251 Core/Src/usart.o
 .debug_macro   0x0000000000003726      0x23e Drivers/STM32F4xx_HAL_Driver/Src/stm32f4xx_hal.o
 .debug_macro   0x0000000000003964      0x1de Drivers/STM32F4xx_HAL_Driver/Src/stm32f4xx_hal_cortex.o
 .debug_macro   0x0000000000003b42      0x1e4 Drivers/STM32F4xx_HAL_Driver/Src/stm32f4xx_hal_dma.o
 .debug_macro   0x0000000000003d26      0x214 Drivers/STM32F4xx_HAL_Driver/Src/stm32f4xx_hal_gpio.o
 .debug_macro   0x0000000000003f3a      0x21e Drivers/STM32F4xx_HAL_Driver/Src/stm32f4xx_hal_i2c.o
 .debug_macro   0x0000000000004158      0x202 Drivers/STM32F4xx_HAL_Driver/Src/stm32f4xx_hal_rcc.o
 .debug_macro   0x000000000000435a      0x1ed Drivers/STM32F4xx_HAL_Driver/Src/stm32f4xx_hal_spi.o
 .debug_macro   0x0000000000004547      0x1df Drivers/STM32F4xx_HAL_Driver/Src/stm32f4xx_hal_uart.o
 .debug_macro   0x0000000000004726      0x220 Drivers/STM32F4xx_HAL_Driver/Src/stm32f4xx_ll_gpio.o
 .debug_macro   0x0000000000004946      0x143 Drivers/STM32F4xx_HAL_Driver/Src/stm32f4xx_ll_gpio.o
 .debug_macro   0x0000000000004a89      0x28d Drivers/STM32F4xx_HAL_Driver/Src/stm32f4xx_ll_spi.o
 .debug_macro   0x0000000000004d16      0x236 Drivers/STM32F4xx_HAL_Driver/Src/stm32f4xx_ll_spi.o

.debug_line     0x0000000000000000     0xe1fe
 .debug_line    0x0000000000000000      0x4d0 Core/Libs/Quaternion.o
 .debug_line    0x00000000000004d0      0xdd3 Core/Libs/bno080.o
 .debug_line    0x00000000000012a3      0x954 Core/Libs/ubx_gnss.o
 .debug_line    0x0000000000001bf7      0x7be Core/Src/dma.o
 .debug_line    0x00000000000023b5      0x7ef Core/Src/gpio.o
 .debug_line    0x0000000000002ba4      0x7f0 Core/Src/i2c.o
 .debug_line    0x0000000000003394      0xa18 Core/Src/main.o
 .debug_line    0x0000000000003dac      0x8be Core/Src/spi.o
 .debug_line    0x000000000000466a      0x7be Core/Src/stm32f4xx_hal_msp.o
 .debug_line    0x0000000000004e28      0x8bc Core/Src/stm32f4xx_it.o
 .debug_line    0x00000000000056e4      0x6f3 Core/Src/system_stm32f4xx.o
 .debug_line    0x0000000000005dd7      0x800 Core/Src/usart.o
 .debug_line    0x00000000000065d7       0x85 Core/Startup/startup_stm32f405rgtx.o
 .debug_line    0x000000000000665c      0x8dd Drivers/STM32F4xx_HAL_Driver/Src/stm32f4xx_hal.o
 .debug_line    0x0000000000006f39      0xa01 Drivers/STM32F4xx_HAL_Driver/Src/stm32f4xx_hal_cortex.o
 .debug_line    0x000000000000793a      0x9ab Drivers/STM32F4xx_HAL_Driver/Src/stm32f4xx_hal_dma.o
 .debug_line    0x00000000000082e5      0x8bc Drivers/STM32F4xx_HAL_Driver/Src/stm32f4xx_hal_gpio.o
 .debug_line    0x0000000000008ba1     0x1b17 Drivers/STM32F4xx_HAL_Driver/Src/stm32f4xx_hal_i2c.o
 .debug_line    0x000000000000a6b8      0x935 Drivers/STM32F4xx_HAL_Driver/Src/stm32f4xx_hal_rcc.o
 .debug_line    0x000000000000afed     0x1099 Drivers/STM32F4xx_HAL_Driver/Src/stm32f4xx_hal_spi.o
 .debug_line    0x000000000000c086      0xfeb Drivers/STM32F4xx_HAL_Driver/Src/stm32f4xx_hal_uart.o
 .debug_line    0x000000000000d071      0x8c5 Drivers/STM32F4xx_HAL_Driver/Src/stm32f4xx_ll_gpio.o
 .debug_line    0x000000000000d936      0x8c8 Drivers/STM32F4xx_HAL_Driver/Src/stm32f4xx_ll_spi.o

.debug_str      0x0000000000000000    0xc6fa9
 .debug_str     0x0000000000000000     0x6a8e Core/Libs/Quaternion.o
                                       0x6c5b (size before relaxing)
 .debug_str     0x0000000000006a8e    0xbbc6b Core/Libs/bno080.o
                                      0xc2d6d (size before relaxing)
 .debug_str     0x00000000000c26f9      0x282 Core/Libs/ubx_gnss.o
                                      0xbdfc5 (size before relaxing)
 .debug_str     0x00000000000c297b      0x125 Core/Src/dma.o
                                      0xbe2ff (size before relaxing)
 .debug_str     0x00000000000c2aa0       0x44 Core/Src/gpio.o
                                      0xbded2 (size before relaxing)
 .debug_str     0x00000000000c2ae4      0x2d4 Core/Src/i2c.o
                                      0xbe3e6 (size before relaxing)
 .debug_str     0x00000000000c2db8      0x49b Core/Src/main.o
                                      0xc303a (size before relaxing)
 .debug_str     0x00000000000c3253      0x148 Core/Src/spi.o
                                      0xbe91b (size before relaxing)
 .debug_str     0x00000000000c339b       0x2c Core/Src/stm32f4xx_hal_msp.o
                                      0xbde37 (size before relaxing)
 .debug_str     0x00000000000c33c7      0x139 Core/Src/stm32f4xx_it.o
                                      0xbe29d (size before relaxing)
 .debug_str     0x00000000000c3500       0xc4 Core/Src/system_stm32f4xx.o
                                      0xb4151 (size before relaxing)
 .debug_str     0x00000000000c35c4       0x57 Core/Src/usart.o
                                      0xbe321 (size before relaxing)
 .debug_str     0x00000000000c361b       0x36 Core/Startup/startup_stm32f405rgtx.o
                                         0x5f (size before relaxing)
 .debug_str     0x00000000000c3651      0x57e Drivers/STM32F4xx_HAL_Driver/Src/stm32f4xx_hal.o
                                      0xb4bfd (size before relaxing)
 .debug_str     0x00000000000c3bcf      0x392 Drivers/STM32F4xx_HAL_Driver/Src/stm32f4xx_hal_cortex.o
                                      0xb49ec (size before relaxing)
 .debug_str     0x00000000000c3f61      0x322 Drivers/STM32F4xx_HAL_Driver/Src/stm32f4xx_hal_dma.o
                                      0xb4566 (size before relaxing)
 .debug_str     0x00000000000c4283      0x1ec Drivers/STM32F4xx_HAL_Driver/Src/stm32f4xx_hal_gpio.o
                                      0xb4390 (size before relaxing)
 .debug_str     0x00000000000c446f      0xa73 Drivers/STM32F4xx_HAL_Driver/Src/stm32f4xx_hal_i2c.o
                                      0xb509a (size before relaxing)
 .debug_str     0x00000000000c4ee2      0x24e Drivers/STM32F4xx_HAL_Driver/Src/stm32f4xx_hal_rcc.o
                                      0xb453e (size before relaxing)
 .debug_str     0x00000000000c5130      0x52e Drivers/STM32F4xx_HAL_Driver/Src/stm32f4xx_hal_spi.o
                                      0xb49bf (size before relaxing)
 .debug_str     0x00000000000c565e      0x4a7 Drivers/STM32F4xx_HAL_Driver/Src/stm32f4xx_hal_uart.o
                                      0xb499d (size before relaxing)
 .debug_str     0x00000000000c5b05      0x678 Drivers/STM32F4xx_HAL_Driver/Src/stm32f4xx_ll_gpio.o
                                      0xb5a70 (size before relaxing)
 .debug_str     0x00000000000c617d      0xe2c Drivers/STM32F4xx_HAL_Driver/Src/stm32f4xx_ll_spi.o
                                      0xba83f (size before relaxing)

.comment        0x0000000000000000       0x7b
 .comment       0x0000000000000000       0x7b Core/Libs/Quaternion.o
                                         0x7c (size before relaxing)
 .comment       0x000000000000007b       0x7c Core/Libs/bno080.o
 .comment       0x000000000000007b       0x7c Core/Libs/ubx_gnss.o
 .comment       0x000000000000007b       0x7c Core/Src/dma.o
 .comment       0x000000000000007b       0x7c Core/Src/gpio.o
 .comment       0x000000000000007b       0x7c Core/Src/i2c.o
 .comment       0x000000000000007b       0x7c Core/Src/main.o
 .comment       0x000000000000007b       0x7c Core/Src/spi.o
 .comment       0x000000000000007b       0x7c Core/Src/stm32f4xx_hal_msp.o
 .comment       0x000000000000007b       0x7c Core/Src/stm32f4xx_it.o
 .comment       0x000000000000007b       0x7c Core/Src/system_stm32f4xx.o
 .comment       0x000000000000007b       0x7c Core/Src/usart.o
 .comment       0x000000000000007b       0x7c Drivers/STM32F4xx_HAL_Driver/Src/stm32f4xx_hal.o
 .comment       0x000000000000007b       0x7c Drivers/STM32F4xx_HAL_Driver/Src/stm32f4xx_hal_cortex.o
 .comment       0x000000000000007b       0x7c Drivers/STM32F4xx_HAL_Driver/Src/stm32f4xx_hal_dma.o
 .comment       0x000000000000007b       0x7c Drivers/STM32F4xx_HAL_Driver/Src/stm32f4xx_hal_gpio.o
 .comment       0x000000000000007b       0x7c Drivers/STM32F4xx_HAL_Driver/Src/stm32f4xx_hal_i2c.o
 .comment       0x000000000000007b       0x7c Drivers/STM32F4xx_HAL_Driver/Src/stm32f4xx_hal_rcc.o
 .comment       0x000000000000007b       0x7c Drivers/STM32F4xx_HAL_Driver/Src/stm32f4xx_hal_spi.o
 .comment       0x000000000000007b       0x7c Drivers/STM32F4xx_HAL_Driver/Src/stm32f4xx_hal_uart.o
 .comment       0x000000000000007b       0x7c Drivers/STM32F4xx_HAL_Driver/Src/stm32f4xx_ll_gpio.o
 .comment       0x000000000000007b       0x7c Drivers/STM32F4xx_HAL_Driver/Src/stm32f4xx_ll_spi.o

.debug_frame    0x0000000000000000     0x4070
 .debug_frame   0x0000000000000000       0x60 Core/Libs/Quaternion.o
 .debug_frame   0x0000000000000060      0x5b8 Core/Libs/bno080.o
 .debug_frame   0x0000000000000618      0x190 Core/Libs/ubx_gnss.o
 .debug_frame   0x00000000000007a8       0x34 Core/Src/dma.o
 .debug_frame   0x00000000000007dc       0x34 Core/Src/gpio.o
 .debug_frame   0x0000000000000810       0x74 Core/Src/i2c.o
 .debug_frame   0x0000000000000884       0xd8 Core/Src/main.o
 .debug_frame   0x000000000000095c      0x134 Core/Src/spi.o
 .debug_frame   0x0000000000000a90       0x38 Core/Src/stm32f4xx_hal_msp.o
 .debug_frame   0x0000000000000ac8      0x198 Core/Src/stm32f4xx_it.o
 .debug_frame   0x0000000000000c60       0x58 Core/Src/system_stm32f4xx.o
 .debug_frame   0x0000000000000cb8       0x74 Core/Src/usart.o
 .debug_frame   0x0000000000000d2c      0x374 Drivers/STM32F4xx_HAL_Driver/Src/stm32f4xx_hal.o
 .debug_frame   0x00000000000010a0      0x498 Drivers/STM32F4xx_HAL_Driver/Src/stm32f4xx_hal_cortex.o
 .debug_frame   0x0000000000001538      0x250 Drivers/STM32F4xx_HAL_Driver/Src/stm32f4xx_hal_dma.o
 .debug_frame   0x0000000000001788      0x14c Drivers/STM32F4xx_HAL_Driver/Src/stm32f4xx_hal_gpio.o
 .debug_frame   0x00000000000018d4      0xc38 Drivers/STM32F4xx_HAL_Driver/Src/stm32f4xx_hal_i2c.o
 .debug_frame   0x000000000000250c      0x1f0 Drivers/STM32F4xx_HAL_Driver/Src/stm32f4xx_hal_rcc.o
 .debug_frame   0x00000000000026fc      0x824 Drivers/STM32F4xx_HAL_Driver/Src/stm32f4xx_hal_spi.o
 .debug_frame   0x0000000000002f20      0x844 Drivers/STM32F4xx_HAL_Driver/Src/stm32f4xx_hal_uart.o
 .debug_frame   0x0000000000003764      0x1c0 Drivers/STM32F4xx_HAL_Driver/Src/stm32f4xx_ll_gpio.o